Archive member included to satisfy reference by file (symbol)

/home/long/github/fingerprint_keyboard/sdk/CH583EVT/EVT/EXAM/SRC/StdPeriphDriver/libISP583.a(ISP583.o)
                              ./StdPeriphDriver/CH58x_flash.o (FLASH_EEPROM_CMD)
/home/long/github/fingerprint_keyboard/sdk/CH583EVT/EVT/EXAM/BLE/LIB/libCH58xBLE.a(message.o)
                              ./Profile/hiddev.o (tmos_msg_deallocate)
/home/long/github/fingerprint_keyboard/sdk/CH583EVT/EVT/EXAM/BLE/LIB/libCH58xBLE.a(tmos.o)
                              ./Profile/battservice.o (tmos_memcpy)
/home/long/github/fingerprint_keyboard/sdk/CH583EVT/EVT/EXAM/BLE/LIB/libCH58xBLE.a(tmos_hw.o)
                              ./HAL/RTC.o (TMOS_TimerInit)
/home/long/github/fingerprint_keyboard/sdk/CH583EVT/EVT/EXAM/BLE/LIB/libCH58xBLE.a(tmos_snv.o)
                              /home/long/github/fingerprint_keyboard/sdk/CH583EVT/EVT/EXAM/BLE/LIB/libCH58xBLE.a(tmos.o) (tmos_snv_init)
/home/long/github/fingerprint_keyboard/sdk/CH583EVT/EVT/EXAM/BLE/LIB/libCH58xBLE.a(gap.o)
                              ./Profile/hiddev.o (GAP_SetParamValue)
/home/long/github/fingerprint_keyboard/sdk/CH583EVT/EVT/EXAM/BLE/LIB/libCH58xBLE.a(gap_central.o)
                              /home/long/github/fingerprint_keyboard/sdk/CH583EVT/EVT/EXAM/BLE/LIB/libCH58xBLE.a(gap.o) (gapProcessPeriodicAdvertisingSyncEstablishedEvt)
/home/long/github/fingerprint_keyboard/sdk/CH583EVT/EVT/EXAM/BLE/LIB/libCH58xBLE.a(gap_peripheral.o)
                              ./APP/hidkbd.o (GAP_ConfigDeviceAddr)
/home/long/github/fingerprint_keyboard/sdk/CH583EVT/EVT/EXAM/BLE/LIB/libCH58xBLE.a(gapgattserver.o)
                              ./APP/hidkbd.o (GGS_SetParameter)
/home/long/github/fingerprint_keyboard/sdk/CH583EVT/EVT/EXAM/BLE/LIB/libCH58xBLE.a(gatt.o)
                              ./Profile/battservice.o (GATT_bm_alloc)
/home/long/github/fingerprint_keyboard/sdk/CH583EVT/EVT/EXAM/BLE/LIB/libCH58xBLE.a(gatt_uuid.o)
                              ./Profile/battservice.o (reportRefUUID)
/home/long/github/fingerprint_keyboard/sdk/CH583EVT/EVT/EXAM/BLE/LIB/libCH58xBLE.a(gattclientapp.o)
                              /home/long/github/fingerprint_keyboard/sdk/CH583EVT/EVT/EXAM/BLE/LIB/libCH58xBLE.a(gatt.o) (gattGetClientStatus)
/home/long/github/fingerprint_keyboard/sdk/CH583EVT/EVT/EXAM/BLE/LIB/libCH58xBLE.a(gattservapp.o)
                              ./Profile/battservice.o (GATTServApp_ReadCharCfg)
/home/long/github/fingerprint_keyboard/sdk/CH583EVT/EVT/EXAM/BLE/LIB/libCH58xBLE.a(l2cap.o)
                              /home/long/github/fingerprint_keyboard/sdk/CH583EVT/EVT/EXAM/BLE/LIB/libCH58xBLE.a(gatt.o) (L2CAP_GetMTU)
/home/long/github/fingerprint_keyboard/sdk/CH583EVT/EVT/EXAM/BLE/LIB/libCH58xBLE.a(l2cap_input.o)
                              /home/long/github/fingerprint_keyboard/sdk/CH583EVT/EVT/EXAM/BLE/LIB/libCH58xBLE.a(l2cap.o) (l2capProcessRxData)
/home/long/github/fingerprint_keyboard/sdk/CH583EVT/EVT/EXAM/BLE/LIB/libCH58xBLE.a(l2cap_output.o)
                              /home/long/github/fingerprint_keyboard/sdk/CH583EVT/EVT/EXAM/BLE/LIB/libCH58xBLE.a(l2cap_input.o) (l2capNotifyData)
/home/long/github/fingerprint_keyboard/sdk/CH583EVT/EVT/EXAM/BLE/LIB/libCH58xBLE.a(l2cap_sdu.o)
                              /home/long/github/fingerprint_keyboard/sdk/CH583EVT/EVT/EXAM/BLE/LIB/libCH58xBLE.a(l2cap_input.o) (l2capBuildDisconnectRsp)
/home/long/github/fingerprint_keyboard/sdk/CH583EVT/EVT/EXAM/BLE/LIB/libCH58xBLE.a(linkdb.o)
                              /home/long/github/fingerprint_keyboard/sdk/CH583EVT/EVT/EXAM/BLE/LIB/libCH58xBLE.a(l2cap.o) (linkDB_Init)
/home/long/github/fingerprint_keyboard/sdk/CH583EVT/EVT/EXAM/BLE/LIB/libCH58xBLE.a(sm.o)
                              /home/long/github/fingerprint_keyboard/sdk/CH583EVT/EVT/EXAM/BLE/LIB/libCH58xBLE.a(gap.o) (smFreePairingParams)
/home/long/github/fingerprint_keyboard/sdk/CH583EVT/EVT/EXAM/BLE/LIB/libCH58xBLE.a(sm_initiator.o)
                              /home/long/github/fingerprint_keyboard/sdk/CH583EVT/EVT/EXAM/BLE/LIB/libCH58xBLE.a(sm.o) (smInitiatorSendNextKeyInfo)
/home/long/github/fingerprint_keyboard/sdk/CH583EVT/EVT/EXAM/BLE/LIB/libCH58xBLE.a(sm_pdu.o)
                              /home/long/github/fingerprint_keyboard/sdk/CH583EVT/EVT/EXAM/BLE/LIB/libCH58xBLE.a(sm.o) (smpBuildPairingReq)
/home/long/github/fingerprint_keyboard/sdk/CH583EVT/EVT/EXAM/BLE/LIB/libCH58xBLE.a(sm_responding.o)
                              /home/long/github/fingerprint_keyboard/sdk/CH583EVT/EVT/EXAM/BLE/LIB/libCH58xBLE.a(sm.o) (smResponderSendNextKeyInfo)
/home/long/github/fingerprint_keyboard/sdk/CH583EVT/EVT/EXAM/BLE/LIB/libCH58xBLE.a(sm_toolbox.o)
                              /home/long/github/fingerprint_keyboard/sdk/CH583EVT/EVT/EXAM/BLE/LIB/libCH58xBLE.a(sm.o) (sm_ah)
/home/long/github/fingerprint_keyboard/sdk/CH583EVT/EVT/EXAM/BLE/LIB/libCH58xBLE.a(host_input.o)
[...]
Memory Configuration

Name             Origin             Length             Attributes
FLASH            0x0000000000000000 0x0000000000070000 xr
RAM              0x0000000020000000 0x0000000000008000 xrw
*default*        0x0000000000000000 0xffffffffffffffff

Linker script and memory map

LOAD ./StdPeriphDriver/CH58x_adc.o
LOAD ./StdPeriphDriver/CH58x_clk.o
LOAD ./StdPeriphDriver/CH58x_flash.o
LOAD ./StdPeriphDriver/CH58x_gpio.o
LOAD ./StdPeriphDriver/CH58x_i2c.o
LOAD ./StdPeriphDriver/CH58x_pwm.o
LOAD ./StdPeriphDriver/CH58x_pwr.o
LOAD ./StdPeriphDriver/CH58x_spi0.o
LOAD ./StdPeriphDriver/CH58x_spi1.o
LOAD ./StdPeriphDriver/CH58x_sys.o
LOAD ./StdPeriphDriver/CH58x_timer0.o
LOAD ./StdPeriphDriver/CH58x_timer1.o
LOAD ./StdPeriphDriver/CH58x_timer2.o
LOAD ./StdPeriphDriver/CH58x_timer3.o
LOAD ./StdPeriphDriver/CH58x_uart0.o
LOAD ./StdPeriphDriver/CH58x_uart1.o
LOAD ./StdPeriphDriver/CH58x_uart2.o
LOAD ./StdPeriphDriver/CH58x_uart3.o
LOAD ./StdPeriphDriver/CH58x_usb2dev.o
LOAD ./StdPeriphDriver/CH58x_usb2hostBase.o
LOAD ./StdPeriphDriver/CH58x_usb2hostClass.o
LOAD ./StdPeriphDriver/CH58x_usbdev.o
LOAD ./StdPeriphDriver/CH58x_usbhostBase.o
LOAD ./StdPeriphDriver/CH58x_usbhostClass.o
LOAD ./Startup/startup_CH583.o
LOAD ./RVMSIS/core_riscv.o
LOAD ./Profile/battservice.o
LOAD ./Profile/devinfoservice.o
LOAD ./Profile/hiddev.o
LOAD ./Profile/hidkbdservice.o
LOAD ./Profile/scanparamservice.o
LOAD ./HAL/MCU.o
LOAD ./HAL/RTC.o
LOAD ./HAL/SLEEP.o
LOAD ./APP/hidkbd.o
LOAD ./APP/hidkbd_main.o
LOAD /home/long/github/fingerprint_keyboard/sdk/CH583EVT/EVT/EXAM/SRC/StdPeriphDriver/libISP583.a
LOAD /home/long/github/fingerprint_keyboard/sdk/CH583EVT/EVT/EXAM/BLE/LIB/libCH58xBLE.a
LOAD /home/long/github/fingerprint_keyboard/sdk/MRS_Toolchain_Linux_X64_V240/Toolchain/RISC-V Embedded GCC12/bin/../lib/gcc/riscv-wch-elf/12.2.0/../../../../riscv-wch-elf/lib/libm_nano.a
LOAD /home/long/github/fingerprint_keyboard/sdk/MRS_Toolchain_Linux_X64_V240/Toolchain/RISC-V Embedded GCC12/bin/../lib/gcc/riscv-wch-elf/12.2.0/libgcc.a
LOAD /home/long/github/fingerprint_keyboard/sdk/MRS_Toolchain_Linux_X64_V240/Toolchain/RISC-V Embedded GCC12/bin/../lib/gcc/riscv-wch-elf/12.2.0/../../../../riscv-wch-elf/lib/libg_nano.a
LOAD /home/long/github/fingerprint_keyboard/sdk/MRS_Toolchain_Linux_X64_V240/Toolchain/RISC-V Embedded GCC12/bin/../lib/gcc/riscv-wch-elf/12.2.0/../../../../riscv-wch-elf/lib/libc_nano.a
LOAD /home/long/github/fingerprint_keyboard/sdk/MRS_Toolchain_Linux_X64_V240/Toolchain/RISC-V Embedded GCC12/bin/../lib/gcc/riscv-wch-elf/12.2.0/libgcc.a
START GROUP
LOAD /home/long/github/fingerprint_keyboard/sdk/MRS_Toolchain_Linux_X64_V240/Toolchain/RISC-V Embedded GCC12/bin/../lib/gcc/riscv-wch-elf/12.2.0/libgcc.a
LOAD /home/long/github/fingerprint_keyboard/sdk/MRS_Toolchain_Linux_X64_V240/Toolchain/RISC-V Embedded GCC12/bin/../lib/gcc/riscv-wch-elf/12.2.0/../../../../riscv-wch-elf/lib/libc_nano.a
LOAD /home/long/github/fingerprint_keyboard/sdk/MRS_Toolchain_Linux_X64_V240/Toolchain/RISC-V Embedded GCC12/bin/../lib/gcc/riscv-wch-elf/12.2.0/../../../../riscv-wch-elf/lib/libnosys.a
END GROUP
START GROUP
LOAD /home/long/github/fingerprint_keyboard/sdk/MRS_Toolchain_Linux_X64_V240/Toolchain/RISC-V Embedded GCC12/bin/../lib/gcc/riscv-wch-elf/12.2.0/libgcc.a
LOAD /home/long/github/fingerprint_keyboard/sdk/MRS_Toolchain_Linux_X64_V240/Toolchain/RISC-V Embedded GCC12/bin/../lib/gcc/riscv-wch-elf/12.2.0/../../../../riscv-wch-elf/lib/libc_nano.a
LOAD /home/long/github/fingerprint_keyboard/sdk/MRS_Toolchain_Linux_X64_V240/Toolchain/RISC-V Embedded GCC12/bin/../lib/gcc/riscv-wch-elf/12.2.0/../../../../riscv-wch-elf/lib/libnosys.a
END GROUP
                0x0000000000000200                __stack_size = 0x200
                [!provide]                        PROVIDE (_stack_size = __stack_size)

.init           0x0000000000000000        0x4
                0x0000000000000000                _sinit = .
                0x0000000000000000                . = ALIGN (0x4)
 *(SORT_NONE(.init))
 .init          0x0000000000000000        0x4 ./Startup/startup_CH583.o
                0x0000000000000000                _start
                0x0000000000000004                . = ALIGN (0x4)
                0x0000000000000004                _einit = .

.highcodelalign
                0x0000000000000004        0x0
                0x0000000000000004                . = ALIGN (0x4)
                0x0000000000000004                PROVIDE (_highcode_lma = .)

.highcode       0x0000000020000000     0x2014 load address 0x0000000000000004
                0x0000000020000000                . = ALIGN (0x4)
                0x0000000020000000                PROVIDE (_highcode_vma_start = .)
 *(.vector)
 .vector        0x0000000020000000       0x90 ./Startup/startup_CH583.o
 *(SORT_NONE(.vector_handler))
 .vector_handler
                0x0000000020000090        0x2 ./Startup/startup_CH583.o
                0x0000000020000090                GPIOB_IRQHandler
                0x0000000020000090                GPIOA_IRQHandler
                0x0000000020000090                SysTick_Handler
                0x0000000020000090                NMI_Handler
                0x0000000020000090                UART1_IRQHandler
                0x0000000020000090                UART0_IRQHandler
                0x0000000020000090                BB_IRQHandler
                0x0000000020000090                Break_Point_Handler
                0x0000000020000090                TMR0_IRQHandler
                0x0000000020000090                Ecall_M_Mode_Handler
                0x0000000020000090                UART2_IRQHandler
                0x0000000020000090                PWMX_IRQHandler
                0x0000000020000090                ADC_IRQHandler
                0x0000000020000090                TMR2_IRQHandler
                0x0000000020000090                USB_IRQHandler
                0x0000000020000090                I2C_IRQHandler
                0x0000000020000090                USB2_IRQHandler
                0x0000000020000090                LLE_IRQHandler
                0x0000000020000090                WDOG_BAT_IRQHandler
                0x0000000020000090                Ecall_U_Mode_Handler
                0x0000000020000090                TMR3_IRQHandler
                0x0000000020000090                SW_Handler
                0x0000000020000090                SPI0_IRQHandler
                0x0000000020000090                UART3_IRQHandler
                0x0000000020000090                TMR1_IRQHandler
 *(.highcode)
 .highcode      0x0000000020000092       0x18 ./StdPeriphDriver/CH58x_clk.o
                0x0000000020000092                RTC_GetCycle32k
 .highcode      0x00000000200000aa      0x4d2 ./StdPeriphDriver/CH58x_sys.o
                0x00000000200000aa                SetSysClock
                0x000000002000041c                SYS_ResetExecute
                0x000000002000048c                HardFault_Handler
                0x0000000020000546                mDelayuS
                0x0000000020000554                mDelaymS
 .highcode      0x000000002000057c       0x16 ./HAL/RTC.o
                0x000000002000057c                RTC_IRQHandler
 .highcode      0x0000000020000592        0x8 ./APP/hidkbd_main.o
                0x0000000020000592                Main_Circulation
 .highcode      0x000000002000059a      0x426 /home/long/github/fingerprint_keyboard/sdk/CH583EVT/EVT/EXAM/SRC/StdPeriphDriver/libISP583.a(ISP583.o)
                0x000000002000059a                FLASH_ROM_BEG
                0x00000000200005ac                FLASH_ROM_END
                0x00000000200005ba                FLASH_ROM_IN
                0x00000000200005c8                FLASH_ROM_OUT
                0x00000000200005d6                FLASH_ROM_ADDR
                0x000000002000061e                FLASH_ROM_WAIT
                0x0000000020000656                FLASH_EEPROM_CMD
 .highcode      0x00000000200009c0      0x40c /home/long/github/fingerprint_keyboard/sdk/CH583EVT/EVT/EXAM/BLE/LIB/libCH58xBLE.a(tmos.o)
                0x00000000200009c0                tmos_memcpy
                0x00000000200009e0                tmos_memcpy_word
                0x00000000200009f8                tmos_memset
                0x0000000020000a0a                tmos_strlen
                0x0000000020000a1e                tmos_memdup
                0x0000000020000a50                tmos_memcmp
                0x0000000020000a7e                tmos_revmemcpy
                0x0000000020000a9a                tmos_isbufset
                0x0000000020000abc                tmos_proces_system_time
                0x0000000020000bf0                TMOS_SystemProcess
 .highcode      0x0000000020000dcc       0x50 /home/long/github/fingerprint_keyboard/sdk/CH583EVT/EVT/EXAM/BLE/LIB/libCH58xBLE.a(tmos_hw.o)
                0x0000000020000e16                TMOS_TimerIRQHandler
 .highcode      0x0000000020000e1c       0x4e /home/long/github/fingerprint_keyboard/sdk/CH583EVT/EVT/EXAM/BLE/LIB/libCH58xBLE.a(ll_whitelist.o)
                0x0000000020000e1c                LL_WhitelistLookup
 .highcode      0x0000000020000e6a      0x1b2 /home/long/github/fingerprint_keyboard/sdk/CH583EVT/EVT/EXAM/BLE/LIB/libCH58xBLE.a(aes.o)
                0x0000000020000e6a                AES_DevAESEnc
 .highcode      0x000000002000101c      0x14a /home/long/github/fingerprint_keyboard/sdk/CH583EVT/EVT/EXAM/BLE/LIB/libCH58xBLE.a(bb.o)
                0x000000002000101c                BB_IRQLibHandler
                0x000000002000111c                BB_IRQLibFunction
 .highcode      0x0000000020001166      0x368 /home/long/github/fingerprint_keyboard/sdk/CH583EVT/EVT/EXAM/BLE/LIB/libCH58xBLE.a(ip.o)
                0x0000000020001166                ll_rx_wait_finish
                0x00000000200011a0                ble_ll_chkcrc
                0x000000002000123e                ll_tx_wait_finish
                0x0000000020001336                BLE_CheckHoppingMap
 .highcode      0x00000000200014ce      0x254 /home/long/github/fingerprint_keyboard/sdk/CH583EVT/EVT/EXAM/BLE/LIB/libCH58xBLE.a(lle.o)
                0x00000000200014ce                LLE_IRQLibHandler
                0x00000000200016d8                LLE_IRQLibFunction
 .highcode      0x0000000020001722       0x32 /home/long/github/fingerprint_keyboard/sdk/CH583EVT/EVT/EXAM/BLE/LIB/libCH58xBLE.a(rfend.o)
                0x0000000020001722                RFEND_WaitTune
 .highcode      0x0000000020001754      0x19e /home/long/github/fingerprint_keyboard/sdk/CH583EVT/EVT/EXAM/BLE/LIB/libCH58xBLE.a(memory.o)
                0x0000000020001754                tmos_memory_allocate
                0x000000002000181a                tmos_memory_free
 .highcode      0x00000000200018f2      0x2da /home/long/github/fingerprint_keyboard/sdk/CH583EVT/EVT/EXAM/BLE/LIB/libCH58xBLE.a(ll_connect.o)
                0x00000000200018f2                ll_connect_send_data
                0x0000000020001a1e                ll_connect_recv_data
                0x0000000020001afa                ll_connect_event_continue
                0x0000000020001bc0                ll_wait_connect_event
 .highcode      0x0000000020001bcc      0x310 /home/long/github/fingerprint_keyboard/sdk/CH583EVT/EVT/EXAM/BLE/LIB/libCH58xBLE.a(ll_hop.o)
                0x0000000020001bcc                LL_HopGetChannel
                0x0000000020001c72                LL_HopGetChannel2
 .highcode      0x0000000020001edc      0x138 /home/long/github/fingerprint_keyboard/sdk/CH583EVT/EVT/EXAM/BLE/LIB/libCH58xBLE.a(ll_resolvinglist.o)
                0x0000000020001edc                ll_resolvinglist_checkRPA
                0x0000000020001f48                LL_ResolvinglistPeerIdentifyAddressGetIrk
                0x0000000020001f9c                LL_ResolvinglistPeerRpaAddressGetIrk
                0x0000000020001fd8                LL_ResolvinglistLocalRpaAddressGetIrk
 *(.highcode.*)
                0x0000000020002014                . = ALIGN (0x4)
 *fill*         0x0000000020002014        0x0 
                0x0000000020002014                PROVIDE (_highcode_vma_end = .)

.text           0x0000000000002018    0x23278
                0x0000000000002018                . = ALIGN (0x4)
 *(SORT_NONE(.handle_reset))
 .handle_reset  0x0000000000002018       0xda ./Startup/startup_CH583.o
                0x0000000000002018                handle_reset
 *(.text)
 .text          0x00000000000020f2       0x16 /home/long/github/fingerprint_keyboard/sdk/MRS_Toolchain_Linux_X64_V240/Toolchain/RISC-V Embedded GCC12/bin/../lib/gcc/riscv-wch-elf/12.2.0/../../../../riscv-wch-elf/lib/libg_nano.a(lib_a-memcpy-asm.o)
                0x00000000000020f2                memcpy
 .text          0x0000000000002108       0x10 /home/long/github/fingerprint_keyboard/sdk/MRS_Toolchain_Linux_X64_V240/Toolchain/RISC-V Embedded GCC12/bin/../lib/gcc/riscv-wch-elf/12.2.0/../../../../riscv-wch-elf/lib/libg_nano.a(lib_a-memset.o)
                0x0000000000002108                memset
 *(.text.*)
 .text.ADC_InterTSSampInit
                0x0000000000002118       0x28 ./StdPeriphDriver/CH58x_adc.o
                0x0000000000002118                ADC_InterTSSampInit
 .text.LSECFG_Current
                0x0000000000002140       0x66 ./StdPeriphDriver/CH58x_clk.o
                0x0000000000002140                LSECFG_Current
 .text.RTC_InitTime
                0x00000000000021a6      0x21a ./StdPeriphDriver/CH58x_clk.o
                0x00000000000021a6                RTC_InitTime
 .text.Calibration_LSI
                0x00000000000023c0      0x900 ./StdPeriphDriver/CH58x_clk.o
                0x00000000000023c0                Calibration_LSI
 .text.GPIOA_ModeCfg
                0x0000000000002cc0       0x9e ./StdPeriphDriver/CH58x_gpio.o
                0x0000000000002cc0                GPIOA_ModeCfg
 .text.GetSysClock
                0x0000000000002d5e       0x40 ./StdPeriphDriver/CH58x_sys.o
                0x0000000000002d5e                GetSysClock
 .text.SYS_DisableAllIrq
                0x0000000000002d9e       0x20 ./StdPeriphDriver/CH58x_sys.o
                0x0000000000002d9e                SYS_DisableAllIrq
 .text.SYS_RecoverIrq
                0x0000000000002dbe       0x14 ./StdPeriphDriver/CH58x_sys.o
                0x0000000000002dbe                SYS_RecoverIrq
 .text.SYS_GetSysTickCnt
                0x0000000000002dd2        0xa ./StdPeriphDriver/CH58x_sys.o
                0x0000000000002dd2                SYS_GetSysTickCnt
 .text._write   0x0000000000002ddc       0x28 ./StdPeriphDriver/CH58x_sys.o
                0x0000000000002ddc                _write
 .text._sbrk    0x0000000000002e04       0x2e ./StdPeriphDriver/CH58x_sys.o
                0x0000000000002e04                _sbrk
 .text.UART1_BaudRateCfg
                0x0000000000002e32       0x30 ./StdPeriphDriver/CH58x_uart1.o
                0x0000000000002e32                UART1_BaudRateCfg
 .text.UART1_DefInit
                0x0000000000002e62       0x32 ./StdPeriphDriver/CH58x_uart1.o
                0x0000000000002e62                UART1_DefInit
 .text.battMeasure
                0x0000000000002e94       0x6e ./Profile/battservice.o
 .text.battReadAttrCB
                0x0000000000002f02       0x76 ./Profile/battservice.o
 .text.battWriteAttrCB
                0x0000000000002f78       0x58 ./Profile/battservice.o
 .text.battNotifyCB
                0x0000000000002fd0       0x6e ./Profile/battservice.o
 .text.Batt_AddService
                0x000000000000303e       0x2c ./Profile/battservice.o
                0x000000000000303e                Batt_AddService
 .text.Batt_Register
                0x000000000000306a        0x6 ./Profile/battservice.o
                0x000000000000306a                Batt_Register
 .text.Batt_SetParameter
                0x0000000000003070       0x36 ./Profile/battservice.o
                0x0000000000003070                Batt_SetParameter
 .text.Batt_GetParameter
                0x00000000000030a6       0x62 ./Profile/battservice.o
                0x00000000000030a6                Batt_GetParameter
 .text.Batt_MeasLevel
                0x0000000000003108       0x2a ./Profile/battservice.o
                0x0000000000003108                Batt_MeasLevel
 .text.Batt_HandleConnStatusCB
                0x0000000000003132       0x3e ./Profile/battservice.o
                0x0000000000003132                Batt_HandleConnStatusCB
 .text.devInfo_ReadAttrCB
                0x0000000000003170      0x18e ./Profile/devinfoservice.o
 .text.DevInfo_AddService
                0x00000000000032fe       0x18 ./Profile/devinfoservice.o
                0x00000000000032fe                DevInfo_AddService
 .text.hidDevScanParamCB
                0x0000000000003316        0x2 ./Profile/hiddev.o
 .text.hidDevRptByHandle
                0x0000000000003318       0x2e ./Profile/hiddev.o
 .text.hidDevParamUpdateCB
                0x0000000000003346       0x12 ./Profile/hiddev.o
 .text.hidDevInitialAdvertising
                0x0000000000003358       0x3c ./Profile/hiddev.o
 .text.hidDevBattCB
                0x0000000000003394       0x28 ./Profile/hiddev.o
 .text.hidDevPairStateCB
                0x00000000000033bc       0x28 ./Profile/hiddev.o
 .text.hidDevPasscodeCB
                0x00000000000033e4       0x36 ./Profile/hiddev.o
 .text.HidDev_ProcessEvent
                0x000000000000341a       0xe6 ./Profile/hiddev.o
                0x000000000000341a                HidDev_ProcessEvent
 .text.hidDevGapStateCB
                0x0000000000003500      0x126 ./Profile/hiddev.o
 .text.HidDev_Init
                0x0000000000003626       0x64 ./Profile/hiddev.o
                0x0000000000003626                HidDev_Init
 .text.HidDev_Register
                0x000000000000368a        0xa ./Profile/hiddev.o
                0x000000000000368a                HidDev_Register
 .text.HidDev_RegisterReports
                0x0000000000003694        0xa ./Profile/hiddev.o
                0x0000000000003694                HidDev_RegisterReports
 .text.HidDev_Report
                0x000000000000369e      0x120 ./Profile/hiddev.o
                0x000000000000369e                HidDev_Report
 .text.HidDev_ReadAttrCB
                0x00000000000037be      0x10c ./Profile/hiddev.o
                0x00000000000037be                HidDev_ReadAttrCB
 .text.HidDev_WriteAttrCB
                0x00000000000038ca      0x138 ./Profile/hiddev.o
                0x00000000000038ca                HidDev_WriteAttrCB
 .text.Hid_AddService
                0x0000000000003a02      0x10a ./Profile/hidkbdservice.o
                0x0000000000003a02                Hid_AddService
 .text.Hid_SetParameter
                0x0000000000003b0c       0x58 ./Profile/hidkbdservice.o
                0x0000000000003b0c                Hid_SetParameter
 .text.Hid_GetParameter
                0x0000000000003b64       0x3e ./Profile/hidkbdservice.o
                0x0000000000003b64                Hid_GetParameter
 .text.scanParamReadAttrCB
                0x0000000000003ba2        0x4 ./Profile/scanparamservice.o
 .text.scanParamWriteAttrCB
                0x0000000000003ba6       0x64 ./Profile/scanparamservice.o
 .text.ScanParam_AddService
                0x0000000000003c0a       0x2c ./Profile/scanparamservice.o
                0x0000000000003c0a                ScanParam_AddService
 .text.ScanParam_Register
                0x0000000000003c36        0x6 ./Profile/scanparamservice.o
                0x0000000000003c36                ScanParam_Register
 .text.ScanParam_RefreshNotify
                0x0000000000003c3c       0x58 ./Profile/scanparamservice.o
                0x0000000000003c3c                ScanParam_RefreshNotify
 .text.ScanParam_HandleConnStatusCB
                0x0000000000003c94       0x3e ./Profile/scanparamservice.o
                0x0000000000003c94                ScanParam_HandleConnStatusCB
 .text.Lib_Calibration_LSI
                0x0000000000003cd2        0x6 ./HAL/MCU.o
                0x0000000000003cd2                Lib_Calibration_LSI
 .text.Lib_Read_Flash
                0x0000000000003cd8       0x1c ./HAL/MCU.o
                0x0000000000003cd8                Lib_Read_Flash
 .text.Lib_Write_Flash
                0x0000000000003cf4       0x3c ./HAL/MCU.o
                0x0000000000003cf4                Lib_Write_Flash
 .text.HAL_GetInterTempValue
                0x0000000000003d30       0x72 ./HAL/MCU.o
                0x0000000000003d30                HAL_GetInterTempValue
 .text.HAL_ProcessEvent
                0x0000000000003da2       0x78 ./HAL/MCU.o
                0x0000000000003da2                HAL_ProcessEvent
 .text.CH58X_BLEInit
                0x0000000000003e1a      0x124 ./HAL/MCU.o
                0x0000000000003e1a                CH58X_BLEInit
 .text.HAL_Init
                0x0000000000003f3e       0x30 ./HAL/MCU.o
                0x0000000000003f3e                HAL_Init
 .text.HAL_TimeInit
                0x0000000000003f6e       0xdc ./HAL/RTC.o
                0x0000000000003f6e                HAL_TimeInit
 .text.hidEmuEvtCB
                0x000000000000404a        0x2 ./APP/hidkbd.o
 .text.hidEmuStateCB
                0x000000000000404c      0x104 ./APP/hidkbd.o
 .text.hidEmuRptCB
                0x0000000000004150       0x66 ./APP/hidkbd.o
 .text.hidEmuSendKbdReport
                0x00000000000041b6       0x24 ./APP/hidkbd.o
 .text.HidEmu_ProcessEvent
                0x00000000000041da       0xbe ./APP/hidkbd.o
                0x00000000000041da                HidEmu_ProcessEvent
 .text.HidEmu_Init
                0x0000000000004298       0xec ./APP/hidkbd.o
                0x0000000000004298                HidEmu_Init
 .text.startup.main
                0x0000000000004384       0x52 ./APP/hidkbd_main.o
                0x0000000000004384                main
 .text.tmos_msg_enqueue
                0x00000000000043d6       0x1e /home/long/github/fingerprint_keyboard/sdk/CH583EVT/EVT/EXAM/BLE/LIB/libCH58xBLE.a(message.o)
                0x00000000000043d6                tmos_msg_enqueue
 .text.tmos_msg_deallocate
                0x00000000000043f4       0x2c /home/long/github/fingerprint_keyboard/sdk/CH583EVT/EVT/EXAM/BLE/LIB/libCH58xBLE.a(message.o)
                0x00000000000043f4                tmos_msg_deallocate
 .text.tmos_msg_allocate
                0x0000000000004420       0x46 /home/long/github/fingerprint_keyboard/sdk/CH583EVT/EVT/EXAM/BLE/LIB/libCH58xBLE.a(message.o)
                0x0000000000004420                tmos_msg_allocate
 .text.tmos_msg_receive
                0x0000000000004466       0x68 /home/long/github/fingerprint_keyboard/sdk/CH583EVT/EVT/EXAM/BLE/LIB/libCH58xBLE.a(message.o)
                0x0000000000004466                tmos_msg_receive
 .text.tmos_msg_send
                0x00000000000044ce       0x5c /home/long/github/fingerprint_keyboard/sdk/CH583EVT/EVT/EXAM/BLE/LIB/libCH58xBLE.a(message.o)
                0x00000000000044ce                tmos_msg_send
 .text.tmos_msg_init
                0x000000000000452a        0x6 /home/long/github/fingerprint_keyboard/sdk/CH583EVT/EVT/EXAM/BLE/LIB/libCH58xBLE.a(message.o)
                0x000000000000452a                tmos_msg_init
 .text.tmosFindTask
                0x0000000000004530       0x20 /home/long/github/fingerprint_keyboard/sdk/CH583EVT/EVT/EXAM/BLE/LIB/libCH58xBLE.a(tmos.o)
 .text.TMOS_CB_PeriodicProcessEvent
                0x0000000000004550       0x82 /home/long/github/fingerprint_keyboard/sdk/CH583EVT/EVT/EXAM/BLE/LIB/libCH58xBLE.a(tmos.o)
                0x0000000000004550                TMOS_CB_PeriodicProcessEvent
 .text.TMOS_CB_ProcessEvent
                0x00000000000045d2       0x7c /home/long/github/fingerprint_keyboard/sdk/CH583EVT/EVT/EXAM/BLE/LIB/libCH58xBLE.a(tmos.o)
                0x00000000000045d2                TMOS_CB_ProcessEvent
 .text.tmos_rand
                0x000000000000464e       0x4e /home/long/github/fingerprint_keyboard/sdk/CH583EVT/EVT/EXAM/BLE/LIB/libCH58xBLE.a(tmos.o)
                0x000000000000464e                tmos_rand
 .text.tmos_start_periodic_callback_task
                0x000000000000469c       0xda /home/long/github/fingerprint_keyboard/sdk/CH583EVT/EVT/EXAM/BLE/LIB/libCH58xBLE.a(tmos.o)
                0x000000000000469c                tmos_start_periodic_callback_task
 .text.tmos_set_event
                0x0000000000004776       0x2a /home/long/github/fingerprint_keyboard/sdk/CH583EVT/EVT/EXAM/BLE/LIB/libCH58xBLE.a(tmos.o)
                0x0000000000004776                tmos_set_event
 .text.tmos_clear_event
                0x00000000000047a0       0x2e /home/long/github/fingerprint_keyboard/sdk/CH583EVT/EVT/EXAM/BLE/LIB/libCH58xBLE.a(tmos.o)
                0x00000000000047a0                tmos_clear_event
 .text.tmos_update_callback_timer
                0x00000000000047ce       0xba /home/long/github/fingerprint_keyboard/sdk/CH583EVT/EVT/EXAM/BLE/LIB/libCH58xBLE.a(tmos.o)
                0x00000000000047ce                tmos_update_callback_timer
 .text.tmos_update_periodic_callback_timer
                0x0000000000004888       0x5a /home/long/github/fingerprint_keyboard/sdk/CH583EVT/EVT/EXAM/BLE/LIB/libCH58xBLE.a(tmos.o)
                0x0000000000004888                tmos_update_periodic_callback_timer
 .text.tmos_start_task
                0x00000000000048e2      0x126 /home/long/github/fingerprint_keyboard/sdk/CH583EVT/EVT/EXAM/BLE/LIB/libCH58xBLE.a(tmos.o)
                0x00000000000048e2                tmos_start_task
 .text.tmos_start_callback_task
                0x0000000000004a08       0x96 /home/long/github/fingerprint_keyboard/sdk/CH583EVT/EVT/EXAM/BLE/LIB/libCH58xBLE.a(tmos.o)
                0x0000000000004a08                tmos_start_callback_task
 .text.tmos_start_reload_task
                0x0000000000004a9e       0x56 /home/long/github/fingerprint_keyboard/sdk/CH583EVT/EVT/EXAM/BLE/LIB/libCH58xBLE.a(tmos.o)
                0x0000000000004a9e                tmos_start_reload_task
 .text.tmos_stop_task
                0x0000000000004af4       0x48 /home/long/github/fingerprint_keyboard/sdk/CH583EVT/EVT/EXAM/BLE/LIB/libCH58xBLE.a(tmos.o)
                0x0000000000004af4                tmos_stop_task
 .text.tmos_stop_callback_task
                0x0000000000004b3c       0x56 /home/long/github/fingerprint_keyboard/sdk/CH583EVT/EVT/EXAM/BLE/LIB/libCH58xBLE.a(tmos.o)
                0x0000000000004b3c                tmos_stop_callback_task
 .text.tmos_get_task_timer
                0x0000000000004b92       0x5e /home/long/github/fingerprint_keyboard/sdk/CH583EVT/EVT/EXAM/BLE/LIB/libCH58xBLE.a(tmos.o)
                0x0000000000004b92                tmos_get_task_timer
 .text.TMOS_TimerRegister
                0x0000000000004bf0       0x1a /home/long/github/fingerprint_keyboard/sdk/CH583EVT/EVT/EXAM/BLE/LIB/libCH58xBLE.a(tmos.o)
                0x0000000000004bf0                TMOS_TimerRegister
 .text.TMOS_ProcessRegister
                0x0000000000004c0a       0x16 /home/long/github/fingerprint_keyboard/sdk/CH583EVT/EVT/EXAM/BLE/LIB/libCH58xBLE.a(tmos.o)
                0x0000000000004c0a                TMOS_ProcessRegister
 .text.TMOS_Init
                0x0000000000004c20      0x10e /home/long/github/fingerprint_keyboard/sdk/CH583EVT/EVT/EXAM/BLE/LIB/libCH58xBLE.a(tmos.o)
                0x0000000000004c20                TMOS_Init
 .text.TMOS_ProcessEventRegister
                0x0000000000004d2e       0x38 /home/long/github/fingerprint_keyboard/sdk/CH583EVT/EVT/EXAM/BLE/LIB/libCH58xBLE.a(tmos.o)
                0x0000000000004d2e                TMOS_ProcessEventRegister
 .text.BLE_LibInit
                0x0000000000004d66      0x178 /home/long/github/fingerprint_keyboard/sdk/CH583EVT/EVT/EXAM/BLE/LIB/libCH58xBLE.a(tmos.o)
                0x0000000000004d66                BLE_LibInit
 .text.clockGetTickValve
                0x0000000000004ede       0x7e /home/long/github/fingerprint_keyboard/sdk/CH583EVT/EVT/EXAM/BLE/LIB/libCH58xBLE.a(tmos_hw.o)
 .text.ll_get_sca_divisor
                0x0000000000004f5c       0x40 /home/long/github/fingerprint_keyboard/sdk/CH583EVT/EVT/EXAM/BLE/LIB/libCH58xBLE.a(tmos_hw.o)
                0x0000000000004f5c                ll_get_sca_divisor
 .text.ll_get_sca_own
                0x0000000000004f9c       0x46 /home/long/github/fingerprint_keyboard/sdk/CH583EVT/EVT/EXAM/BLE/LIB/libCH58xBLE.a(tmos_hw.o)
                0x0000000000004f9c                ll_get_sca_own
 .text.ble_ll_common_rand8
                0x0000000000004fe2       0x24 /home/long/github/fingerprint_keyboard/sdk/CH583EVT/EVT/EXAM/BLE/LIB/libCH58xBLE.a(tmos_hw.o)
                0x0000000000004fe2                ble_ll_common_rand8
 .text.ble_ll_common_rand16
                0x0000000000005006       0x24 /home/long/github/fingerprint_keyboard/sdk/CH583EVT/EVT/EXAM/BLE/LIB/libCH58xBLE.a(tmos_hw.o)
                0x0000000000005006                ble_ll_common_rand16
 .text.ble_ll_common_rand32
                0x000000000000502a       0x20 /home/long/github/fingerprint_keyboard/sdk/CH583EVT/EVT/EXAM/BLE/LIB/libCH58xBLE.a(tmos_hw.o)
                0x000000000000502a                ble_ll_common_rand32
 .text.TMOS_TempSample
                0x000000000000504a       0x62 /home/long/github/fingerprint_keyboard/sdk/CH583EVT/EVT/EXAM/BLE/LIB/libCH58xBLE.a(tmos_hw.o)
                0x000000000000504a                TMOS_TempSample
 .text.TMOS_TimerInit
                0x00000000000050ac      0x14e /home/long/github/fingerprint_keyboard/sdk/CH583EVT/EVT/EXAM/BLE/LIB/libCH58xBLE.a(tmos_hw.o)
                0x00000000000050ac                TMOS_TimerInit
 .text.tmos_snv_init
                0x00000000000051fa       0xc0 /home/long/github/fingerprint_keyboard/sdk/CH583EVT/EVT/EXAM/BLE/LIB/libCH58xBLE.a(tmos_snv.o)
                0x00000000000051fa                tmos_snv_init
 .text.tmos_snv_read
                0x00000000000052ba      0x292 /home/long/github/fingerprint_keyboard/sdk/CH583EVT/EVT/EXAM/BLE/LIB/libCH58xBLE.a(tmos_snv.o)
                0x00000000000052ba                tmos_snv_read
 .text.tmos_snv_notify
                0x000000000000554c       0x5a /home/long/github/fingerprint_keyboard/sdk/CH583EVT/EVT/EXAM/BLE/LIB/libCH58xBLE.a(tmos_snv.o)
                0x000000000000554c                tmos_snv_notify
 .text.tmos_snv_write
                0x00000000000055a6      0x2ce /home/long/github/fingerprint_keyboard/sdk/CH583EVT/EVT/EXAM/BLE/LIB/libCH58xBLE.a(tmos_snv.o)
                0x00000000000055a6                tmos_snv_write
 .text.tmos_snv_compact
                0x0000000000005874        0x4 /home/long/github/fingerprint_keyboard/sdk/CH583EVT/EVT/EXAM/BLE/LIB/libCH58xBLE.a(tmos_snv.o)
                0x0000000000005874                tmos_snv_compact
 .text.disconnectNext
                0x0000000000005878       0x22 /home/long/github/fingerprint_keyboard/sdk/CH583EVT/EVT/EXAM/BLE/LIB/libCH58xBLE.a(gap.o)
 .text.GAP_ParamInit
                0x000000000000589a       0xec /home/long/github/fingerprint_keyboard/sdk/CH583EVT/EVT/EXAM/BLE/LIB/libCH58xBLE.a(gap.o)
                0x000000000000589a                GAP_ParamInit
 .text.sendTerminateEvent
                0x0000000000005986       0x58 /home/long/github/fingerprint_keyboard/sdk/CH583EVT/EVT/EXAM/BLE/LIB/libCH58xBLE.a(gap.o)
                0x0000000000005986                sendTerminateEvent
 .text.gapRegisterCentral
                0x00000000000059de        0x6 /home/long/github/fingerprint_keyboard/sdk/CH583EVT/EVT/EXAM/BLE/LIB/libCH58xBLE.a(gap.o)
                0x00000000000059de                gapRegisterCentral
 .text.gapRegisterCentralConn
                0x00000000000059e4        0x6 /home/long/github/fingerprint_keyboard/sdk/CH583EVT/EVT/EXAM/BLE/LIB/libCH58xBLE.a(gap.o)
                0x00000000000059e4                gapRegisterCentralConn
 .text.gapRegisterPeripheral
                0x00000000000059ea        0x6 /home/long/github/fingerprint_keyboard/sdk/CH583EVT/EVT/EXAM/BLE/LIB/libCH58xBLE.a(gap.o)
                0x00000000000059ea                gapRegisterPeripheral
 .text.gapRegisterPeripheralConn
                0x00000000000059f0        0x6 /home/long/github/fingerprint_keyboard/sdk/CH583EVT/EVT/EXAM/BLE/LIB/libCH58xBLE.a(gap.o)
                0x00000000000059f0                gapRegisterPeripheralConn
 .text.smGenerateRandBuf
                0x00000000000059f6       0x56 /home/long/github/fingerprint_keyboard/sdk/CH583EVT/EVT/EXAM/BLE/LIB/libCH58xBLE.a(gap.o)
                0x00000000000059f6                smGenerateRandBuf
 .text.gapL2capConnParamUpdateReq
                0x0000000000005a4c       0x36 /home/long/github/fingerprint_keyboard/sdk/CH583EVT/EVT/EXAM/BLE/LIB/libCH58xBLE.a(gap.o)
                0x0000000000005a4c                gapL2capConnParamUpdateReq
 .text.gapValidADType
                0x0000000000005a82       0x16 /home/long/github/fingerprint_keyboard/sdk/CH583EVT/EVT/EXAM/BLE/LIB/libCH58xBLE.a(gap.o)
                0x0000000000005a82                gapValidADType
 .text.gapFindADType
                0x0000000000005a98       0x92 /home/long/github/fingerprint_keyboard/sdk/CH583EVT/EVT/EXAM/BLE/LIB/libCH58xBLE.a(gap.o)
                0x0000000000005a98                gapFindADType
 .text.GAP_SecParamsInit
                0x0000000000005b2a       0xaa /home/long/github/fingerprint_keyboard/sdk/CH583EVT/EVT/EXAM/BLE/LIB/libCH58xBLE.a(gap.o)
                0x0000000000005b2a                GAP_SecParamsInit
 .text.GAP_ParamsInit
                0x0000000000005bd4       0x50 /home/long/github/fingerprint_keyboard/sdk/CH583EVT/EVT/EXAM/BLE/LIB/libCH58xBLE.a(gap.o)
                0x0000000000005bd4                GAP_ParamsInit
 .text.gapAddAddrAdj
                0x0000000000005c24       0x48 /home/long/github/fingerprint_keyboard/sdk/CH583EVT/EVT/EXAM/BLE/LIB/libCH58xBLE.a(gap.o)
                0x0000000000005c24                gapAddAddrAdj
 .text.gapDetermineAddrType
                0x0000000000005c6c       0x28 /home/long/github/fingerprint_keyboard/sdk/CH583EVT/EVT/EXAM/BLE/LIB/libCH58xBLE.a(gap.o)
                0x0000000000005c6c                gapDetermineAddrType
 .text.gapFreeAuthLink
                0x0000000000005c94       0x4a /home/long/github/fingerprint_keyboard/sdk/CH583EVT/EVT/EXAM/BLE/LIB/libCH58xBLE.a(gap.o)
                0x0000000000005c94                gapFreeAuthLink
 .text.gapGetDevAddress
                0x0000000000005cde       0x24 /home/long/github/fingerprint_keyboard/sdk/CH583EVT/EVT/EXAM/BLE/LIB/libCH58xBLE.a(gap.o)
                0x0000000000005cde                gapGetDevAddress
 .text.gapGetDevAddressMode
                0x0000000000005d02        0xa /home/long/github/fingerprint_keyboard/sdk/CH583EVT/EVT/EXAM/BLE/LIB/libCH58xBLE.a(gap.o)
                0x0000000000005d02                gapGetDevAddressMode
 .text.gapGetIRK
                0x0000000000005d0c        0xc /home/long/github/fingerprint_keyboard/sdk/CH583EVT/EVT/EXAM/BLE/LIB/libCH58xBLE.a(gap.o)
                0x0000000000005d0c                gapGetIRK
 .text.gapGetSRK
                0x0000000000005d18        0xc /home/long/github/fingerprint_keyboard/sdk/CH583EVT/EVT/EXAM/BLE/LIB/libCH58xBLE.a(gap.o)
                0x0000000000005d18                gapGetSRK
 .text.gapGetSignCounter
                0x0000000000005d24        0xe /home/long/github/fingerprint_keyboard/sdk/CH583EVT/EVT/EXAM/BLE/LIB/libCH58xBLE.a(gap.o)
                0x0000000000005d24                gapGetSignCounter
 .text.gapIncSignCounter
                0x0000000000005d32       0x28 /home/long/github/fingerprint_keyboard/sdk/CH583EVT/EVT/EXAM/BLE/LIB/libCH58xBLE.a(gap.o)
                0x0000000000005d32                gapIncSignCounter
 .text.gapProcessConnEvt
                0x0000000000005d5a       0x48 /home/long/github/fingerprint_keyboard/sdk/CH583EVT/EVT/EXAM/BLE/LIB/libCH58xBLE.a(gap.o)
                0x0000000000005d5a                gapProcessConnEvt
 .text.gapProcessDisconnectCompleteEvt
                0x0000000000005da2       0xa8 /home/long/github/fingerprint_keyboard/sdk/CH583EVT/EVT/EXAM/BLE/LIB/libCH58xBLE.a(gap.o)
                0x0000000000005da2                gapProcessDisconnectCompleteEvt
 .text.sendAuthEvent
                0x0000000000005e4a      0x11e /home/long/github/fingerprint_keyboard/sdk/CH583EVT/EVT/EXAM/BLE/LIB/libCH58xBLE.a(gap.o)
                0x0000000000005e4a                sendAuthEvent
 .text.gapSendBondCompleteEvent
                0x0000000000005f68       0x74 /home/long/github/fingerprint_keyboard/sdk/CH583EVT/EVT/EXAM/BLE/LIB/libCH58xBLE.a(gap.o)
                0x0000000000005f68                gapSendBondCompleteEvent
 .text.gapSendPairingReqEvent
                0x0000000000005fdc       0x96 /home/long/github/fingerprint_keyboard/sdk/CH583EVT/EVT/EXAM/BLE/LIB/libCH58xBLE.a(gap.o)
                0x0000000000005fdc                gapSendPairingReqEvent
 .text.gapSendSlaveSecurityReqEvent
                0x0000000000006072       0x68 /home/long/github/fingerprint_keyboard/sdk/CH583EVT/EVT/EXAM/BLE/LIB/libCH58xBLE.a(gap.o)
                0x0000000000006072                gapSendSlaveSecurityReqEvent
 .text.gapSendDeviceInitDoneEvent
                0x00000000000060da       0x88 /home/long/github/fingerprint_keyboard/sdk/CH583EVT/EVT/EXAM/BLE/LIB/libCH58xBLE.a(gap.o)
                0x00000000000060da                gapSendDeviceInitDoneEvent
 .text.gapSendLinkUpdateEvent
                0x0000000000006162       0xb2 /home/long/github/fingerprint_keyboard/sdk/CH583EVT/EVT/EXAM/BLE/LIB/libCH58xBLE.a(gap.o)
                0x0000000000006162                gapSendLinkUpdateEvent
 .text.gapSendPhyUpdateEvent
                0x0000000000006214       0x58 /home/long/github/fingerprint_keyboard/sdk/CH583EVT/EVT/EXAM/BLE/LIB/libCH58xBLE.a(gap.o)
                0x0000000000006214                gapSendPhyUpdateEvent
 .text.gapSendEstLinkEvent
                0x000000000000626c       0xbc /home/long/github/fingerprint_keyboard/sdk/CH583EVT/EVT/EXAM/BLE/LIB/libCH58xBLE.a(gap.o)
                0x000000000000626c                gapSendEstLinkEvent
 .text.gapProcessNewAddr
                0x0000000000006328       0x3e /home/long/github/fingerprint_keyboard/sdk/CH583EVT/EVT/EXAM/BLE/LIB/libCH58xBLE.a(gap.o)
                0x0000000000006328                gapProcessNewAddr
 .text.gapProcessRandomAddrComplete
                0x0000000000006366       0xb6 /home/long/github/fingerprint_keyboard/sdk/CH583EVT/EVT/EXAM/BLE/LIB/libCH58xBLE.a(gap.o)
                0x0000000000006366                gapProcessRandomAddrComplete
 .text.GAP_Authenticate
                0x000000000000641c       0xde /home/long/github/fingerprint_keyboard/sdk/CH583EVT/EVT/EXAM/BLE/LIB/libCH58xBLE.a(gap.o)
                0x000000000000641c                GAP_Authenticate
 .text.GAP_Bond
                0x00000000000064fa       0xaa /home/long/github/fingerprint_keyboard/sdk/CH583EVT/EVT/EXAM/BLE/LIB/libCH58xBLE.a(gap.o)
                0x00000000000064fa                GAP_Bond
 .text.GAP_GetParamValue
                0x00000000000065a4       0x20 /home/long/github/fingerprint_keyboard/sdk/CH583EVT/EVT/EXAM/BLE/LIB/libCH58xBLE.a(gap.o)
                0x00000000000065a4                GAP_GetParamValue
 .text.GAP_PasscodeUpdate
                0x00000000000065c4       0x54 /home/long/github/fingerprint_keyboard/sdk/CH583EVT/EVT/EXAM/BLE/LIB/libCH58xBLE.a(gap.o)
                0x00000000000065c4                GAP_PasscodeUpdate
 .text.GAP_RegisterForMsgs
                0x0000000000006618        0xa /home/long/github/fingerprint_keyboard/sdk/CH583EVT/EVT/EXAM/BLE/LIB/libCH58xBLE.a(gap.o)
                0x0000000000006618                GAP_RegisterForMsgs
 .text.GAP_ResolvePrivateAddr
                0x0000000000006622        0x4 /home/long/github/fingerprint_keyboard/sdk/CH583EVT/EVT/EXAM/BLE/LIB/libCH58xBLE.a(gap.o)
                0x0000000000006622                GAP_ResolvePrivateAddr
 .text.gapPairingCompleteCB
                0x0000000000006626      0x18c /home/long/github/fingerprint_keyboard/sdk/CH583EVT/EVT/EXAM/BLE/LIB/libCH58xBLE.a(gap.o)
                0x0000000000006626                gapPairingCompleteCB
 .text.gapPasskeyNeededCB
                0x00000000000067b2       0x8e /home/long/github/fingerprint_keyboard/sdk/CH583EVT/EVT/EXAM/BLE/LIB/libCH58xBLE.a(gap.o)
                0x00000000000067b2                gapPasskeyNeededCB
 .text.gapOobNeededCB
                0x0000000000006840       0xa6 /home/long/github/fingerprint_keyboard/sdk/CH583EVT/EVT/EXAM/BLE/LIB/libCH58xBLE.a(gap.o)
                0x0000000000006840                gapOobNeededCB
 .text.gapFreeEstLink
                0x00000000000068e6       0x20 /home/long/github/fingerprint_keyboard/sdk/CH583EVT/EVT/EXAM/BLE/LIB/libCH58xBLE.a(gap.o)
                0x00000000000068e6                gapFreeEstLink
 .text.gapUpdateConnSignCounter
                0x0000000000006906       0x7a /home/long/github/fingerprint_keyboard/sdk/CH583EVT/EVT/EXAM/BLE/LIB/libCH58xBLE.a(gap.o)
                0x0000000000006906                gapUpdateConnSignCounter
 .text.GAP_SendSlaveSecurityRequest
                0x0000000000006980       0x4a /home/long/github/fingerprint_keyboard/sdk/CH583EVT/EVT/EXAM/BLE/LIB/libCH58xBLE.a(gap.o)
                0x0000000000006980                GAP_SendSlaveSecurityRequest
 .text.GAP_Signable
                0x00000000000069ca       0x6a /home/long/github/fingerprint_keyboard/sdk/CH583EVT/EVT/EXAM/BLE/LIB/libCH58xBLE.a(gap.o)
                0x00000000000069ca                GAP_Signable
 .text.GAP_TerminateAuth
                0x0000000000006a34       0x2a /home/long/github/fingerprint_keyboard/sdk/CH583EVT/EVT/EXAM/BLE/LIB/libCH58xBLE.a(gap.o)
                0x0000000000006a34                GAP_TerminateAuth
 .text.GAP_NumActiveConnections
                0x0000000000006a5e        0x4 /home/long/github/fingerprint_keyboard/sdk/CH583EVT/EVT/EXAM/BLE/LIB/libCH58xBLE.a(gap.o)
                0x0000000000006a5e                GAP_NumActiveConnections
 .text.GAP_TerminateLinkReq
                0x0000000000006a62       0x8e /home/long/github/fingerprint_keyboard/sdk/CH583EVT/EVT/EXAM/BLE/LIB/libCH58xBLE.a(gap.o)
                0x0000000000006a62                GAP_TerminateLinkReq
 .text.GAP_SetParamValue
                0x0000000000006af0       0x6c /home/long/github/fingerprint_keyboard/sdk/CH583EVT/EVT/EXAM/BLE/LIB/libCH58xBLE.a(gap.o)
                0x0000000000006af0                GAP_SetParamValue
 .text.GAP_Init
                0x0000000000006b5c       0x48 /home/long/github/fingerprint_keyboard/sdk/CH583EVT/EVT/EXAM/BLE/LIB/libCH58xBLE.a(gap.o)
                0x0000000000006b5c                GAP_Init
 .text.GAP_ProcessEvent
                0x0000000000006ba4      0x66a /home/long/github/fingerprint_keyboard/sdk/CH583EVT/EVT/EXAM/BLE/LIB/libCH58xBLE.a(gap.o)
                0x0000000000006ba4                GAP_ProcessEvent
 .text.gapSendScanEnable
                0x000000000000720e       0x3a /home/long/github/fingerprint_keyboard/sdk/CH583EVT/EVT/EXAM/BLE/LIB/libCH58xBLE.a(gap_central.o)
 .text.gapCentProcessConnEvt
                0x0000000000007248      0x168 /home/long/github/fingerprint_keyboard/sdk/CH583EVT/EVT/EXAM/BLE/LIB/libCH58xBLE.a(gap_central.o)
                0x0000000000007248                gapCentProcessConnEvt
 .text.gapProcessScanningPeriodicAdvEvt
                0x00000000000073b0       0xa0 /home/long/github/fingerprint_keyboard/sdk/CH583EVT/EVT/EXAM/BLE/LIB/libCH58xBLE.a(gap_central.o)
                0x00000000000073b0                gapProcessScanningPeriodicAdvEvt
 .text.gapCancelLinkReq
                0x0000000000007450       0x38 /home/long/github/fingerprint_keyboard/sdk/CH583EVT/EVT/EXAM/BLE/LIB/libCH58xBLE.a(gap_central.o)
                0x0000000000007450                gapCancelLinkReq
 .text.gapProcessAdvertDevInfo
                0x0000000000007488      0x242 /home/long/github/fingerprint_keyboard/sdk/CH583EVT/EVT/EXAM/BLE/LIB/libCH58xBLE.a(gap_central.o)
                0x0000000000007488                gapProcessAdvertDevInfo
 .text.gapProcessExtAdvertDevInfo
                0x00000000000076ca      0x260 /home/long/github/fingerprint_keyboard/sdk/CH583EVT/EVT/EXAM/BLE/LIB/libCH58xBLE.a(gap_central.o)
                0x00000000000076ca                gapProcessExtAdvertDevInfo
 .text.gapProcessPeriodicAdvertisingSyncEstablishedEvt
                0x000000000000792a       0xae /home/long/github/fingerprint_keyboard/sdk/CH583EVT/EVT/EXAM/BLE/LIB/libCH58xBLE.a(gap_central.o)
                0x000000000000792a                gapProcessPeriodicAdvertisingSyncEstablishedEvt
 .text.gapProcessPeriodicAdvertisingSyncLostEvt
                0x00000000000079d8       0x56 /home/long/github/fingerprint_keyboard/sdk/CH583EVT/EVT/EXAM/BLE/LIB/libCH58xBLE.a(gap_central.o)
                0x00000000000079d8                gapProcessPeriodicAdvertisingSyncLostEvt
 .text.gapFreeScanRecs
                0x0000000000007a2e       0xa6 /home/long/github/fingerprint_keyboard/sdk/CH583EVT/EVT/EXAM/BLE/LIB/libCH58xBLE.a(gap_central.o)
                0x0000000000007a2e                gapFreeScanRecs
 .text.gapSendDevDiscEvent
                0x0000000000007ad4      0x124 /home/long/github/fingerprint_keyboard/sdk/CH583EVT/EVT/EXAM/BLE/LIB/libCH58xBLE.a(gap_central.o)
                0x0000000000007ad4                gapSendDevDiscEvent
 .text.gapSetScanParamStatus
                0x0000000000007bf8       0x56 /home/long/github/fingerprint_keyboard/sdk/CH583EVT/EVT/EXAM/BLE/LIB/libCH58xBLE.a(gap_central.o)
 .text.gapCentProcessHCICmdEvt
                0x0000000000007c4e       0x3c /home/long/github/fingerprint_keyboard/sdk/CH583EVT/EVT/EXAM/BLE/LIB/libCH58xBLE.a(gap_central.o)
                0x0000000000007c4e                gapCentProcessHCICmdEvt
 .text.gapProcessScanningEvt
                0x0000000000007c8a      0x110 /home/long/github/fingerprint_keyboard/sdk/CH583EVT/EVT/EXAM/BLE/LIB/libCH58xBLE.a(gap_central.o)
                0x0000000000007c8a                gapProcessScanningEvt
 .text.gapProcessScanningDirectEvt
                0x0000000000007d9a       0xfe /home/long/github/fingerprint_keyboard/sdk/CH583EVT/EVT/EXAM/BLE/LIB/libCH58xBLE.a(gap_central.o)
                0x0000000000007d9a                gapProcessScanningDirectEvt
 .text.gapProcessScanningExtAdvEvt
                0x0000000000007e98      0x2c4 /home/long/github/fingerprint_keyboard/sdk/CH583EVT/EVT/EXAM/BLE/LIB/libCH58xBLE.a(gap_central.o)
                0x0000000000007e98                gapProcessScanningExtAdvEvt
 .text.GAP_CentConnRegister
                0x000000000000815c       0x16 /home/long/github/fingerprint_keyboard/sdk/CH583EVT/EVT/EXAM/BLE/LIB/libCH58xBLE.a(gap_central.o)
                0x000000000000815c                GAP_CentConnRegister
 .text.GAP_CentralParamInit
                0x0000000000008172       0x6a /home/long/github/fingerprint_keyboard/sdk/CH583EVT/EVT/EXAM/BLE/LIB/libCH58xBLE.a(gap_central.o)
                0x0000000000008172                GAP_CentralParamInit
 .text.GAP_CentDevMgrInit
                0x00000000000081dc       0x9c /home/long/github/fingerprint_keyboard/sdk/CH583EVT/EVT/EXAM/BLE/LIB/libCH58xBLE.a(gap_central.o)
                0x00000000000081dc                GAP_CentDevMgrInit
 .text.gapFreeAdvertState
                0x0000000000008278       0x20 /home/long/github/fingerprint_keyboard/sdk/CH583EVT/EVT/EXAM/BLE/LIB/libCH58xBLE.a(gap_peripheral.o)
 .text.gapSetPeriodicAdvParams
                0x0000000000008298       0x30 /home/long/github/fingerprint_keyboard/sdk/CH583EVT/EVT/EXAM/BLE/LIB/libCH58xBLE.a(gap_peripheral.o)
 .text.gapSetConnectionlessCTEParams
                0x00000000000082c8       0x54 /home/long/github/fingerprint_keyboard/sdk/CH583EVT/EVT/EXAM/BLE/LIB/libCH58xBLE.a(gap_peripheral.o)
 .text.gapSetAdvParams
                0x000000000000831c      0x126 /home/long/github/fingerprint_keyboard/sdk/CH583EVT/EVT/EXAM/BLE/LIB/libCH58xBLE.a(gap_peripheral.o)
 .text.gapPeriProcessConnEvt
                0x0000000000008442       0xd0 /home/long/github/fingerprint_keyboard/sdk/CH583EVT/EVT/EXAM/BLE/LIB/libCH58xBLE.a(gap_peripheral.o)
 .text.gapWriteAdvDataStatus
                0x0000000000008512       0x8a /home/long/github/fingerprint_keyboard/sdk/CH583EVT/EVT/EXAM/BLE/LIB/libCH58xBLE.a(gap_peripheral.o)
 .text.GAP_MakeDiscoverable
                0x000000000000859c      0x174 /home/long/github/fingerprint_keyboard/sdk/CH583EVT/EVT/EXAM/BLE/LIB/libCH58xBLE.a(gap_peripheral.o)
                0x000000000000859c                GAP_MakeDiscoverable
 .text.GAP_EndDiscoverable
                0x0000000000008710       0x66 /home/long/github/fingerprint_keyboard/sdk/CH583EVT/EVT/EXAM/BLE/LIB/libCH58xBLE.a(gap_peripheral.o)
                0x0000000000008710                GAP_EndDiscoverable
 .text.gapProcessAdvertisingEvt
                0x0000000000008776      0x116 /home/long/github/fingerprint_keyboard/sdk/CH583EVT/EVT/EXAM/BLE/LIB/libCH58xBLE.a(gap_peripheral.o)
 .text.GAP_MakePeriodic
                0x000000000000888c       0x26 /home/long/github/fingerprint_keyboard/sdk/CH583EVT/EVT/EXAM/BLE/LIB/libCH58xBLE.a(gap_peripheral.o)
                0x000000000000888c                GAP_MakePeriodic
 .text.GAP_EndPeriodic
                0x00000000000088b2        0xc /home/long/github/fingerprint_keyboard/sdk/CH583EVT/EVT/EXAM/BLE/LIB/libCH58xBLE.a(gap_peripheral.o)
                0x00000000000088b2                GAP_EndPeriodic
 .text.GAP_MakeConnecttionlessCTE
                0x00000000000088be       0x1a /home/long/github/fingerprint_keyboard/sdk/CH583EVT/EVT/EXAM/BLE/LIB/libCH58xBLE.a(gap_peripheral.o)
                0x00000000000088be                GAP_MakeConnecttionlessCTE
 .text.GAP_EndConnecttionlessCTE
                0x00000000000088d8        0xc /home/long/github/fingerprint_keyboard/sdk/CH583EVT/EVT/EXAM/BLE/LIB/libCH58xBLE.a(gap_peripheral.o)
                0x00000000000088d8                GAP_EndConnecttionlessCTE
 .text.GAP_SetAdvertisingAdvData
                0x00000000000088e4      0x102 /home/long/github/fingerprint_keyboard/sdk/CH583EVT/EVT/EXAM/BLE/LIB/libCH58xBLE.a(gap_peripheral.o)
                0x00000000000088e4                GAP_SetAdvertisingAdvData
 .text.GAP_SetAdvertisingRspData
                0x00000000000089e6      0x102 /home/long/github/fingerprint_keyboard/sdk/CH583EVT/EVT/EXAM/BLE/LIB/libCH58xBLE.a(gap_peripheral.o)
                0x00000000000089e6                GAP_SetAdvertisingRspData
 .text.GAP_SetPeriodicAdvertisingData
                0x0000000000008ae8       0xc6 /home/long/github/fingerprint_keyboard/sdk/CH583EVT/EVT/EXAM/BLE/LIB/libCH58xBLE.a(gap_peripheral.o)
                0x0000000000008ae8                GAP_SetPeriodicAdvertisingData
 .text.GAP_GetAdvertisingAdvData
                0x0000000000008bae       0x26 /home/long/github/fingerprint_keyboard/sdk/CH583EVT/EVT/EXAM/BLE/LIB/libCH58xBLE.a(gap_peripheral.o)
                0x0000000000008bae                GAP_GetAdvertisingAdvData
 .text.GAP_GetAdvertisingRspData
                0x0000000000008bd4       0x34 /home/long/github/fingerprint_keyboard/sdk/CH583EVT/EVT/EXAM/BLE/LIB/libCH58xBLE.a(gap_peripheral.o)
                0x0000000000008bd4                GAP_GetAdvertisingRspData
 .text.GAP_GetPeriodicAdvertisingData
                0x0000000000008c08       0x34 /home/long/github/fingerprint_keyboard/sdk/CH583EVT/EVT/EXAM/BLE/LIB/libCH58xBLE.a(gap_peripheral.o)
                0x0000000000008c08                GAP_GetPeriodicAdvertisingData
 .text.GAP_ConfigDeviceAddr
                0x0000000000008c3c      0x124 /home/long/github/fingerprint_keyboard/sdk/CH583EVT/EVT/EXAM/BLE/LIB/libCH58xBLE.a(gap_peripheral.o)
                0x0000000000008c3c                GAP_ConfigDeviceAddr
 .text.GAP_PeriConnRegister
                0x0000000000008d60       0x2e /home/long/github/fingerprint_keyboard/sdk/CH583EVT/EVT/EXAM/BLE/LIB/libCH58xBLE.a(gap_peripheral.o)
                0x0000000000008d60                GAP_PeriConnRegister
 .text.GAP_PeripheralParamInit
                0x0000000000008d8e       0x6c /home/long/github/fingerprint_keyboard/sdk/CH583EVT/EVT/EXAM/BLE/LIB/libCH58xBLE.a(gap_peripheral.o)
                0x0000000000008d8e                GAP_PeripheralParamInit
 .text.gapSendMakeDiscEvent
                0x0000000000008dfa       0x50 /home/long/github/fingerprint_keyboard/sdk/CH583EVT/EVT/EXAM/BLE/LIB/libCH58xBLE.a(gap_peripheral.o)
                0x0000000000008dfa                gapSendMakeDiscEvent
 .text.gapWriteAdvEnableStatus
                0x0000000000008e4a      0x110 /home/long/github/fingerprint_keyboard/sdk/CH583EVT/EVT/EXAM/BLE/LIB/libCH58xBLE.a(gap_peripheral.o)
 .text.gapSendMakePeriodicEvent
                0x0000000000008f5a       0x3a /home/long/github/fingerprint_keyboard/sdk/CH583EVT/EVT/EXAM/BLE/LIB/libCH58xBLE.a(gap_peripheral.o)
                0x0000000000008f5a                gapSendMakePeriodicEvent
 .text.gapSendMakeConnectionlessCTEEvent
                0x0000000000008f94       0x3a /home/long/github/fingerprint_keyboard/sdk/CH583EVT/EVT/EXAM/BLE/LIB/libCH58xBLE.a(gap_peripheral.o)
                0x0000000000008f94                gapSendMakeConnectionlessCTEEvent
 .text.gapPeriProcessHCICmdCompleteEvt
                0x0000000000008fce      0x22e /home/long/github/fingerprint_keyboard/sdk/CH583EVT/EVT/EXAM/BLE/LIB/libCH58xBLE.a(gap_peripheral.o)
 .text.GAP_PeriDevMgrInit
                0x00000000000091fc       0x2e /home/long/github/fingerprint_keyboard/sdk/CH583EVT/EVT/EXAM/BLE/LIB/libCH58xBLE.a(gap_peripheral.o)
                0x00000000000091fc                GAP_PeriDevMgrInit
 .text.ggs_SetAttrWPermit
                0x000000000000922a       0x68 /home/long/github/fingerprint_keyboard/sdk/CH583EVT/EVT/EXAM/BLE/LIB/libCH58xBLE.a(gapgattserver.o)
 .text.ggs_ReadAttrCB
                0x0000000000009292      0x156 /home/long/github/fingerprint_keyboard/sdk/CH583EVT/EVT/EXAM/BLE/LIB/libCH58xBLE.a(gapgattserver.o)
 .text.ggs_WriteAttrCB
                0x00000000000093e8      0x162 /home/long/github/fingerprint_keyboard/sdk/CH583EVT/EVT/EXAM/BLE/LIB/libCH58xBLE.a(gapgattserver.o)
 .text.GGS_ParamInit
                0x000000000000954a      0x15c /home/long/github/fingerprint_keyboard/sdk/CH583EVT/EVT/EXAM/BLE/LIB/libCH58xBLE.a(gapgattserver.o)
                0x000000000000954a                GGS_ParamInit
 .text.GGS_SetParameter
                0x00000000000096a6      0x116 /home/long/github/fingerprint_keyboard/sdk/CH583EVT/EVT/EXAM/BLE/LIB/libCH58xBLE.a(gapgattserver.o)
                0x00000000000096a6                GGS_SetParameter
 .text.GGS_AddService
                0x00000000000097bc       0x2c /home/long/github/fingerprint_keyboard/sdk/CH583EVT/EVT/EXAM/BLE/LIB/libCH58xBLE.a(gapgattserver.o)
                0x00000000000097bc                GGS_AddService
 .text.GAP_DeviceInit
                0x00000000000097e8       0xd8 /home/long/github/fingerprint_keyboard/sdk/CH583EVT/EVT/EXAM/BLE/LIB/libCH58xBLE.a(gapgattserver.o)
                0x00000000000097e8                GAP_DeviceInit
 .text.gattGetPayload
                0x00000000000098c0       0x7e /home/long/github/fingerprint_keyboard/sdk/CH583EVT/EVT/EXAM/BLE/LIB/libCH58xBLE.a(gatt.o)
                0x00000000000098c0                gattGetPayload
 .text.gattNotifyEvent
                0x000000000000993e       0x84 /home/long/github/fingerprint_keyboard/sdk/CH583EVT/EVT/EXAM/BLE/LIB/libCH58xBLE.a(gatt.o)
                0x000000000000993e                gattNotifyEvent
 .text.gattSendFlowCtrlEvt
                0x00000000000099c2       0x52 /home/long/github/fingerprint_keyboard/sdk/CH583EVT/EVT/EXAM/BLE/LIB/libCH58xBLE.a(gatt.o)
                0x00000000000099c2                gattSendFlowCtrlEvt
 .text.gattStartTimer
                0x0000000000009a14        0xc /home/long/github/fingerprint_keyboard/sdk/CH583EVT/EVT/EXAM/BLE/LIB/libCH58xBLE.a(gatt.o)
                0x0000000000009a14                gattStartTimer
 .text.gattStopTimer
                0x0000000000009a20       0x32 /home/long/github/fingerprint_keyboard/sdk/CH583EVT/EVT/EXAM/BLE/LIB/libCH58xBLE.a(gatt.o)
                0x0000000000009a20                gattStopTimer
 .text.GATT_AppCompletedMsg
                0x0000000000009a52       0x30 /home/long/github/fingerprint_keyboard/sdk/CH583EVT/EVT/EXAM/BLE/LIB/libCH58xBLE.a(gatt.o)
                0x0000000000009a52                GATT_AppCompletedMsg
 .text.GATT_NotifyEvent
                0x0000000000009a82       0x56 /home/long/github/fingerprint_keyboard/sdk/CH583EVT/EVT/EXAM/BLE/LIB/libCH58xBLE.a(gatt.o)
                0x0000000000009a82                GATT_NotifyEvent
 .text.gattRegisterServer
                0x0000000000009ad8        0x6 /home/long/github/fingerprint_keyboard/sdk/CH583EVT/EVT/EXAM/BLE/LIB/libCH58xBLE.a(gatt.o)
                0x0000000000009ad8                gattRegisterServer
 .text.GATT_UpdateMTU
                0x0000000000009ade       0x5a /home/long/github/fingerprint_keyboard/sdk/CH583EVT/EVT/EXAM/BLE/LIB/libCH58xBLE.a(gatt.o)
                0x0000000000009ade                GATT_UpdateMTU
 .text.GATT_bm_alloc
                0x0000000000009b38       0xe8 /home/long/github/fingerprint_keyboard/sdk/CH583EVT/EVT/EXAM/BLE/LIB/libCH58xBLE.a(gatt.o)
                0x0000000000009b38                GATT_bm_alloc
 .text.GATT_ServiceChangedInd
                0x0000000000009c20       0x94 /home/long/github/fingerprint_keyboard/sdk/CH583EVT/EVT/EXAM/BLE/LIB/libCH58xBLE.a(gatt.o)
                0x0000000000009c20                GATT_ServiceChangedInd
 .text.GATT_bm_free
                0x0000000000009cb4       0x1c /home/long/github/fingerprint_keyboard/sdk/CH583EVT/EVT/EXAM/BLE/LIB/libCH58xBLE.a(gatt.o)
                0x0000000000009cb4                GATT_bm_free
 .text.GATT_Init
                0x0000000000009cd0       0x2a /home/long/github/fingerprint_keyboard/sdk/CH583EVT/EVT/EXAM/BLE/LIB/libCH58xBLE.a(gatt.o)
                0x0000000000009cd0                GATT_Init
 .text.GATT_ProcessEvent
                0x0000000000009cfa      0x13a /home/long/github/fingerprint_keyboard/sdk/CH583EVT/EVT/EXAM/BLE/LIB/libCH58xBLE.a(gatt.o)
                0x0000000000009cfa                GATT_ProcessEvent
 .text.gattProcessExchangeMTUReq
                0x0000000000009e34        0x4 /home/long/github/fingerprint_keyboard/sdk/CH583EVT/EVT/EXAM/BLE/LIB/libCH58xBLE.a(gattservapp.o)
 .text.gattServApp_FindCharCfgItem
                0x0000000000009e38       0x24 /home/long/github/fingerprint_keyboard/sdk/CH583EVT/EVT/EXAM/BLE/LIB/libCH58xBLE.a(gattservapp.o)
 .text.gattServerHandleTimerCB
                0x0000000000009e5c       0x3c /home/long/github/fingerprint_keyboard/sdk/CH583EVT/EVT/EXAM/BLE/LIB/libCH58xBLE.a(gattservapp.o)
 .text.GATTServApp_InitCharCfg.part.12
                0x0000000000009e98       0x20 /home/long/github/fingerprint_keyboard/sdk/CH583EVT/EVT/EXAM/BLE/LIB/libCH58xBLE.a(gattservapp.o)
 .text.gattProcessExecuteWriteReq
                0x0000000000009eb8        0x4 /home/long/github/fingerprint_keyboard/sdk/CH583EVT/EVT/EXAM/BLE/LIB/libCH58xBLE.a(gattservapp.o)
 .text.GATTServApp_ParamInit
                0x0000000000009ebc       0xd6 /home/long/github/fingerprint_keyboard/sdk/CH583EVT/EVT/EXAM/BLE/LIB/libCH58xBLE.a(gattservapp.o)
                0x0000000000009ebc                GATTServApp_ParamInit
 .text.GATTServApp_ReadCharCfg
                0x0000000000009f92       0x18 /home/long/github/fingerprint_keyboard/sdk/CH583EVT/EVT/EXAM/BLE/LIB/libCH58xBLE.a(gattservapp.o)
                0x0000000000009f92                GATTServApp_ReadCharCfg
 .text.GATTServApp_WriteCharCfg
                0x0000000000009faa       0x3c /home/long/github/fingerprint_keyboard/sdk/CH583EVT/EVT/EXAM/BLE/LIB/libCH58xBLE.a(gattservapp.o)
                0x0000000000009faa                GATTServApp_WriteCharCfg
 .text.GATTServApp_ProcessCCCWriteReq
                0x0000000000009fe6       0x60 /home/long/github/fingerprint_keyboard/sdk/CH583EVT/EVT/EXAM/BLE/LIB/libCH58xBLE.a(gattservapp.o)
                0x0000000000009fe6                GATTServApp_ProcessCCCWriteReq
 .text.gattServApp_WriteAttrCB
                0x000000000000a046       0x34 /home/long/github/fingerprint_keyboard/sdk/CH583EVT/EVT/EXAM/BLE/LIB/libCH58xBLE.a(gattservapp.o)
                0x000000000000a046                gattServApp_WriteAttrCB
 .text.GATTServApp_SendCCCUpdatedEvent
                0x000000000000a07a       0x5e /home/long/github/fingerprint_keyboard/sdk/CH583EVT/EVT/EXAM/BLE/LIB/libCH58xBLE.a(gattservapp.o)
                0x000000000000a07a                GATTServApp_SendCCCUpdatedEvent
 .text.GATTServApp_SendServiceChangedInd
                0x000000000000a0d8       0x36 /home/long/github/fingerprint_keyboard/sdk/CH583EVT/EVT/EXAM/BLE/LIB/libCH58xBLE.a(gattservapp.o)
                0x000000000000a0d8                GATTServApp_SendServiceChangedInd
 .text.gattServApp_ClearPrepareWriteQ
                0x000000000000a10e       0x50 /home/long/github/fingerprint_keyboard/sdk/CH583EVT/EVT/EXAM/BLE/LIB/libCH58xBLE.a(gattservapp.o)
                0x000000000000a10e                gattServApp_ClearPrepareWriteQ
 .text.gattServApp_FindPrepareWriteQ
                0x000000000000a15e       0x30 /home/long/github/fingerprint_keyboard/sdk/CH583EVT/EVT/EXAM/BLE/LIB/libCH58xBLE.a(gattservapp.o)
                0x000000000000a15e                gattServApp_FindPrepareWriteQ
 .text.gattServApp_FindServiceCBs
                0x000000000000a18e       0x18 /home/long/github/fingerprint_keyboard/sdk/CH583EVT/EVT/EXAM/BLE/LIB/libCH58xBLE.a(gattservapp.o)
                0x000000000000a18e                gattServApp_FindServiceCBs
 .text.gattServApp_FindAuthorizeAttrCB
                0x000000000000a1a6       0x16 /home/long/github/fingerprint_keyboard/sdk/CH583EVT/EVT/EXAM/BLE/LIB/libCH58xBLE.a(gattservapp.o)
                0x000000000000a1a6                gattServApp_FindAuthorizeAttrCB
 .text.gattServApp_IsWriteLong
                0x000000000000a1bc       0xea /home/long/github/fingerprint_keyboard/sdk/CH583EVT/EVT/EXAM/BLE/LIB/libCH58xBLE.a(gattservapp.o)
                0x000000000000a1bc                gattServApp_IsWriteLong
 .text.gattFindService
                0x000000000000a2a6       0x1c /home/long/github/fingerprint_keyboard/sdk/CH583EVT/EVT/EXAM/BLE/LIB/libCH58xBLE.a(gattservapp.o)
                0x000000000000a2a6                gattFindService
 .text.GATT_ServiceNumAttrs
                0x000000000000a2c2       0x18 /home/long/github/fingerprint_keyboard/sdk/CH583EVT/EVT/EXAM/BLE/LIB/libCH58xBLE.a(gattservapp.o)
                0x000000000000a2c2                GATT_ServiceNumAttrs
 .text.GATT_ServiceEncKeySize
                0x000000000000a2da       0x18 /home/long/github/fingerprint_keyboard/sdk/CH583EVT/EVT/EXAM/BLE/LIB/libCH58xBLE.a(gattservapp.o)
                0x000000000000a2da                GATT_ServiceEncKeySize
 .text.GATT_VerifyWritePermissions.part.7
                0x000000000000a2f2       0x2e /home/long/github/fingerprint_keyboard/sdk/CH583EVT/EVT/EXAM/BLE/LIB/libCH58xBLE.a(gattservapp.o)
 .text.gattResetServerInfo
                0x000000000000a320       0x1c /home/long/github/fingerprint_keyboard/sdk/CH583EVT/EVT/EXAM/BLE/LIB/libCH58xBLE.a(gattservapp.o)
                0x000000000000a320                gattResetServerInfo
 .text.gattFindServerInfo
                0x000000000000a33c       0x2c /home/long/github/fingerprint_keyboard/sdk/CH583EVT/EVT/EXAM/BLE/LIB/libCH58xBLE.a(gattservapp.o)
                0x000000000000a33c                gattFindServerInfo
 .text.gattServerHandleConnStatusCB
                0x000000000000a368       0x98 /home/long/github/fingerprint_keyboard/sdk/CH583EVT/EVT/EXAM/BLE/LIB/libCH58xBLE.a(gattservapp.o)
                0x000000000000a368                gattServerHandleConnStatusCB
 .text.gattServerProcessMsgCB
                0x000000000000a400      0x1c0 /home/long/github/fingerprint_keyboard/sdk/CH583EVT/EVT/EXAM/BLE/LIB/libCH58xBLE.a(gattservapp.o)
                0x000000000000a400                gattServerProcessMsgCB
 .text.gattServerNotifyTxCB
                0x000000000000a5c0       0x28 /home/long/github/fingerprint_keyboard/sdk/CH583EVT/EVT/EXAM/BLE/LIB/libCH58xBLE.a(gattservapp.o)
 .text.GATT_FindHandle
                0x000000000000a5e8       0x4a /home/long/github/fingerprint_keyboard/sdk/CH583EVT/EVT/EXAM/BLE/LIB/libCH58xBLE.a(gattservapp.o)
                0x000000000000a5e8                GATT_FindHandle
 .text.GATTServApp_WriteAttr
                0x000000000000a632       0xa8 /home/long/github/fingerprint_keyboard/sdk/CH583EVT/EVT/EXAM/BLE/LIB/libCH58xBLE.a(gattservapp.o)
                0x000000000000a632                GATTServApp_WriteAttr
 .text.gattServApp_ProcessExecuteWriteReq
                0x000000000000a6da      0x100 /home/long/github/fingerprint_keyboard/sdk/CH583EVT/EVT/EXAM/BLE/LIB/libCH58xBLE.a(gattservapp.o)
                0x000000000000a6da                gattServApp_ProcessExecuteWriteReq
 .text.GATTServApp_UpdateCharCfg
                0x000000000000a7da       0x1e /home/long/github/fingerprint_keyboard/sdk/CH583EVT/EVT/EXAM/BLE/LIB/libCH58xBLE.a(gattservapp.o)
                0x000000000000a7da                GATTServApp_UpdateCharCfg
 .text.gattServApp_ProcessPrepareWriteReq
                0x000000000000a7f8      0x10e /home/long/github/fingerprint_keyboard/sdk/CH583EVT/EVT/EXAM/BLE/LIB/libCH58xBLE.a(gattservapp.o)
                0x000000000000a7f8                gattServApp_ProcessPrepareWriteReq
 .text.gattServApp_ProcessWriteReq
                0x000000000000a906       0xb0 /home/long/github/fingerprint_keyboard/sdk/CH583EVT/EVT/EXAM/BLE/LIB/libCH58xBLE.a(gattservapp.o)
                0x000000000000a906                gattServApp_ProcessWriteReq
 .text.GATT_Indication
                0x000000000000a9b6       0xa4 /home/long/github/fingerprint_keyboard/sdk/CH583EVT/EVT/EXAM/BLE/LIB/libCH58xBLE.a(gattservapp.o)
                0x000000000000a9b6                GATT_Indication
 .text.GATT_FindHandleUUID
                0x000000000000aa5a       0x94 /home/long/github/fingerprint_keyboard/sdk/CH583EVT/EVT/EXAM/BLE/LIB/libCH58xBLE.a(gattservapp.o)
                0x000000000000aa5a                GATT_FindHandleUUID
 .text.gattProcessReadByGrpTypeReq
                0x000000000000aaee       0x60 /home/long/github/fingerprint_keyboard/sdk/CH583EVT/EVT/EXAM/BLE/LIB/libCH58xBLE.a(gattservapp.o)
 .text.gattProcessReadByTypeReq
                0x000000000000ab4e       0x34 /home/long/github/fingerprint_keyboard/sdk/CH583EVT/EVT/EXAM/BLE/LIB/libCH58xBLE.a(gattservapp.o)
 .text.gattProcessFindByTypeValueReq
                0x000000000000ab82       0x34 /home/long/github/fingerprint_keyboard/sdk/CH583EVT/EVT/EXAM/BLE/LIB/libCH58xBLE.a(gattservapp.o)
 .text.gattProcessFindInfoReq
                0x000000000000abb6      0x1aa /home/long/github/fingerprint_keyboard/sdk/CH583EVT/EVT/EXAM/BLE/LIB/libCH58xBLE.a(gattservapp.o)
 .text.GATT_Notification
                0x000000000000ad60       0x70 /home/long/github/fingerprint_keyboard/sdk/CH583EVT/EVT/EXAM/BLE/LIB/libCH58xBLE.a(gattservapp.o)
                0x000000000000ad60                GATT_Notification
 .text.GATT_VerifyWritePermissions
                0x000000000000add0       0x6a /home/long/github/fingerprint_keyboard/sdk/CH583EVT/EVT/EXAM/BLE/LIB/libCH58xBLE.a(gattservapp.o)
                0x000000000000add0                GATT_VerifyWritePermissions
 .text.gattProcessWriteReq
                0x000000000000ae3a       0x36 /home/long/github/fingerprint_keyboard/sdk/CH583EVT/EVT/EXAM/BLE/LIB/libCH58xBLE.a(gattservapp.o)
 .text.GATT_VerifyPrepareWritePermissions
                0x000000000000ae70       0x56 /home/long/github/fingerprint_keyboard/sdk/CH583EVT/EVT/EXAM/BLE/LIB/libCH58xBLE.a(gattservapp.o)
                0x000000000000ae70                GATT_VerifyPrepareWritePermissions
 .text.gattProcessPrepareWriteReq
                0x000000000000aec6       0x36 /home/long/github/fingerprint_keyboard/sdk/CH583EVT/EVT/EXAM/BLE/LIB/libCH58xBLE.a(gattservapp.o)
 .text.GATT_FindNextAttr
                0x000000000000aefc       0xc2 /home/long/github/fingerprint_keyboard/sdk/CH583EVT/EVT/EXAM/BLE/LIB/libCH58xBLE.a(gattservapp.o)
                0x000000000000aefc                GATT_FindNextAttr
 .text.GATTServApp_ReadAttr
                0x000000000000afbe      0x2ea /home/long/github/fingerprint_keyboard/sdk/CH583EVT/EVT/EXAM/BLE/LIB/libCH58xBLE.a(gattservapp.o)
                0x000000000000afbe                GATTServApp_ReadAttr
 .text.gattServApp_ProcessReadMultiReq
                0x000000000000b2a8      0x16e /home/long/github/fingerprint_keyboard/sdk/CH583EVT/EVT/EXAM/BLE/LIB/libCH58xBLE.a(gattservapp.o)
                0x000000000000b2a8                gattServApp_ProcessReadMultiReq
 .text.gattServApp_ProcessFindByTypeValueReq
                0x000000000000b416      0x1a0 /home/long/github/fingerprint_keyboard/sdk/CH583EVT/EVT/EXAM/BLE/LIB/libCH58xBLE.a(gattservapp.o)
                0x000000000000b416                gattServApp_ProcessFindByTypeValueReq
 .text.GATT_VerifyReadPermissions
                0x000000000000b5b6       0x68 /home/long/github/fingerprint_keyboard/sdk/CH583EVT/EVT/EXAM/BLE/LIB/libCH58xBLE.a(gattservapp.o)
                0x000000000000b5b6                GATT_VerifyReadPermissions
 .text.gattProcessReadMultiReq
                0x000000000000b61e       0xae /home/long/github/fingerprint_keyboard/sdk/CH583EVT/EVT/EXAM/BLE/LIB/libCH58xBLE.a(gattservapp.o)
 .text.gattProcessReadReq
                0x000000000000b6cc       0x30 /home/long/github/fingerprint_keyboard/sdk/CH583EVT/EVT/EXAM/BLE/LIB/libCH58xBLE.a(gattservapp.o)
 .text.gattServApp_ProcessReadByGrpTypeReq
                0x000000000000b6fc      0x200 /home/long/github/fingerprint_keyboard/sdk/CH583EVT/EVT/EXAM/BLE/LIB/libCH58xBLE.a(gattservapp.o)
                0x000000000000b6fc                gattServApp_ProcessReadByGrpTypeReq
 .text.gattServApp_ProcessReadByTypeReq
                0x000000000000b8fc      0x1ae /home/long/github/fingerprint_keyboard/sdk/CH583EVT/EVT/EXAM/BLE/LIB/libCH58xBLE.a(gattservapp.o)
                0x000000000000b8fc                gattServApp_ProcessReadByTypeReq
 .text.GATT_RegisterService
                0x000000000000baaa      0x100 /home/long/github/fingerprint_keyboard/sdk/CH583EVT/EVT/EXAM/BLE/LIB/libCH58xBLE.a(gattservapp.o)
                0x000000000000baaa                GATT_RegisterService
 .text.GATTServApp_RegisterService
                0x000000000000bbaa       0x7c /home/long/github/fingerprint_keyboard/sdk/CH583EVT/EVT/EXAM/BLE/LIB/libCH58xBLE.a(gattservapp.o)
                0x000000000000bbaa                GATTServApp_RegisterService
 .text.GATTServApp_AddService
                0x000000000000bc26       0x2c /home/long/github/fingerprint_keyboard/sdk/CH583EVT/EVT/EXAM/BLE/LIB/libCH58xBLE.a(gattservapp.o)
                0x000000000000bc26                GATTServApp_AddService
 .text.GATTServApp_RegisterForMsg
                0x000000000000bc52        0x6 /home/long/github/fingerprint_keyboard/sdk/CH583EVT/EVT/EXAM/BLE/LIB/libCH58xBLE.a(gattservapp.o)
                0x000000000000bc52                GATTServApp_RegisterForMsg
 .text.GATTServApp_InitCharCfg
                0x000000000000bc58       0x28 /home/long/github/fingerprint_keyboard/sdk/CH583EVT/EVT/EXAM/BLE/LIB/libCH58xBLE.a(gattservapp.o)
                0x000000000000bc58                GATTServApp_InitCharCfg
 .text.gattServApp_HandleConnStatusCB
                0x000000000000bc80       0x74 /home/long/github/fingerprint_keyboard/sdk/CH583EVT/EVT/EXAM/BLE/LIB/libCH58xBLE.a(gattservapp.o)
                0x000000000000bc80                gattServApp_HandleConnStatusCB
 .text.GATT_InitServer
                0x000000000000bcf4       0xfa /home/long/github/fingerprint_keyboard/sdk/CH583EVT/EVT/EXAM/BLE/LIB/libCH58xBLE.a(gattservapp.o)
                0x000000000000bcf4                GATT_InitServer
 .text.GATTServApp_Init
                0x000000000000bdee       0x34 /home/long/github/fingerprint_keyboard/sdk/CH583EVT/EVT/EXAM/BLE/LIB/libCH58xBLE.a(gattservapp.o)
                0x000000000000bdee                GATTServApp_Init
 .text.GATTServApp_ProcessEvent
                0x000000000000be22      0x36a /home/long/github/fingerprint_keyboard/sdk/CH583EVT/EVT/EXAM/BLE/LIB/libCH58xBLE.a(gattservapp.o)
                0x000000000000be22                GATTServApp_ProcessEvent
 .text.l2capAllocConnChannel
                0x000000000000c18c       0xdc /home/long/github/fingerprint_keyboard/sdk/CH583EVT/EVT/EXAM/BLE/LIB/libCH58xBLE.a(l2cap.o)
                0x000000000000c18c                l2capAllocConnChannel
 .text.l2capFindLocalCID
                0x000000000000c268       0x2c /home/long/github/fingerprint_keyboard/sdk/CH583EVT/EVT/EXAM/BLE/LIB/libCH58xBLE.a(l2cap.o)
                0x000000000000c268                l2capFindLocalCID
 .text.l2capFindLocalId
                0x000000000000c294       0x30 /home/long/github/fingerprint_keyboard/sdk/CH583EVT/EVT/EXAM/BLE/LIB/libCH58xBLE.a(l2cap.o)
                0x000000000000c294                l2capFindLocalId
 .text.l2capFindPsm
                0x000000000000c2c4       0x2c /home/long/github/fingerprint_keyboard/sdk/CH583EVT/EVT/EXAM/BLE/LIB/libCH58xBLE.a(l2cap.o)
                0x000000000000c2c4                l2capFindPsm
 .text.l2capFindRemoteCID
                0x000000000000c2f0       0x3c /home/long/github/fingerprint_keyboard/sdk/CH583EVT/EVT/EXAM/BLE/LIB/libCH58xBLE.a(l2cap.o)
                0x000000000000c2f0                l2capFindRemoteCID
 .text.l2capFreeChannel
                0x000000000000c32c       0x4e /home/long/github/fingerprint_keyboard/sdk/CH583EVT/EVT/EXAM/BLE/LIB/libCH58xBLE.a(l2cap.o)
                0x000000000000c32c                l2capFreeChannel
 .text.l2capDisconnectChannel
                0x000000000000c37a       0x28 /home/long/github/fingerprint_keyboard/sdk/CH583EVT/EVT/EXAM/BLE/LIB/libCH58xBLE.a(l2cap.o)
                0x000000000000c37a                l2capDisconnectChannel
 .text.l2capHandleTimerCB
                0x000000000000c3a2       0x2c /home/long/github/fingerprint_keyboard/sdk/CH583EVT/EVT/EXAM/BLE/LIB/libCH58xBLE.a(l2cap.o)
                0x000000000000c3a2                l2capHandleTimerCB
 .text.l2capFreePendingPkt
                0x000000000000c3ce       0x58 /home/long/github/fingerprint_keyboard/sdk/CH583EVT/EVT/EXAM/BLE/LIB/libCH58xBLE.a(l2cap.o)
                0x000000000000c3ce                l2capFreePendingPkt
 .text.l2capGetCoChannelInfo
                0x000000000000c426       0x82 /home/long/github/fingerprint_keyboard/sdk/CH583EVT/EVT/EXAM/BLE/LIB/libCH58xBLE.a(l2cap.o)
                0x000000000000c426                l2capGetCoChannelInfo
 .text.l2capNumActiveChannnels
                0x000000000000c4a8       0x44 /home/long/github/fingerprint_keyboard/sdk/CH583EVT/EVT/EXAM/BLE/LIB/libCH58xBLE.a(l2cap.o)
                0x000000000000c4a8                l2capNumActiveChannnels
 .text.l2capStartTimer
                0x000000000000c4ec       0x1a /home/long/github/fingerprint_keyboard/sdk/CH583EVT/EVT/EXAM/BLE/LIB/libCH58xBLE.a(l2cap.o)
                0x000000000000c4ec                l2capStartTimer
 .text.l2capStopTimer
                0x000000000000c506       0x1e /home/long/github/fingerprint_keyboard/sdk/CH583EVT/EVT/EXAM/BLE/LIB/libCH58xBLE.a(l2cap.o)
                0x000000000000c506                l2capStopTimer
 .text.l2capDisconnectAllChannels
                0x000000000000c524       0xdc /home/long/github/fingerprint_keyboard/sdk/CH583EVT/EVT/EXAM/BLE/LIB/libCH58xBLE.a(l2cap.o)
                0x000000000000c524                l2capDisconnectAllChannels
 .text.l2capHandleConnStatusCB
                0x000000000000c600       0x3c /home/long/github/fingerprint_keyboard/sdk/CH583EVT/EVT/EXAM/BLE/LIB/libCH58xBLE.a(l2cap.o)
                0x000000000000c600                l2capHandleConnStatusCB
 .text.l2capHandleRxError
                0x000000000000c63c        0x6 /home/long/github/fingerprint_keyboard/sdk/CH583EVT/EVT/EXAM/BLE/LIB/libCH58xBLE.a(l2cap.o)
                0x000000000000c63c                l2capHandleRxError
 .text.L2CAP_GetMTU
                0x000000000000c642        0x6 /home/long/github/fingerprint_keyboard/sdk/CH583EVT/EVT/EXAM/BLE/LIB/libCH58xBLE.a(l2cap.o)
                0x000000000000c642                L2CAP_GetMTU
 .text.L2CAP_HostNumCompletedPkts
                0x000000000000c648       0x28 /home/long/github/fingerprint_keyboard/sdk/CH583EVT/EVT/EXAM/BLE/LIB/libCH58xBLE.a(l2cap.o)
                0x000000000000c648                L2CAP_HostNumCompletedPkts
 .text.L2CAP_ParseConnectReq
                0x000000000000c670       0x5e /home/long/github/fingerprint_keyboard/sdk/CH583EVT/EVT/EXAM/BLE/LIB/libCH58xBLE.a(l2cap.o)
                0x000000000000c670                L2CAP_ParseConnectReq
 .text.L2CAP_ParseFlowCtrlCredit
                0x000000000000c6ce       0x2e /home/long/github/fingerprint_keyboard/sdk/CH583EVT/EVT/EXAM/BLE/LIB/libCH58xBLE.a(l2cap.o)
                0x000000000000c6ce                L2CAP_ParseFlowCtrlCredit
 .text.L2CAP_RegisterApp
                0x000000000000c6fc       0x30 /home/long/github/fingerprint_keyboard/sdk/CH583EVT/EVT/EXAM/BLE/LIB/libCH58xBLE.a(l2cap.o)
                0x000000000000c6fc                L2CAP_RegisterApp
 .text.L2CAP_SetBufSize
                0x000000000000c72c       0x1e /home/long/github/fingerprint_keyboard/sdk/CH583EVT/EVT/EXAM/BLE/LIB/libCH58xBLE.a(l2cap.o)
                0x000000000000c72c                L2CAP_SetBufSize
 .text.L2CAP_bm_alloc
                0x000000000000c74a       0x2a /home/long/github/fingerprint_keyboard/sdk/CH583EVT/EVT/EXAM/BLE/LIB/libCH58xBLE.a(l2cap.o)
                0x000000000000c74a                L2CAP_bm_alloc
 .text.L2CAP_Init
                0x000000000000c774      0x142 /home/long/github/fingerprint_keyboard/sdk/CH583EVT/EVT/EXAM/BLE/LIB/libCH58xBLE.a(l2cap.o)
                0x000000000000c774                L2CAP_Init
 .text.L2CAP_ProcessEvent
                0x000000000000c8b6       0xc8 /home/long/github/fingerprint_keyboard/sdk/CH583EVT/EVT/EXAM/BLE/LIB/libCH58xBLE.a(l2cap.o)
                0x000000000000c8b6                L2CAP_ProcessEvent
 .text.l2capParseCmdReject
                0x000000000000c97e       0x5e /home/long/github/fingerprint_keyboard/sdk/CH583EVT/EVT/EXAM/BLE/LIB/libCH58xBLE.a(l2cap_input.o)
                0x000000000000c97e                l2capParseCmdReject
 .text.l2capParseDisconnectReq
                0x000000000000c9dc       0x2e /home/long/github/fingerprint_keyboard/sdk/CH583EVT/EVT/EXAM/BLE/LIB/libCH58xBLE.a(l2cap_input.o)
                0x000000000000c9dc                l2capParseDisconnectReq
 .text.l2capParseDisconnectRsp
                0x000000000000ca0a       0x2e /home/long/github/fingerprint_keyboard/sdk/CH583EVT/EVT/EXAM/BLE/LIB/libCH58xBLE.a(l2cap_input.o)
                0x000000000000ca0a                l2capParseDisconnectRsp
 .text.L2CAP_ParseParamUpdateReq
                0x000000000000ca38       0x4e /home/long/github/fingerprint_keyboard/sdk/CH583EVT/EVT/EXAM/BLE/LIB/libCH58xBLE.a(l2cap_input.o)
                0x000000000000ca38                L2CAP_ParseParamUpdateReq
 .text.l2capParseParamUpdateRsp
                0x000000000000ca86       0x1e /home/long/github/fingerprint_keyboard/sdk/CH583EVT/EVT/EXAM/BLE/LIB/libCH58xBLE.a(l2cap_input.o)
                0x000000000000ca86                l2capParseParamUpdateRsp
 .text.l2capProcessConnectReq
                0x000000000000caa4       0xfc /home/long/github/fingerprint_keyboard/sdk/CH583EVT/EVT/EXAM/BLE/LIB/libCH58xBLE.a(l2cap_input.o)
                0x000000000000caa4                l2capProcessConnectReq
 .text.l2capParseConnectRsp
                0x000000000000cba0       0x5e /home/long/github/fingerprint_keyboard/sdk/CH583EVT/EVT/EXAM/BLE/LIB/libCH58xBLE.a(l2cap_input.o)
                0x000000000000cba0                l2capParseConnectRsp
 .text.l2capParseSignalHdr
                0x000000000000cbfe       0x22 /home/long/github/fingerprint_keyboard/sdk/CH583EVT/EVT/EXAM/BLE/LIB/libCH58xBLE.a(l2cap_input.o)
                0x000000000000cbfe                l2capParseSignalHdr
 .text.l2capParsePacket
                0x000000000000cc20       0x8c /home/long/github/fingerprint_keyboard/sdk/CH583EVT/EVT/EXAM/BLE/LIB/libCH58xBLE.a(l2cap_input.o)
                0x000000000000cc20                l2capParsePacket
 .text.l2capProcessReq
                0x000000000000ccac      0x15a /home/long/github/fingerprint_keyboard/sdk/CH583EVT/EVT/EXAM/BLE/LIB/libCH58xBLE.a(l2cap_input.o)
                0x000000000000ccac                l2capProcessReq
 .text.l2capProcessRsp
                0x000000000000ce06      0x150 /home/long/github/fingerprint_keyboard/sdk/CH583EVT/EVT/EXAM/BLE/LIB/libCH58xBLE.a(l2cap_input.o)
                0x000000000000ce06                l2capProcessRsp
 .text.l2capProcessRxData
                0x000000000000cf56       0xf8 /home/long/github/fingerprint_keyboard/sdk/CH583EVT/EVT/EXAM/BLE/LIB/libCH58xBLE.a(l2cap_input.o)
                0x000000000000cf56                l2capProcessRxData
 .text.l2capNotifyData
                0x000000000000d04e       0x5e /home/long/github/fingerprint_keyboard/sdk/CH583EVT/EVT/EXAM/BLE/LIB/libCH58xBLE.a(l2cap_output.o)
                0x000000000000d04e                l2capNotifyData
 .text.l2capNotifySignal
                0x000000000000d0ac       0x7a /home/long/github/fingerprint_keyboard/sdk/CH583EVT/EVT/EXAM/BLE/LIB/libCH58xBLE.a(l2cap_output.o)
                0x000000000000d0ac                l2capNotifySignal
 .text.l2capNotifyCreditEvt
                0x000000000000d126       0xa0 /home/long/github/fingerprint_keyboard/sdk/CH583EVT/EVT/EXAM/BLE/LIB/libCH58xBLE.a(l2cap_output.o)
                0x000000000000d126                l2capNotifyCreditEvt
 .text.l2capNotifyChannelEstEvt
                0x000000000000d1c6       0x5c /home/long/github/fingerprint_keyboard/sdk/CH583EVT/EVT/EXAM/BLE/LIB/libCH58xBLE.a(l2cap_output.o)
                0x000000000000d1c6                l2capNotifyChannelEstEvt
 .text.l2capNotifyChannelTermEvt
                0x000000000000d222       0x3e /home/long/github/fingerprint_keyboard/sdk/CH583EVT/EVT/EXAM/BLE/LIB/libCH58xBLE.a(l2cap_output.o)
                0x000000000000d222                l2capNotifyChannelTermEvt
 .text.l2capNotifyEvent
                0x000000000000d260       0x66 /home/long/github/fingerprint_keyboard/sdk/CH583EVT/EVT/EXAM/BLE/LIB/libCH58xBLE.a(l2cap_output.o)
                0x000000000000d260                l2capNotifyEvent
 .text.l2capStoreFCPkt
                0x000000000000d2c6       0x32 /home/long/github/fingerprint_keyboard/sdk/CH583EVT/EVT/EXAM/BLE/LIB/libCH58xBLE.a(l2cap_output.o)
                0x000000000000d2c6                l2capStoreFCPkt
 .text.l2capFreeTxSDU
                0x000000000000d2f8       0x9e /home/long/github/fingerprint_keyboard/sdk/CH583EVT/EVT/EXAM/BLE/LIB/libCH58xBLE.a(l2cap_output.o)
                0x000000000000d2f8                l2capFreeTxSDU
 .text.l2capReassembleSegment
                0x000000000000d396      0x174 /home/long/github/fingerprint_keyboard/sdk/CH583EVT/EVT/EXAM/BLE/LIB/libCH58xBLE.a(l2cap_output.o)
                0x000000000000d396                l2capReassembleSegment
 .text.l2capEncapSendData
                0x000000000000d50a       0xec /home/long/github/fingerprint_keyboard/sdk/CH583EVT/EVT/EXAM/BLE/LIB/libCH58xBLE.a(l2cap_output.o)
                0x000000000000d50a                l2capEncapSendData
 .text.l2capSendFCPkt.part.3
                0x000000000000d5f6       0x70 /home/long/github/fingerprint_keyboard/sdk/CH583EVT/EVT/EXAM/BLE/LIB/libCH58xBLE.a(l2cap_output.o)
 .text.l2capSendSegment
                0x000000000000d666      0x108 /home/long/github/fingerprint_keyboard/sdk/CH583EVT/EVT/EXAM/BLE/LIB/libCH58xBLE.a(l2cap_output.o)
                0x000000000000d666                l2capSendSegment
 .text.l2capSendNextSegment
                0x000000000000d76e       0xb4 /home/long/github/fingerprint_keyboard/sdk/CH583EVT/EVT/EXAM/BLE/LIB/libCH58xBLE.a(l2cap_output.o)
                0x000000000000d76e                l2capSendNextSegment
 .text.l2capSendPkt
                0x000000000000d822       0x3a /home/long/github/fingerprint_keyboard/sdk/CH583EVT/EVT/EXAM/BLE/LIB/libCH58xBLE.a(l2cap_output.o)
                0x000000000000d822                l2capSendPkt
 .text.L2CAP_SendData
                0x000000000000d85c       0x82 /home/long/github/fingerprint_keyboard/sdk/CH583EVT/EVT/EXAM/BLE/LIB/libCH58xBLE.a(l2cap_output.o)
                0x000000000000d85c                L2CAP_SendData
 .text.l2capSendCmd
                0x000000000000d8de       0x8a /home/long/github/fingerprint_keyboard/sdk/CH583EVT/EVT/EXAM/BLE/LIB/libCH58xBLE.a(l2cap_output.o)
                0x000000000000d8de                l2capSendCmd
 .text.l2capSendReq
                0x000000000000d968       0xbc /home/long/github/fingerprint_keyboard/sdk/CH583EVT/EVT/EXAM/BLE/LIB/libCH58xBLE.a(l2cap_output.o)
                0x000000000000d968                l2capSendReq
 .text.l2capBuildDisconnectReq
                0x000000000000da24       0x28 /home/long/github/fingerprint_keyboard/sdk/CH583EVT/EVT/EXAM/BLE/LIB/libCH58xBLE.a(l2cap_sdu.o)
 .text.l2capBuildParamUpdateReq
                0x000000000000da4c       0x4c /home/long/github/fingerprint_keyboard/sdk/CH583EVT/EVT/EXAM/BLE/LIB/libCH58xBLE.a(l2cap_sdu.o)
 .text.l2capBuildParamUpdateRsp
                0x000000000000da98       0x16 /home/long/github/fingerprint_keyboard/sdk/CH583EVT/EVT/EXAM/BLE/LIB/libCH58xBLE.a(l2cap_sdu.o)
 .text.l2capBuildConnectRsp
                0x000000000000daae       0x5e /home/long/github/fingerprint_keyboard/sdk/CH583EVT/EVT/EXAM/BLE/LIB/libCH58xBLE.a(l2cap_sdu.o)
 .text.l2capBuildCmdReject
                0x000000000000db0c       0x62 /home/long/github/fingerprint_keyboard/sdk/CH583EVT/EVT/EXAM/BLE/LIB/libCH58xBLE.a(l2cap_sdu.o)
                0x000000000000db0c                l2capBuildCmdReject
 .text.l2capBuildDisconnectRsp
                0x000000000000db6e       0x28 /home/long/github/fingerprint_keyboard/sdk/CH583EVT/EVT/EXAM/BLE/LIB/libCH58xBLE.a(l2cap_sdu.o)
                0x000000000000db6e                l2capBuildDisconnectRsp
 .text.l2capSendConnectRsp
                0x000000000000db96       0xa6 /home/long/github/fingerprint_keyboard/sdk/CH583EVT/EVT/EXAM/BLE/LIB/libCH58xBLE.a(l2cap_sdu.o)
                0x000000000000db96                l2capSendConnectRsp
 .text.L2CAP_CmdReject
                0x000000000000dc3c       0x12 /home/long/github/fingerprint_keyboard/sdk/CH583EVT/EVT/EXAM/BLE/LIB/libCH58xBLE.a(l2cap_sdu.o)
                0x000000000000dc3c                L2CAP_CmdReject
 .text.L2CAP_DisconnectReq
                0x000000000000dc4e       0x2a /home/long/github/fingerprint_keyboard/sdk/CH583EVT/EVT/EXAM/BLE/LIB/libCH58xBLE.a(l2cap_sdu.o)
                0x000000000000dc4e                L2CAP_DisconnectReq
 .text.L2CAP_ConnParamUpdateReq
                0x000000000000dc78       0x16 /home/long/github/fingerprint_keyboard/sdk/CH583EVT/EVT/EXAM/BLE/LIB/libCH58xBLE.a(l2cap_sdu.o)
                0x000000000000dc78                L2CAP_ConnParamUpdateReq
 .text.L2CAP_ConnParamUpdateRsp
                0x000000000000dc8e       0x12 /home/long/github/fingerprint_keyboard/sdk/CH583EVT/EVT/EXAM/BLE/LIB/libCH58xBLE.a(l2cap_sdu.o)
                0x000000000000dc8e                L2CAP_ConnParamUpdateRsp
 .text.reportStatusChange
                0x000000000000dca0       0x3e /home/long/github/fingerprint_keyboard/sdk/CH583EVT/EVT/EXAM/BLE/LIB/libCH58xBLE.a(linkdb.o)
 .text.linkDB_Init
                0x000000000000dcde       0xa0 /home/long/github/fingerprint_keyboard/sdk/CH583EVT/EVT/EXAM/BLE/LIB/libCH58xBLE.a(linkdb.o)
                0x000000000000dcde                linkDB_Init
 .text.linkDB_Find
                0x000000000000dd7e       0x30 /home/long/github/fingerprint_keyboard/sdk/CH583EVT/EVT/EXAM/BLE/LIB/libCH58xBLE.a(linkdb.o)
                0x000000000000dd7e                linkDB_Find
 .text.linkDB_Authen
                0x000000000000ddae       0x5c /home/long/github/fingerprint_keyboard/sdk/CH583EVT/EVT/EXAM/BLE/LIB/libCH58xBLE.a(linkdb.o)
                0x000000000000ddae                linkDB_Authen
 .text.linkDB_FindByAddr
                0x000000000000de0a       0x7e /home/long/github/fingerprint_keyboard/sdk/CH583EVT/EVT/EXAM/BLE/LIB/libCH58xBLE.a(linkdb.o)
                0x000000000000de0a                linkDB_FindByAddr
 .text.linkDB_FindFirst
                0x000000000000de88       0x3c /home/long/github/fingerprint_keyboard/sdk/CH583EVT/EVT/EXAM/BLE/LIB/libCH58xBLE.a(linkdb.o)
                0x000000000000de88                linkDB_FindFirst
 .text.linkDB_MTU
                0x000000000000dec4       0x18 /home/long/github/fingerprint_keyboard/sdk/CH583EVT/EVT/EXAM/BLE/LIB/libCH58xBLE.a(linkdb.o)
                0x000000000000dec4                linkDB_MTU
 .text.linkDB_NumActive
                0x000000000000dedc       0x32 /home/long/github/fingerprint_keyboard/sdk/CH583EVT/EVT/EXAM/BLE/LIB/libCH58xBLE.a(linkdb.o)
                0x000000000000dedc                linkDB_NumActive
 .text.linkDB_NumConns
                0x000000000000df0e        0xa /home/long/github/fingerprint_keyboard/sdk/CH583EVT/EVT/EXAM/BLE/LIB/libCH58xBLE.a(linkdb.o)
                0x000000000000df0e                linkDB_NumConns
 .text.linkDB_Register
                0x000000000000df18       0x28 /home/long/github/fingerprint_keyboard/sdk/CH583EVT/EVT/EXAM/BLE/LIB/libCH58xBLE.a(linkdb.o)
                0x000000000000df18                linkDB_Register
 .text.linkDB_Remove
                0x000000000000df40       0x4c /home/long/github/fingerprint_keyboard/sdk/CH583EVT/EVT/EXAM/BLE/LIB/libCH58xBLE.a(linkdb.o)
                0x000000000000df40                linkDB_Remove
 .text.linkDB_Role
                0x000000000000df8c       0x18 /home/long/github/fingerprint_keyboard/sdk/CH583EVT/EVT/EXAM/BLE/LIB/libCH58xBLE.a(linkdb.o)
                0x000000000000df8c                linkDB_Role
 .text.linkDB_State
                0x000000000000dfa4       0x30 /home/long/github/fingerprint_keyboard/sdk/CH583EVT/EVT/EXAM/BLE/LIB/libCH58xBLE.a(linkdb.o)
                0x000000000000dfa4                linkDB_State
 .text.linkDB_UpdateMTU
                0x000000000000dfd4       0x28 /home/long/github/fingerprint_keyboard/sdk/CH583EVT/EVT/EXAM/BLE/LIB/libCH58xBLE.a(linkdb.o)
                0x000000000000dfd4                linkDB_UpdateMTU
 .text.linkDB_PerformFunc
                0x000000000000dffc       0x56 /home/long/github/fingerprint_keyboard/sdk/CH583EVT/EVT/EXAM/BLE/LIB/libCH58xBLE.a(linkdb.o)
                0x000000000000dffc                linkDB_PerformFunc
 .text.linkDB_PeripheralLinkNum
                0x000000000000e052       0x42 /home/long/github/fingerprint_keyboard/sdk/CH583EVT/EVT/EXAM/BLE/LIB/libCH58xBLE.a(linkdb.o)
                0x000000000000e052                linkDB_PeripheralLinkNum
 .text.linkDB_GetSMEvtID
                0x000000000000e094       0x5c /home/long/github/fingerprint_keyboard/sdk/CH583EVT/EVT/EXAM/BLE/LIB/libCH58xBLE.a(linkdb.o)
                0x000000000000e094                linkDB_GetSMEvtID
 .text.linkDB_Add
                0x000000000000e0f0       0xb2 /home/long/github/fingerprint_keyboard/sdk/CH583EVT/EVT/EXAM/BLE/LIB/libCH58xBLE.a(linkdb.o)
                0x000000000000e0f0                linkDB_Add
 .text.linkDB_GetHandleFromSMEvtID
                0x000000000000e1a2       0x36 /home/long/github/fingerprint_keyboard/sdk/CH583EVT/EVT/EXAM/BLE/LIB/libCH58xBLE.a(linkdb.o)
                0x000000000000e1a2                linkDB_GetHandleFromSMEvtID
 .text.linkDB_GetPairingParam
                0x000000000000e1d8       0x72 /home/long/github/fingerprint_keyboard/sdk/CH583EVT/EVT/EXAM/BLE/LIB/libCH58xBLE.a(linkdb.o)
                0x000000000000e1d8                linkDB_GetPairingParam
 .text.linkDB_NeedSendKey
                0x000000000000e24a       0x48 /home/long/github/fingerprint_keyboard/sdk/CH583EVT/EVT/EXAM/BLE/LIB/libCH58xBLE.a(linkdb.o)
                0x000000000000e24a                linkDB_NeedSendKey
 .text.smStartRspTimer
                0x000000000000e292       0x3a /home/long/github/fingerprint_keyboard/sdk/CH583EVT/EVT/EXAM/BLE/LIB/libCH58xBLE.a(sm.o)
 .text.smStartEncryption
                0x000000000000e2cc       0xa0 /home/long/github/fingerprint_keyboard/sdk/CH583EVT/EVT/EXAM/BLE/LIB/libCH58xBLE.a(sm.o)
 .text.smFreePairingParams
                0x000000000000e36c       0x7e /home/long/github/fingerprint_keyboard/sdk/CH583EVT/EVT/EXAM/BLE/LIB/libCH58xBLE.a(sm.o)
                0x000000000000e36c                smFreePairingParams
 .text.smEndPairing
                0x000000000000e3ea       0x60 /home/long/github/fingerprint_keyboard/sdk/CH583EVT/EVT/EXAM/BLE/LIB/libCH58xBLE.a(sm.o)
                0x000000000000e3ea                smEndPairing
 .text.smLinkCheck
                0x000000000000e44a       0x34 /home/long/github/fingerprint_keyboard/sdk/CH583EVT/EVT/EXAM/BLE/LIB/libCH58xBLE.a(sm.o)
                0x000000000000e44a                smLinkCheck
 .text.smNextPairingState
                0x000000000000e47e       0x58 /home/long/github/fingerprint_keyboard/sdk/CH583EVT/EVT/EXAM/BLE/LIB/libCH58xBLE.a(sm.o)
                0x000000000000e47e                smNextPairingState
 .text.smProcessEncryptChange
                0x000000000000e4d6       0xf0 /home/long/github/fingerprint_keyboard/sdk/CH583EVT/EVT/EXAM/BLE/LIB/libCH58xBLE.a(sm.o)
                0x000000000000e4d6                smProcessEncryptChange
 .text.smSendSMMsg
                0x000000000000e5c6       0x5c /home/long/github/fingerprint_keyboard/sdk/CH583EVT/EVT/EXAM/BLE/LIB/libCH58xBLE.a(sm.o)
                0x000000000000e5c6                smSendSMMsg
 .text.smSendFailAndEnd
                0x000000000000e622       0x38 /home/long/github/fingerprint_keyboard/sdk/CH583EVT/EVT/EXAM/BLE/LIB/libCH58xBLE.a(sm.o)
                0x000000000000e622                smSendFailAndEnd
 .text.smProcessPairingReq
                0x000000000000e65a       0x3c /home/long/github/fingerprint_keyboard/sdk/CH583EVT/EVT/EXAM/BLE/LIB/libCH58xBLE.a(sm.o)
                0x000000000000e65a                smProcessPairingReq
 .text.smSetPairingReqRsp
                0x000000000000e696       0x3c /home/long/github/fingerprint_keyboard/sdk/CH583EVT/EVT/EXAM/BLE/LIB/libCH58xBLE.a(sm.o)