Archive member included to satisfy reference by file (symbol)

/home/long/github/fingerprint_keyboard/sdk/CH583EVT/EVT/EXAM/SRC/StdPeriphDriver/libISP583.a(ISP583.o)
                              ./StdPeriphDriver/CH58x_flash.o (FLASH_EEPROM_CMD)
/home/long/github/fingerprint_keyboard/sdk/CH583EVT/EVT/EXAM/BLE/LIB/libCH58xBLE.a(message.o)
                              ./Profile/hiddev.o (tmos_msg_deallocate)
/home/long/github/fingerprint_keyboard/sdk/CH583EVT/EVT/EXAM/BLE/LIB/libCH58xBLE.a(tmos.o)
                              ./Profile/battservice.o (tmos_memcpy)
/home/long/github/fingerprint_keyboard/sdk/CH583EVT/EVT/EXAM/BLE/LIB/libCH58xBLE.a(tmos_hw.o)
                              ./HAL/RTC.o (TMOS_TimerInit)
/home/long/github/fingerprint_keyboard/sdk/CH583EVT/EVT/EXAM/BLE/LIB/libCH58xBLE.a(tmos_snv.o)
                              /home/long/github/fingerprint_keyboard/sdk/CH583EVT/EVT/EXAM/BLE/LIB/libCH58xBLE.a(tmos.o) (tmos_snv_init)
/home/long/github/fingerprint_keyboard/sdk/CH583EVT/EVT/EXAM/BLE/LIB/libCH58xBLE.a(gap.o)
                              ./Profile/hiddev.o (GAP_SetParamValue)
/home/long/github/fingerprint_keyboard/sdk/CH583EVT/EVT/EXAM/BLE/LIB/libCH58xBLE.a(gap_central.o)
                              /home/long/github/fingerprint_keyboard/sdk/CH583EVT/EVT/EXAM/BLE/LIB/libCH58xBLE.a(gap.o) (gapProcessPeriodicAdvertisingSyncEstablishedEvt)
/home/long/github/fingerprint_keyboard/sdk/CH583EVT/EVT/EXAM/BLE/LIB/libCH58xBLE.a(gap_peripheral.o)
                              ./APP/hidkbd.o (GAP_ConfigDeviceAddr)
/home/long/github/fingerprint_keyboard/sdk/CH583EVT/EVT/EXAM/BLE/LIB/libCH58xBLE.a(gapgattserver.o)
                              ./APP/hidkbd.o (GGS_SetParameter)
/home/long/github/fingerprint_keyboard/sdk/CH583EVT/EVT/EXAM/BLE/LIB/libCH58xBLE.a(gatt.o)
                              ./Profile/battservice.o (GATT_bm_alloc)
/home/long/github/fingerprint_keyboard/sdk/CH583EVT/EVT/EXAM/BLE/LIB/libCH58xBLE.a(gatt_uuid.o)
                              ./Profile/battservice.o (reportRefUUID)
/home/long/github/fingerprint_keyboard/sdk/CH583EVT/EVT/EXAM/BLE/LIB/libCH58xBLE.a(gattclientapp.o)
                              /home/long/github/fingerprint_keyboard/sdk/CH583EVT/EVT/EXAM/BLE/LIB/libCH58xBLE.a(gatt.o) (gattGetClientStatus)
/home/long/github/fingerprint_keyboard/sdk/CH583EVT/EVT/EXAM/BLE/LIB/libCH58xBLE.a(gattservapp.o)
                              ./Profile/battservice.o (GATTServApp_ReadCharCfg)
/home/long/github/fingerprint_keyboard/sdk/CH583EVT/EVT/EXAM/BLE/LIB/libCH58xBLE.a(l2cap.o)
                              /home/long/github/fingerprint_keyboard/sdk/CH583EVT/EVT/EXAM/BLE/LIB/libCH58xBLE.a(gatt.o) (L2CAP_GetMTU)
/home/long/github/fingerprint_keyboard/sdk/CH583EVT/EVT/EXAM/BLE/LIB/libCH58xBLE.a(l2cap_input.o)
                              /home/long/github/fingerprint_keyboard/sdk/CH583EVT/EVT/EXAM/BLE/LIB/libCH58xBLE.a(l2cap.o) (l2capProcessRxData)
/home/long/github/fingerprint_keyboard/sdk/CH583EVT/EVT/EXAM/BLE/LIB/libCH58xBLE.a(l2cap_output.o)
                              /home/long/github/fingerprint_keyboard/sdk/CH583EVT/EVT/EXAM/BLE/LIB/libCH58xBLE.a(l2cap_input.o) (l2capNotifyData)
/home/long/github/fingerprint_keyboard/sdk/CH583EVT/EVT/EXAM/BLE/LIB/libCH58xBLE.a(l2cap_sdu.o)
                              /home/long/github/fingerprint_keyboard/sdk/CH583EVT/EVT/EXAM/BLE/LIB/libCH58xBLE.a(l2cap_input.o) (l2capBuildDisconnectRsp)
/home/long/github/fingerprint_keyboard/sdk/CH583EVT/EVT/EXAM/BLE/LIB/libCH58xBLE.a(linkdb.o)
                              /home/long/github/fingerprint_keyboard/sdk/CH583EVT/EVT/EXAM/BLE/LIB/libCH58xBLE.a(l2cap.o) (linkDB_Init)
/home/long/github/fingerprint_keyboard/sdk/CH583EVT/EVT/EXAM/BLE/LIB/libCH58xBLE.a(sm.o)
                              /home/long/github/fingerprint_keyboard/sdk/CH583EVT/EVT/EXAM/BLE/LIB/libCH58xBLE.a(gap.o) (smFreePairingParams)
/home/long/github/fingerprint_keyboard/sdk/CH583EVT/EVT/EXAM/BLE/LIB/libCH58xBLE.a(sm_initiator.o)
                              /home/long/github/fingerprint_keyboard/sdk/CH583EVT/EVT/EXAM/BLE/LIB/libCH58xBLE.a(sm.o) (smInitiatorSendNextKeyInfo)
/home/long/github/fingerprint_keyboard/sdk/CH583EVT/EVT/EXAM/BLE/LIB/libCH58xBLE.a(sm_pdu.o)
                              /home/long/github/fingerprint_keyboard/sdk/CH583EVT/EVT/EXAM/BLE/LIB/libCH58xBLE.a(sm.o) (smpBuildPairingReq)
/home/long/github/fingerprint_keyboard/sdk/CH583EVT/EVT/EXAM/BLE/LIB/libCH58xBLE.a(sm_responding.o)
                              /home/long/github/fingerprint_keyboard/sdk/CH583EVT/EVT/EXAM/BLE/LIB/libCH58xBLE.a(sm.o) (smResponderSendNextKeyInfo)
/home/long/github/fingerprint_keyboard/sdk/CH583EVT/EVT/EXAM/BLE/LIB/libCH58xBLE.a(sm_toolbox.o)
                              /home/long/github/fingerprint_keyboard/sdk/CH583EVT/EVT/EXAM/BLE/LIB/libCH58xBLE.a(sm.o) (sm_ah)
/home/long/github/fingerprint_keyboard/sdk/CH583EVT/EVT/EXAM/BLE/LIB/libCH58xBLE.a(host_input.o)
[...]
Memory Configuration

Name             Origin             Length             Attributes
FLASH            0x00000000         0x00070000         xr
RAM              0x20000000         0x00008000         xrw
*default*        0x00000000         0xffffffff

Linker script and memory map

LOAD ./StdPeriphDriver/CH58x_adc.o
LOAD ./StdPeriphDriver/CH58x_clk.o
LOAD ./StdPeriphDriver/CH58x_flash.o
LOAD ./StdPeriphDriver/CH58x_gpio.o
LOAD ./StdPeriphDriver/CH58x_i2c.o
LOAD ./StdPeriphDriver/CH58x_pwm.o
LOAD ./StdPeriphDriver/CH58x_pwr.o
LOAD ./StdPeriphDriver/CH58x_spi0.o
LOAD ./StdPeriphDriver/CH58x_spi1.o
LOAD ./StdPeriphDriver/CH58x_sys.o
LOAD ./StdPeriphDriver/CH58x_timer0.o
LOAD ./StdPeriphDriver/CH58x_timer1.o
LOAD ./StdPeriphDriver/CH58x_timer2.o
LOAD ./StdPeriphDriver/CH58x_timer3.o
LOAD ./StdPeriphDriver/CH58x_uart0.o
LOAD ./StdPeriphDriver/CH58x_uart1.o
LOAD ./StdPeriphDriver/CH58x_uart2.o
LOAD ./StdPeriphDriver/CH58x_uart3.o
LOAD ./StdPeriphDriver/CH58x_usb2dev.o
LOAD ./StdPeriphDriver/CH58x_usb2hostBase.o
LOAD ./StdPeriphDriver/CH58x_usb2hostClass.o
LOAD ./StdPeriphDriver/CH58x_usbdev.o
LOAD ./StdPeriphDriver/CH58x_usbhostBase.o
LOAD ./StdPeriphDriver/CH58x_usbhostClass.o
LOAD ./Startup/startup_CH583.o
LOAD ./RVMSIS/core_riscv.o
LOAD ./Profile/battservice.o
LOAD ./Profile/devinfoservice.o
LOAD ./Profile/hiddev.o
LOAD ./Profile/hidkbdservice.o
LOAD ./Profile/scanparamservice.o
LOAD ./HAL/MCU.o
LOAD ./HAL/RTC.o
LOAD ./HAL/SLEEP.o
LOAD ./APP/hidkbd.o
LOAD ./APP/hidkbd_main.o
LOAD /home/long/github/fingerprint_keyboard/sdk/CH583EVT/EVT/EXAM/SRC/StdPeriphDriver/libISP583.a
LOAD /home/long/github/fingerprint_keyboard/sdk/CH583EVT/EVT/EXAM/BLE/LIB/libCH58xBLE.a
LOAD /usr/lib/picolibc/riscv64-unknown-elf/lib/rv32imac/ilp32/libm.a
LOAD /usr/lib/gcc/riscv64-unknown-elf/13.2.0/rv32imac/ilp32/libgcc.a
START GROUP
LOAD /usr/lib/picolibc/riscv64-unknown-elf/lib/rv32imac/ilp32/libc.a
END GROUP
LOAD /usr/lib/picolibc/riscv64-unknown-elf/lib/rv32imac/ilp32/libc.a
LOAD /usr/lib/picolibc/riscv64-unknown-elf/lib/rv32imac/ilp32/libdummyhost.a
LOAD /usr/lib/gcc/riscv64-unknown-elf/13.2.0/rv32imac/ilp32/libgcc.a
                0x00000200                        __stack_size = 0x200
                [!provide]                        PROVIDE (_stack_size = __stack_size)

.init           0x00000000        0x4
                0x00000000                        _sinit = .
                0x00000000                        . = ALIGN (0x4)
 *(SORT_NONE(.init))
 .init          0x00000000        0x4 ./Startup/startup_CH583.o
                0x00000000                _start
                0x00000004                        . = ALIGN (0x4)
                0x00000004                        _einit = .

.highcodelalign
                0x00000004        0x0
                0x00000004                        . = ALIGN (0x4)
                0x00000004                        PROVIDE (_highcode_lma = .)

.highcode       0x20000000     0x2084 load address 0x00000004
                0x20000000                        . = ALIGN (0x4)
                0x20000000                        PROVIDE (_highcode_vma_start = .)
 *(.vector)
 .vector        0x20000000       0x90 ./Startup/startup_CH583.o
 *(SORT_NONE(.vector_handler))
 .vector_handler
                0x20000090        0x2 ./Startup/startup_CH583.o
                0x20000090                GPIOB_IRQHandler
                0x20000090                GPIOA_IRQHandler
                0x20000090                SysTick_Handler
                0x20000090                NMI_Handler
                0x20000090                UART1_IRQHandler
                0x20000090                UART0_IRQHandler
                0x20000090                BB_IRQHandler
                0x20000090                Break_Point_Handler
                0x20000090                TMR0_IRQHandler
                0x20000090                Ecall_M_Mode_Handler
                0x20000090                UART2_IRQHandler
                0x20000090                PWMX_IRQHandler
                0x20000090                ADC_IRQHandler
                0x20000090                TMR2_IRQHandler
                0x20000090                USB_IRQHandler
                0x20000090                I2C_IRQHandler
                0x20000090                USB2_IRQHandler
                0x20000090                LLE_IRQHandler
                0x20000090                WDOG_BAT_IRQHandler
                0x20000090                Ecall_U_Mode_Handler
                0x20000090                TMR3_IRQHandler
                0x20000090                SW_Handler
                0x20000090                SPI0_IRQHandler
                0x20000090                UART3_IRQHandler
                0x20000090                TMR1_IRQHandler
 *(.highcode)
 .highcode      0x20000092       0x1c ./StdPeriphDriver/CH58x_clk.o
                0x20000092                RTC_GetCycle32k
 .highcode      0x200000ae      0x53e ./StdPeriphDriver/CH58x_sys.o
                0x200000ae                SetSysClock
                0x20000470                SYS_ResetExecute
                0x200004e8                HardFault_Handler
                0x200005b6                mDelayuS
                0x200005c4                mDelaymS
 .highcode      0x200005ec       0x14 ./HAL/RTC.o
                0x200005ec                RTC_IRQHandler
 .highcode      0x20000600        0x8 ./APP/hidkbd_main.o
                0x20000600                Main_Circulation
 .highcode      0x20000608      0x426 /home/long/github/fingerprint_keyboard/sdk/CH583EVT/EVT/EXAM/SRC/StdPeriphDriver/libISP583.a(ISP583.o)
                0x20000608                FLASH_ROM_BEG
                0x2000061a                FLASH_ROM_END
                0x20000628                FLASH_ROM_IN
                0x20000636                FLASH_ROM_OUT
                0x20000644                FLASH_ROM_ADDR
                0x2000068c                FLASH_ROM_WAIT
                0x200006c4                FLASH_EEPROM_CMD
 .highcode      0x20000a2e      0x40c /home/long/github/fingerprint_keyboard/sdk/CH583EVT/EVT/EXAM/BLE/LIB/libCH58xBLE.a(tmos.o)
                0x20000a2e                tmos_memcpy
                0x20000a4e                tmos_memcpy_word
                0x20000a66                tmos_memset
                0x20000a78                tmos_strlen
                0x20000a8c                tmos_memdup
                0x20000abe                tmos_memcmp
                0x20000aec                tmos_revmemcpy
                0x20000b08                tmos_isbufset
                0x20000b2a                tmos_proces_system_time
                0x20000c5e                TMOS_SystemProcess
 .highcode      0x20000e3a       0x50 /home/long/github/fingerprint_keyboard/sdk/CH583EVT/EVT/EXAM/BLE/LIB/libCH58xBLE.a(tmos_hw.o)
                0x20000e84                TMOS_TimerIRQHandler
 .highcode      0x20000e8a       0x4e /home/long/github/fingerprint_keyboard/sdk/CH583EVT/EVT/EXAM/BLE/LIB/libCH58xBLE.a(ll_whitelist.o)
                0x20000e8a                LL_WhitelistLookup
 .highcode      0x20000ed8      0x1b2 /home/long/github/fingerprint_keyboard/sdk/CH583EVT/EVT/EXAM/BLE/LIB/libCH58xBLE.a(aes.o)
                0x20000ed8                AES_DevAESEnc
 .highcode      0x2000108a      0x14a /home/long/github/fingerprint_keyboard/sdk/CH583EVT/EVT/EXAM/BLE/LIB/libCH58xBLE.a(bb.o)
                0x2000108a                BB_IRQLibHandler
                0x2000118a                BB_IRQLibFunction
 .highcode      0x200011d4      0x368 /home/long/github/fingerprint_keyboard/sdk/CH583EVT/EVT/EXAM/BLE/LIB/libCH58xBLE.a(ip.o)
                0x200011d4                ll_rx_wait_finish
                0x2000120e                ble_ll_chkcrc
                0x200012ac                ll_tx_wait_finish
                0x200013a4                BLE_CheckHoppingMap
 .highcode      0x2000153c      0x254 /home/long/github/fingerprint_keyboard/sdk/CH583EVT/EVT/EXAM/BLE/LIB/libCH58xBLE.a(lle.o)
                0x2000153c                LLE_IRQLibHandler
                0x20001746                LLE_IRQLibFunction
 .highcode      0x20001790       0x32 /home/long/github/fingerprint_keyboard/sdk/CH583EVT/EVT/EXAM/BLE/LIB/libCH58xBLE.a(rfend.o)
                0x20001790                RFEND_WaitTune
 .highcode      0x200017c2      0x19e /home/long/github/fingerprint_keyboard/sdk/CH583EVT/EVT/EXAM/BLE/LIB/libCH58xBLE.a(memory.o)
                0x200017c2                tmos_memory_allocate
                0x20001888                tmos_memory_free
 .highcode      0x20001960      0x2da /home/long/github/fingerprint_keyboard/sdk/CH583EVT/EVT/EXAM/BLE/LIB/libCH58xBLE.a(ll_connect.o)
                0x20001960                ll_connect_send_data
                0x20001a8c                ll_connect_recv_data
                0x20001b68                ll_connect_event_continue
                0x20001c2e                ll_wait_connect_event
 .highcode      0x20001c3a      0x310 /home/long/github/fingerprint_keyboard/sdk/CH583EVT/EVT/EXAM/BLE/LIB/libCH58xBLE.a(ll_hop.o)
                0x20001c3a                LL_HopGetChannel
                0x20001ce0                LL_HopGetChannel2
 .highcode      0x20001f4a      0x138 /home/long/github/fingerprint_keyboard/sdk/CH583EVT/EVT/EXAM/BLE/LIB/libCH58xBLE.a(ll_resolvinglist.o)
                0x20001f4a                ll_resolvinglist_checkRPA
                0x20001fb6                LL_ResolvinglistPeerIdentifyAddressGetIrk
                0x2000200a                LL_ResolvinglistPeerRpaAddressGetIrk
                0x20002046                LL_ResolvinglistLocalRpaAddressGetIrk
 *(.highcode.*)
                0x20002084                        . = ALIGN (0x4)
 *fill*         0x20002082        0x2 
                0x20002084                        PROVIDE (_highcode_vma_end = .)

.text           0x00002088    0x23c40
                0x00002088                        . = ALIGN (0x4)
 *(SORT_NONE(.handle_reset))
 .handle_reset  0x00002088       0xda ./Startup/startup_CH583.o
                0x00002088                handle_reset
 *(.text)
 .text          0x00002162       0x28 /usr/lib/gcc/riscv64-unknown-elf/13.2.0/rv32imac/ilp32/libgcc.a(_lshrdi3.o)
                0x00002162                __lshrdi3
 .text          0x0000218a       0x28 /usr/lib/gcc/riscv64-unknown-elf/13.2.0/rv32imac/ilp32/libgcc.a(_ashldi3.o)
                0x0000218a                __ashldi3
 .text          0x000021b2       0x2a /usr/lib/gcc/riscv64-unknown-elf/13.2.0/rv32imac/ilp32/libgcc.a(_ashrdi3.o)
                0x000021b2                __ashrdi3
 .text          0x000021dc      0x35e /usr/lib/gcc/riscv64-unknown-elf/13.2.0/rv32imac/ilp32/libgcc.a(_udivdi3.o)
                0x000021dc                __udivdi3
 .text          0x0000253a      0x328 /usr/lib/gcc/riscv64-unknown-elf/13.2.0/rv32imac/ilp32/libgcc.a(_umoddi3.o)
                0x0000253a                __umoddi3
 .text          0x00002862       0x60 /usr/lib/gcc/riscv64-unknown-elf/13.2.0/rv32imac/ilp32/libgcc.a(save-restore.o)
                0x00002862                __riscv_save_12
                0x0000286a                __riscv_save_8
                0x0000286a                __riscv_save_11
                0x0000286a                __riscv_save_9
                0x0000286a                __riscv_save_10
                0x00002878                __riscv_save_7
                0x00002878                __riscv_save_4
                0x00002878                __riscv_save_6
                0x00002878                __riscv_save_5
                0x00002892                __riscv_save_1
                0x00002892                __riscv_save_3
                0x00002892                __riscv_save_2
                0x00002892                __riscv_save_0
                0x0000289e                __riscv_restore_12
                0x000028a2                __riscv_restore_10
                0x000028a2                __riscv_restore_11
                0x000028a2                __riscv_restore_8
                0x000028a2                __riscv_restore_9
                0x000028ac                __riscv_restore_5
                0x000028ac                __riscv_restore_6
                0x000028ac                __riscv_restore_4
                0x000028ac                __riscv_restore_7
                0x000028b6                __riscv_restore_3
                0x000028b6                __riscv_restore_2
                0x000028b6                __riscv_restore_0
                0x000028b6                __riscv_restore_1
 *(.text.*)
 .text.ADC_InterTSSampInit
                0x000028c2       0x34 ./StdPeriphDriver/CH58x_adc.o
                0x000028c2                ADC_InterTSSampInit
 .text.LSECFG_Current
                0x000028f6       0x74 ./StdPeriphDriver/CH58x_clk.o
                0x000028f6                LSECFG_Current
 .text.RTC_InitTime
                0x0000296a      0x230 ./StdPeriphDriver/CH58x_clk.o
                0x0000296a                RTC_InitTime
 .text.Calibration_LSI
                0x00002b9a      0x95c ./StdPeriphDriver/CH58x_clk.o
                0x00002b9a                Calibration_LSI
 .text.GPIOA_ModeCfg
                0x000034f6       0xa4 ./StdPeriphDriver/CH58x_gpio.o
                0x000034f6                GPIOA_ModeCfg
 .text.GetSysClock
                0x0000359a       0x3e ./StdPeriphDriver/CH58x_sys.o
                0x0000359a                GetSysClock
 .text.SYS_DisableAllIrq
                0x000035d8       0x20 ./StdPeriphDriver/CH58x_sys.o
                0x000035d8                SYS_DisableAllIrq
 .text.SYS_RecoverIrq
                0x000035f8       0x14 ./StdPeriphDriver/CH58x_sys.o
                0x000035f8                SYS_RecoverIrq
 .text.SYS_GetSysTickCnt
                0x0000360c        0xa ./StdPeriphDriver/CH58x_sys.o
                0x0000360c                SYS_GetSysTickCnt
 .text.UART1_BaudRateCfg
                0x00003616       0x30 ./StdPeriphDriver/CH58x_uart1.o
                0x00003616                UART1_BaudRateCfg
 .text.UART1_DefInit
                0x00003646       0x3e ./StdPeriphDriver/CH58x_uart1.o
                0x00003646                UART1_DefInit
 .text.battMeasure
                0x00003684       0x76 ./Profile/battservice.o
 .text.battReadAttrCB
                0x000036fa       0x7c ./Profile/battservice.o
 .text.battWriteAttrCB
                0x00003776       0x58 ./Profile/battservice.o
 .text.battNotifyCB
                0x000037ce       0x72 ./Profile/battservice.o
 .text.Batt_AddService
                0x00003840       0x2c ./Profile/battservice.o
                0x00003840                Batt_AddService
 .text.Batt_Register
                0x0000386c        0x6 ./Profile/battservice.o
                0x0000386c                Batt_Register
 .text.Batt_SetParameter
                0x00003872       0x3a ./Profile/battservice.o
                0x00003872                Batt_SetParameter
 .text.Batt_GetParameter
                0x000038ac       0x66 ./Profile/battservice.o
                0x000038ac                Batt_GetParameter
 .text.Batt_MeasLevel
                0x00003912       0x2e ./Profile/battservice.o
                0x00003912                Batt_MeasLevel
 .text.Batt_HandleConnStatusCB
                0x00003940       0x3e ./Profile/battservice.o
                0x00003940                Batt_HandleConnStatusCB
 .text.devInfo_ReadAttrCB
                0x0000397e      0x196 ./Profile/devinfoservice.o
 .text.DevInfo_AddService
                0x00003b14       0x18 ./Profile/devinfoservice.o
                0x00003b14                DevInfo_AddService
 .text.hidDevScanParamCB
                0x00003b2c        0x2 ./Profile/hiddev.o
 .text.hidDevRptByHandle
                0x00003b2e       0x2e ./Profile/hiddev.o
 .text.hidDevParamUpdateCB
                0x00003b5c       0x12 ./Profile/hiddev.o
 .text.hidDevInitialAdvertising
                0x00003b6e       0x3c ./Profile/hiddev.o
 .text.hidDevBattCB
                0x00003baa       0x28 ./Profile/hiddev.o
 .text.hidDevPairStateCB
                0x00003bd2       0x28 ./Profile/hiddev.o
 .text.hidDevPasscodeCB
                0x00003bfa       0x36 ./Profile/hiddev.o
 .text.HidDev_ProcessEvent
                0x00003c30       0xe6 ./Profile/hiddev.o
                0x00003c30                HidDev_ProcessEvent
 .text.hidDevGapStateCB
                0x00003d16      0x126 ./Profile/hiddev.o
 .text.HidDev_Init
                0x00003e3c       0x68 ./Profile/hiddev.o
                0x00003e3c                HidDev_Init
 .text.HidDev_Register
                0x00003ea4        0xa ./Profile/hiddev.o
                0x00003ea4                HidDev_Register
 .text.HidDev_RegisterReports
                0x00003eae        0xa ./Profile/hiddev.o
                0x00003eae                HidDev_RegisterReports
 .text.HidDev_Report
                0x00003eb8      0x124 ./Profile/hiddev.o
                0x00003eb8                HidDev_Report
 .text.HidDev_ReadAttrCB
                0x00003fdc      0x118 ./Profile/hiddev.o
                0x00003fdc                HidDev_ReadAttrCB
 .text.HidDev_WriteAttrCB
                0x000040f4      0x142 ./Profile/hiddev.o
                0x000040f4                HidDev_WriteAttrCB
 .text.Hid_AddService
                0x00004236      0x10a ./Profile/hidkbdservice.o
                0x00004236                Hid_AddService
 .text.Hid_SetParameter
                0x00004340       0x5a ./Profile/hidkbdservice.o
                0x00004340                Hid_SetParameter
 .text.Hid_GetParameter
                0x0000439a       0x40 ./Profile/hidkbdservice.o
                0x0000439a                Hid_GetParameter
 .text.scanParamReadAttrCB
                0x000043da        0x4 ./Profile/scanparamservice.o
 .text.scanParamWriteAttrCB
                0x000043de       0x66 ./Profile/scanparamservice.o
 .text.ScanParam_AddService
                0x00004444       0x2c ./Profile/scanparamservice.o
                0x00004444                ScanParam_AddService
 .text.ScanParam_Register
                0x00004470        0x6 ./Profile/scanparamservice.o
                0x00004470                ScanParam_Register
 .text.ScanParam_RefreshNotify
                0x00004476       0x58 ./Profile/scanparamservice.o
                0x00004476                ScanParam_RefreshNotify
 .text.ScanParam_HandleConnStatusCB
                0x000044ce       0x3e ./Profile/scanparamservice.o
                0x000044ce                ScanParam_HandleConnStatusCB
 .text.Lib_Calibration_LSI
                0x0000450c        0x6 ./HAL/MCU.o
                0x0000450c                Lib_Calibration_LSI
 .text.Lib_Read_Flash
                0x00004512       0x1c ./HAL/MCU.o
                0x00004512                Lib_Read_Flash
 .text.Lib_Write_Flash
                0x0000452e       0x3c ./HAL/MCU.o
                0x0000452e                Lib_Write_Flash
 .text.HAL_GetInterTempValue
                0x0000456a       0x92 ./HAL/MCU.o
                0x0000456a                HAL_GetInterTempValue
 .text.HAL_ProcessEvent
                0x000045fc       0x86 ./HAL/MCU.o
                0x000045fc                HAL_ProcessEvent
 .text.CH58X_BLEInit
                0x00004682      0x126 ./HAL/MCU.o
                0x00004682                CH58X_BLEInit
 .text.HAL_Init
                0x000047a8       0x30 ./HAL/MCU.o
                0x000047a8                HAL_Init
 .text.HAL_TimeInit
                0x000047d8       0xec ./HAL/RTC.o
                0x000047d8                HAL_TimeInit
 .text.hidEmuEvtCB
                0x000048c4        0x2 ./APP/hidkbd.o
 .text.hidEmuStateCB
                0x000048c6      0x104 ./APP/hidkbd.o
 .text.hidEmuRptCB
                0x000049ca       0x66 ./APP/hidkbd.o
 .text.hidEmuSendKbdReport
                0x00004a30       0x24 ./APP/hidkbd.o
 .text.HidEmu_ProcessEvent
                0x00004a54       0xbe ./APP/hidkbd.o
                0x00004a54                HidEmu_ProcessEvent
 .text.HidEmu_Init
                0x00004b12       0xec ./APP/hidkbd.o
                0x00004b12                HidEmu_Init
 .text.startup.main
                0x00004bfe       0x54 ./APP/hidkbd_main.o
                0x00004bfe                main
 .text.tmos_msg_enqueue
                0x00004c52       0x1e /home/long/github/fingerprint_keyboard/sdk/CH583EVT/EVT/EXAM/BLE/LIB/libCH58xBLE.a(message.o)
                0x00004c52                tmos_msg_enqueue
 .text.tmos_msg_deallocate
                0x00004c70       0x2c /home/long/github/fingerprint_keyboard/sdk/CH583EVT/EVT/EXAM/BLE/LIB/libCH58xBLE.a(message.o)
                0x00004c70                tmos_msg_deallocate
 .text.tmos_msg_allocate
                0x00004c9c       0x46 /home/long/github/fingerprint_keyboard/sdk/CH583EVT/EVT/EXAM/BLE/LIB/libCH58xBLE.a(message.o)
                0x00004c9c                tmos_msg_allocate
 .text.tmos_msg_receive
                0x00004ce2       0x68 /home/long/github/fingerprint_keyboard/sdk/CH583EVT/EVT/EXAM/BLE/LIB/libCH58xBLE.a(message.o)
                0x00004ce2                tmos_msg_receive
 .text.tmos_msg_send
                0x00004d4a       0x5c /home/long/github/fingerprint_keyboard/sdk/CH583EVT/EVT/EXAM/BLE/LIB/libCH58xBLE.a(message.o)
                0x00004d4a                tmos_msg_send
 .text.tmos_msg_init
                0x00004da6        0x6 /home/long/github/fingerprint_keyboard/sdk/CH583EVT/EVT/EXAM/BLE/LIB/libCH58xBLE.a(message.o)
                0x00004da6                tmos_msg_init
 .text.tmosFindTask
                0x00004dac       0x20 /home/long/github/fingerprint_keyboard/sdk/CH583EVT/EVT/EXAM/BLE/LIB/libCH58xBLE.a(tmos.o)
 .text.TMOS_CB_PeriodicProcessEvent
                0x00004dcc       0x82 /home/long/github/fingerprint_keyboard/sdk/CH583EVT/EVT/EXAM/BLE/LIB/libCH58xBLE.a(tmos.o)
                0x00004dcc                TMOS_CB_PeriodicProcessEvent
 .text.TMOS_CB_ProcessEvent
                0x00004e4e       0x7c /home/long/github/fingerprint_keyboard/sdk/CH583EVT/EVT/EXAM/BLE/LIB/libCH58xBLE.a(tmos.o)
                0x00004e4e                TMOS_CB_ProcessEvent
 .text.tmos_rand
                0x00004eca       0x4e /home/long/github/fingerprint_keyboard/sdk/CH583EVT/EVT/EXAM/BLE/LIB/libCH58xBLE.a(tmos.o)
                0x00004eca                tmos_rand
 .text.tmos_start_periodic_callback_task
                0x00004f18       0xda /home/long/github/fingerprint_keyboard/sdk/CH583EVT/EVT/EXAM/BLE/LIB/libCH58xBLE.a(tmos.o)
                0x00004f18                tmos_start_periodic_callback_task
 .text.tmos_set_event
                0x00004ff2       0x2a /home/long/github/fingerprint_keyboard/sdk/CH583EVT/EVT/EXAM/BLE/LIB/libCH58xBLE.a(tmos.o)
                0x00004ff2                tmos_set_event
 .text.tmos_clear_event
                0x0000501c       0x2e /home/long/github/fingerprint_keyboard/sdk/CH583EVT/EVT/EXAM/BLE/LIB/libCH58xBLE.a(tmos.o)
                0x0000501c                tmos_clear_event
 .text.tmos_update_callback_timer
                0x0000504a       0xba /home/long/github/fingerprint_keyboard/sdk/CH583EVT/EVT/EXAM/BLE/LIB/libCH58xBLE.a(tmos.o)
                0x0000504a                tmos_update_callback_timer
 .text.tmos_update_periodic_callback_timer
                0x00005104       0x5c /home/long/github/fingerprint_keyboard/sdk/CH583EVT/EVT/EXAM/BLE/LIB/libCH58xBLE.a(tmos.o)
                0x00005104                tmos_update_periodic_callback_timer
 .text.tmos_start_task
                0x00005160      0x128 /home/long/github/fingerprint_keyboard/sdk/CH583EVT/EVT/EXAM/BLE/LIB/libCH58xBLE.a(tmos.o)
                0x00005160                tmos_start_task
 .text.tmos_start_callback_task
                0x00005288       0x96 /home/long/github/fingerprint_keyboard/sdk/CH583EVT/EVT/EXAM/BLE/LIB/libCH58xBLE.a(tmos.o)
                0x00005288                tmos_start_callback_task
 .text.tmos_start_reload_task
                0x0000531e       0x56 /home/long/github/fingerprint_keyboard/sdk/CH583EVT/EVT/EXAM/BLE/LIB/libCH58xBLE.a(tmos.o)
                0x0000531e                tmos_start_reload_task
 .text.tmos_stop_task
                0x00005374       0x4a /home/long/github/fingerprint_keyboard/sdk/CH583EVT/EVT/EXAM/BLE/LIB/libCH58xBLE.a(tmos.o)
                0x00005374                tmos_stop_task
 .text.tmos_stop_callback_task
                0x000053be       0x56 /home/long/github/fingerprint_keyboard/sdk/CH583EVT/EVT/EXAM/BLE/LIB/libCH58xBLE.a(tmos.o)
                0x000053be                tmos_stop_callback_task
 .text.tmos_get_task_timer
                0x00005414       0x5e /home/long/github/fingerprint_keyboard/sdk/CH583EVT/EVT/EXAM/BLE/LIB/libCH58xBLE.a(tmos.o)
                0x00005414                tmos_get_task_timer
 .text.TMOS_TimerRegister
                0x00005472       0x1a /home/long/github/fingerprint_keyboard/sdk/CH583EVT/EVT/EXAM/BLE/LIB/libCH58xBLE.a(tmos.o)
                0x00005472                TMOS_TimerRegister
 .text.TMOS_ProcessRegister
                0x0000548c       0x16 /home/long/github/fingerprint_keyboard/sdk/CH583EVT/EVT/EXAM/BLE/LIB/libCH58xBLE.a(tmos.o)
                0x0000548c                TMOS_ProcessRegister
 .text.TMOS_Init
                0x000054a2      0x10e /home/long/github/fingerprint_keyboard/sdk/CH583EVT/EVT/EXAM/BLE/LIB/libCH58xBLE.a(tmos.o)
                0x000054a2                TMOS_Init
 .text.TMOS_ProcessEventRegister
                0x000055b0       0x38 /home/long/github/fingerprint_keyboard/sdk/CH583EVT/EVT/EXAM/BLE/LIB/libCH58xBLE.a(tmos.o)
                0x000055b0                TMOS_ProcessEventRegister
 .text.BLE_LibInit
                0x000055e8      0x17a /home/long/github/fingerprint_keyboard/sdk/CH583EVT/EVT/EXAM/BLE/LIB/libCH58xBLE.a(tmos.o)
                0x000055e8                BLE_LibInit
 .text.clockGetTickValve
                0x00005762       0x7e /home/long/github/fingerprint_keyboard/sdk/CH583EVT/EVT/EXAM/BLE/LIB/libCH58xBLE.a(tmos_hw.o)
 .text.ll_get_sca_divisor
                0x000057e0       0x40 /home/long/github/fingerprint_keyboard/sdk/CH583EVT/EVT/EXAM/BLE/LIB/libCH58xBLE.a(tmos_hw.o)
                0x000057e0                ll_get_sca_divisor
 .text.ll_get_sca_own
                0x00005820       0x46 /home/long/github/fingerprint_keyboard/sdk/CH583EVT/EVT/EXAM/BLE/LIB/libCH58xBLE.a(tmos_hw.o)
                0x00005820                ll_get_sca_own
 .text.ble_ll_common_rand8
                0x00005866       0x24 /home/long/github/fingerprint_keyboard/sdk/CH583EVT/EVT/EXAM/BLE/LIB/libCH58xBLE.a(tmos_hw.o)
                0x00005866                ble_ll_common_rand8
 .text.ble_ll_common_rand16
                0x0000588a       0x24 /home/long/github/fingerprint_keyboard/sdk/CH583EVT/EVT/EXAM/BLE/LIB/libCH58xBLE.a(tmos_hw.o)
                0x0000588a                ble_ll_common_rand16
 .text.ble_ll_common_rand32
                0x000058ae       0x20 /home/long/github/fingerprint_keyboard/sdk/CH583EVT/EVT/EXAM/BLE/LIB/libCH58xBLE.a(tmos_hw.o)
                0x000058ae                ble_ll_common_rand32
 .text.TMOS_TempSample
                0x000058ce       0x62 /home/long/github/fingerprint_keyboard/sdk/CH583EVT/EVT/EXAM/BLE/LIB/libCH58xBLE.a(tmos_hw.o)
                0x000058ce                TMOS_TempSample
 .text.TMOS_TimerInit
                0x00005930      0x14e /home/long/github/fingerprint_keyboard/sdk/CH583EVT/EVT/EXAM/BLE/LIB/libCH58xBLE.a(tmos_hw.o)
                0x00005930                TMOS_TimerInit
 .text.tmos_snv_init
                0x00005a7e       0xc0 /home/long/github/fingerprint_keyboard/sdk/CH583EVT/EVT/EXAM/BLE/LIB/libCH58xBLE.a(tmos_snv.o)
                0x00005a7e                tmos_snv_init
 .text.tmos_snv_read
                0x00005b3e      0x292 /home/long/github/fingerprint_keyboard/sdk/CH583EVT/EVT/EXAM/BLE/LIB/libCH58xBLE.a(tmos_snv.o)
                0x00005b3e                tmos_snv_read
 .text.tmos_snv_notify
                0x00005dd0       0x5a /home/long/github/fingerprint_keyboard/sdk/CH583EVT/EVT/EXAM/BLE/LIB/libCH58xBLE.a(tmos_snv.o)
                0x00005dd0                tmos_snv_notify
 .text.tmos_snv_write
                0x00005e2a      0x2ce /home/long/github/fingerprint_keyboard/sdk/CH583EVT/EVT/EXAM/BLE/LIB/libCH58xBLE.a(tmos_snv.o)
                0x00005e2a                tmos_snv_write
 .text.tmos_snv_compact
                0x000060f8        0x4 /home/long/github/fingerprint_keyboard/sdk/CH583EVT/EVT/EXAM/BLE/LIB/libCH58xBLE.a(tmos_snv.o)
                0x000060f8                tmos_snv_compact
 .text.disconnectNext
                0x000060fc       0x22 /home/long/github/fingerprint_keyboard/sdk/CH583EVT/EVT/EXAM/BLE/LIB/libCH58xBLE.a(gap.o)
 .text.GAP_ParamInit
                0x0000611e       0xec /home/long/github/fingerprint_keyboard/sdk/CH583EVT/EVT/EXAM/BLE/LIB/libCH58xBLE.a(gap.o)
                0x0000611e                GAP_ParamInit
 .text.sendTerminateEvent
                0x0000620a       0x58 /home/long/github/fingerprint_keyboard/sdk/CH583EVT/EVT/EXAM/BLE/LIB/libCH58xBLE.a(gap.o)
                0x0000620a                sendTerminateEvent
 .text.gapRegisterCentral
                0x00006262        0x6 /home/long/github/fingerprint_keyboard/sdk/CH583EVT/EVT/EXAM/BLE/LIB/libCH58xBLE.a(gap.o)
                0x00006262                gapRegisterCentral
 .text.gapRegisterCentralConn
                0x00006268        0x6 /home/long/github/fingerprint_keyboard/sdk/CH583EVT/EVT/EXAM/BLE/LIB/libCH58xBLE.a(gap.o)
                0x00006268                gapRegisterCentralConn
 .text.gapRegisterPeripheral
                0x0000626e        0x6 /home/long/github/fingerprint_keyboard/sdk/CH583EVT/EVT/EXAM/BLE/LIB/libCH58xBLE.a(gap.o)
                0x0000626e                gapRegisterPeripheral
 .text.gapRegisterPeripheralConn
                0x00006274        0x6 /home/long/github/fingerprint_keyboard/sdk/CH583EVT/EVT/EXAM/BLE/LIB/libCH58xBLE.a(gap.o)
                0x00006274                gapRegisterPeripheralConn
 .text.smGenerateRandBuf
                0x0000627a       0x56 /home/long/github/fingerprint_keyboard/sdk/CH583EVT/EVT/EXAM/BLE/LIB/libCH58xBLE.a(gap.o)
                0x0000627a                smGenerateRandBuf
 .text.gapL2capConnParamUpdateReq
                0x000062d0       0x36 /home/long/github/fingerprint_keyboard/sdk/CH583EVT/EVT/EXAM/BLE/LIB/libCH58xBLE.a(gap.o)
                0x000062d0                gapL2capConnParamUpdateReq
 .text.gapValidADType
                0x00006306       0x16 /home/long/github/fingerprint_keyboard/sdk/CH583EVT/EVT/EXAM/BLE/LIB/libCH58xBLE.a(gap.o)
                0x00006306                gapValidADType
 .text.gapFindADType
                0x0000631c       0x92 /home/long/github/fingerprint_keyboard/sdk/CH583EVT/EVT/EXAM/BLE/LIB/libCH58xBLE.a(gap.o)
                0x0000631c                gapFindADType
 .text.GAP_SecParamsInit
                0x000063ae       0xaa /home/long/github/fingerprint_keyboard/sdk/CH583EVT/EVT/EXAM/BLE/LIB/libCH58xBLE.a(gap.o)
                0x000063ae                GAP_SecParamsInit
 .text.GAP_ParamsInit
                0x00006458       0x50 /home/long/github/fingerprint_keyboard/sdk/CH583EVT/EVT/EXAM/BLE/LIB/libCH58xBLE.a(gap.o)
                0x00006458                GAP_ParamsInit
 .text.gapAddAddrAdj
                0x000064a8       0x48 /home/long/github/fingerprint_keyboard/sdk/CH583EVT/EVT/EXAM/BLE/LIB/libCH58xBLE.a(gap.o)
                0x000064a8                gapAddAddrAdj
 .text.gapDetermineAddrType
                0x000064f0       0x28 /home/long/github/fingerprint_keyboard/sdk/CH583EVT/EVT/EXAM/BLE/LIB/libCH58xBLE.a(gap.o)
                0x000064f0                gapDetermineAddrType
 .text.gapFreeAuthLink
                0x00006518       0x4a /home/long/github/fingerprint_keyboard/sdk/CH583EVT/EVT/EXAM/BLE/LIB/libCH58xBLE.a(gap.o)
                0x00006518                gapFreeAuthLink
 .text.gapGetDevAddress
                0x00006562       0x24 /home/long/github/fingerprint_keyboard/sdk/CH583EVT/EVT/EXAM/BLE/LIB/libCH58xBLE.a(gap.o)
                0x00006562                gapGetDevAddress
 .text.gapGetDevAddressMode
                0x00006586        0xa /home/long/github/fingerprint_keyboard/sdk/CH583EVT/EVT/EXAM/BLE/LIB/libCH58xBLE.a(gap.o)
                0x00006586                gapGetDevAddressMode
 .text.gapGetIRK
                0x00006590        0xc /home/long/github/fingerprint_keyboard/sdk/CH583EVT/EVT/EXAM/BLE/LIB/libCH58xBLE.a(gap.o)
                0x00006590                gapGetIRK
 .text.gapGetSRK
                0x0000659c        0xc /home/long/github/fingerprint_keyboard/sdk/CH583EVT/EVT/EXAM/BLE/LIB/libCH58xBLE.a(gap.o)
                0x0000659c                gapGetSRK
 .text.gapGetSignCounter
                0x000065a8        0xe /home/long/github/fingerprint_keyboard/sdk/CH583EVT/EVT/EXAM/BLE/LIB/libCH58xBLE.a(gap.o)
                0x000065a8                gapGetSignCounter
 .text.gapIncSignCounter
                0x000065b6       0x28 /home/long/github/fingerprint_keyboard/sdk/CH583EVT/EVT/EXAM/BLE/LIB/libCH58xBLE.a(gap.o)
                0x000065b6                gapIncSignCounter
 .text.gapProcessConnEvt
                0x000065de       0x48 /home/long/github/fingerprint_keyboard/sdk/CH583EVT/EVT/EXAM/BLE/LIB/libCH58xBLE.a(gap.o)
                0x000065de                gapProcessConnEvt
 .text.gapProcessDisconnectCompleteEvt
                0x00006626       0xa8 /home/long/github/fingerprint_keyboard/sdk/CH583EVT/EVT/EXAM/BLE/LIB/libCH58xBLE.a(gap.o)
                0x00006626                gapProcessDisconnectCompleteEvt
 .text.sendAuthEvent
                0x000066ce      0x120 /home/long/github/fingerprint_keyboard/sdk/CH583EVT/EVT/EXAM/BLE/LIB/libCH58xBLE.a(gap.o)
                0x000066ce                sendAuthEvent
 .text.gapSendBondCompleteEvent
                0x000067ee       0x74 /home/long/github/fingerprint_keyboard/sdk/CH583EVT/EVT/EXAM/BLE/LIB/libCH58xBLE.a(gap.o)
                0x000067ee                gapSendBondCompleteEvent
 .text.gapSendPairingReqEvent
                0x00006862       0x96 /home/long/github/fingerprint_keyboard/sdk/CH583EVT/EVT/EXAM/BLE/LIB/libCH58xBLE.a(gap.o)
                0x00006862                gapSendPairingReqEvent
 .text.gapSendSlaveSecurityReqEvent
                0x000068f8       0x68 /home/long/github/fingerprint_keyboard/sdk/CH583EVT/EVT/EXAM/BLE/LIB/libCH58xBLE.a(gap.o)
                0x000068f8                gapSendSlaveSecurityReqEvent
 .text.gapSendDeviceInitDoneEvent
                0x00006960       0x88 /home/long/github/fingerprint_keyboard/sdk/CH583EVT/EVT/EXAM/BLE/LIB/libCH58xBLE.a(gap.o)
                0x00006960                gapSendDeviceInitDoneEvent
 .text.gapSendLinkUpdateEvent
                0x000069e8       0xb2 /home/long/github/fingerprint_keyboard/sdk/CH583EVT/EVT/EXAM/BLE/LIB/libCH58xBLE.a(gap.o)
                0x000069e8                gapSendLinkUpdateEvent
 .text.gapSendPhyUpdateEvent
                0x00006a9a       0x58 /home/long/github/fingerprint_keyboard/sdk/CH583EVT/EVT/EXAM/BLE/LIB/libCH58xBLE.a(gap.o)
                0x00006a9a                gapSendPhyUpdateEvent
 .text.gapSendEstLinkEvent
                0x00006af2       0xbc /home/long/github/fingerprint_keyboard/sdk/CH583EVT/EVT/EXAM/BLE/LIB/libCH58xBLE.a(gap.o)
                0x00006af2                gapSendEstLinkEvent
 .text.gapProcessNewAddr
                0x00006bae       0x3e /home/long/github/fingerprint_keyboard/sdk/CH583EVT/EVT/EXAM/BLE/LIB/libCH58xBLE.a(gap.o)
                0x00006bae                gapProcessNewAddr
 .text.gapProcessRandomAddrComplete
                0x00006bec       0xb6 /home/long/github/fingerprint_keyboard/sdk/CH583EVT/EVT/EXAM/BLE/LIB/libCH58xBLE.a(gap.o)
                0x00006bec                gapProcessRandomAddrComplete
 .text.GAP_Authenticate
                0x00006ca2       0xde /home/long/github/fingerprint_keyboard/sdk/CH583EVT/EVT/EXAM/BLE/LIB/libCH58xBLE.a(gap.o)
                0x00006ca2                GAP_Authenticate
 .text.GAP_Bond
                0x00006d80       0xaa /home/long/github/fingerprint_keyboard/sdk/CH583EVT/EVT/EXAM/BLE/LIB/libCH58xBLE.a(gap.o)
                0x00006d80                GAP_Bond
 .text.GAP_GetParamValue
                0x00006e2a       0x20 /home/long/github/fingerprint_keyboard/sdk/CH583EVT/EVT/EXAM/BLE/LIB/libCH58xBLE.a(gap.o)
                0x00006e2a                GAP_GetParamValue
 .text.GAP_PasscodeUpdate
                0x00006e4a       0x54 /home/long/github/fingerprint_keyboard/sdk/CH583EVT/EVT/EXAM/BLE/LIB/libCH58xBLE.a(gap.o)
                0x00006e4a                GAP_PasscodeUpdate
 .text.GAP_RegisterForMsgs
                0x00006e9e        0xa /home/long/github/fingerprint_keyboard/sdk/CH583EVT/EVT/EXAM/BLE/LIB/libCH58xBLE.a(gap.o)
                0x00006e9e                GAP_RegisterForMsgs
 .text.GAP_ResolvePrivateAddr
                0x00006ea8        0x4 /home/long/github/fingerprint_keyboard/sdk/CH583EVT/EVT/EXAM/BLE/LIB/libCH58xBLE.a(gap.o)
                0x00006ea8                GAP_ResolvePrivateAddr
 .text.gapPairingCompleteCB
                0x00006eac      0x18c /home/long/github/fingerprint_keyboard/sdk/CH583EVT/EVT/EXAM/BLE/LIB/libCH58xBLE.a(gap.o)
                0x00006eac                gapPairingCompleteCB
 .text.gapPasskeyNeededCB
                0x00007038       0x8e /home/long/github/fingerprint_keyboard/sdk/CH583EVT/EVT/EXAM/BLE/LIB/libCH58xBLE.a(gap.o)
                0x00007038                gapPasskeyNeededCB
 .text.gapOobNeededCB
                0x000070c6       0xa6 /home/long/github/fingerprint_keyboard/sdk/CH583EVT/EVT/EXAM/BLE/LIB/libCH58xBLE.a(gap.o)
                0x000070c6                gapOobNeededCB
 .text.gapFreeEstLink
                0x0000716c       0x20 /home/long/github/fingerprint_keyboard/sdk/CH583EVT/EVT/EXAM/BLE/LIB/libCH58xBLE.a(gap.o)
                0x0000716c                gapFreeEstLink
 .text.gapUpdateConnSignCounter
                0x0000718c       0x7a /home/long/github/fingerprint_keyboard/sdk/CH583EVT/EVT/EXAM/BLE/LIB/libCH58xBLE.a(gap.o)
                0x0000718c                gapUpdateConnSignCounter
 .text.GAP_SendSlaveSecurityRequest
                0x00007206       0x4a /home/long/github/fingerprint_keyboard/sdk/CH583EVT/EVT/EXAM/BLE/LIB/libCH58xBLE.a(gap.o)
                0x00007206                GAP_SendSlaveSecurityRequest
 .text.GAP_Signable
                0x00007250       0x6a /home/long/github/fingerprint_keyboard/sdk/CH583EVT/EVT/EXAM/BLE/LIB/libCH58xBLE.a(gap.o)
                0x00007250                GAP_Signable
 .text.GAP_TerminateAuth
                0x000072ba       0x2a /home/long/github/fingerprint_keyboard/sdk/CH583EVT/EVT/EXAM/BLE/LIB/libCH58xBLE.a(gap.o)
                0x000072ba                GAP_TerminateAuth
 .text.GAP_NumActiveConnections
                0x000072e4        0x4 /home/long/github/fingerprint_keyboard/sdk/CH583EVT/EVT/EXAM/BLE/LIB/libCH58xBLE.a(gap.o)
                0x000072e4                GAP_NumActiveConnections
 .text.GAP_TerminateLinkReq
                0x000072e8       0x8e /home/long/github/fingerprint_keyboard/sdk/CH583EVT/EVT/EXAM/BLE/LIB/libCH58xBLE.a(gap.o)
                0x000072e8                GAP_TerminateLinkReq
 .text.GAP_SetParamValue
                0x00007376       0x6c /home/long/github/fingerprint_keyboard/sdk/CH583EVT/EVT/EXAM/BLE/LIB/libCH58xBLE.a(gap.o)
                0x00007376                GAP_SetParamValue
 .text.GAP_Init
                0x000073e2       0x48 /home/long/github/fingerprint_keyboard/sdk/CH583EVT/EVT/EXAM/BLE/LIB/libCH58xBLE.a(gap.o)
                0x000073e2                GAP_Init
 .text.GAP_ProcessEvent
                0x0000742a      0x66a /home/long/github/fingerprint_keyboard/sdk/CH583EVT/EVT/EXAM/BLE/LIB/libCH58xBLE.a(gap.o)
                0x0000742a                GAP_ProcessEvent
 .text.gapSendScanEnable
                0x00007a94       0x3a /home/long/github/fingerprint_keyboard/sdk/CH583EVT/EVT/EXAM/BLE/LIB/libCH58xBLE.a(gap_central.o)
 .text.gapCentProcessConnEvt
                0x00007ace      0x168 /home/long/github/fingerprint_keyboard/sdk/CH583EVT/EVT/EXAM/BLE/LIB/libCH58xBLE.a(gap_central.o)
                0x00007ace                gapCentProcessConnEvt
 .text.gapProcessScanningPeriodicAdvEvt
                0x00007c36       0xa0 /home/long/github/fingerprint_keyboard/sdk/CH583EVT/EVT/EXAM/BLE/LIB/libCH58xBLE.a(gap_central.o)
                0x00007c36                gapProcessScanningPeriodicAdvEvt
 .text.gapCancelLinkReq
                0x00007cd6       0x38 /home/long/github/fingerprint_keyboard/sdk/CH583EVT/EVT/EXAM/BLE/LIB/libCH58xBLE.a(gap_central.o)
                0x00007cd6                gapCancelLinkReq
 .text.gapProcessAdvertDevInfo
                0x00007d0e      0x242 /home/long/github/fingerprint_keyboard/sdk/CH583EVT/EVT/EXAM/BLE/LIB/libCH58xBLE.a(gap_central.o)
                0x00007d0e                gapProcessAdvertDevInfo
 .text.gapProcessExtAdvertDevInfo
                0x00007f50      0x260 /home/long/github/fingerprint_keyboard/sdk/CH583EVT/EVT/EXAM/BLE/LIB/libCH58xBLE.a(gap_central.o)
                0x00007f50                gapProcessExtAdvertDevInfo
 .text.gapProcessPeriodicAdvertisingSyncEstablishedEvt
                0x000081b0       0xae /home/long/github/fingerprint_keyboard/sdk/CH583EVT/EVT/EXAM/BLE/LIB/libCH58xBLE.a(gap_central.o)
                0x000081b0                gapProcessPeriodicAdvertisingSyncEstablishedEvt
 .text.gapProcessPeriodicAdvertisingSyncLostEvt
                0x0000825e       0x56 /home/long/github/fingerprint_keyboard/sdk/CH583EVT/EVT/EXAM/BLE/LIB/libCH58xBLE.a(gap_central.o)
                0x0000825e                gapProcessPeriodicAdvertisingSyncLostEvt
 .text.gapFreeScanRecs
                0x000082b4       0xa6 /home/long/github/fingerprint_keyboard/sdk/CH583EVT/EVT/EXAM/BLE/LIB/libCH58xBLE.a(gap_central.o)
                0x000082b4                gapFreeScanRecs
 .text.gapSendDevDiscEvent
                0x0000835a      0x126 /home/long/github/fingerprint_keyboard/sdk/CH583EVT/EVT/EXAM/BLE/LIB/libCH58xBLE.a(gap_central.o)
                0x0000835a                gapSendDevDiscEvent
 .text.gapSetScanParamStatus
                0x00008480       0x58 /home/long/github/fingerprint_keyboard/sdk/CH583EVT/EVT/EXAM/BLE/LIB/libCH58xBLE.a(gap_central.o)
 .text.gapCentProcessHCICmdEvt
                0x000084d8       0x3e /home/long/github/fingerprint_keyboard/sdk/CH583EVT/EVT/EXAM/BLE/LIB/libCH58xBLE.a(gap_central.o)
                0x000084d8                gapCentProcessHCICmdEvt
 .text.gapProcessScanningEvt
                0x00008516      0x110 /home/long/github/fingerprint_keyboard/sdk/CH583EVT/EVT/EXAM/BLE/LIB/libCH58xBLE.a(gap_central.o)
                0x00008516                gapProcessScanningEvt
 .text.gapProcessScanningDirectEvt
                0x00008626       0xfe /home/long/github/fingerprint_keyboard/sdk/CH583EVT/EVT/EXAM/BLE/LIB/libCH58xBLE.a(gap_central.o)
                0x00008626                gapProcessScanningDirectEvt
 .text.gapProcessScanningExtAdvEvt
                0x00008724      0x2c4 /home/long/github/fingerprint_keyboard/sdk/CH583EVT/EVT/EXAM/BLE/LIB/libCH58xBLE.a(gap_central.o)
                0x00008724                gapProcessScanningExtAdvEvt
 .text.GAP_CentConnRegister
                0x000089e8       0x16 /home/long/github/fingerprint_keyboard/sdk/CH583EVT/EVT/EXAM/BLE/LIB/libCH58xBLE.a(gap_central.o)
                0x000089e8                GAP_CentConnRegister
 .text.GAP_CentralParamInit
                0x000089fe       0x6a /home/long/github/fingerprint_keyboard/sdk/CH583EVT/EVT/EXAM/BLE/LIB/libCH58xBLE.a(gap_central.o)
                0x000089fe                GAP_CentralParamInit
 .text.GAP_CentDevMgrInit
                0x00008a68       0x9c /home/long/github/fingerprint_keyboard/sdk/CH583EVT/EVT/EXAM/BLE/LIB/libCH58xBLE.a(gap_central.o)
                0x00008a68                GAP_CentDevMgrInit
 .text.gapFreeAdvertState
                0x00008b04       0x20 /home/long/github/fingerprint_keyboard/sdk/CH583EVT/EVT/EXAM/BLE/LIB/libCH58xBLE.a(gap_peripheral.o)
 .text.gapSetPeriodicAdvParams
                0x00008b24       0x30 /home/long/github/fingerprint_keyboard/sdk/CH583EVT/EVT/EXAM/BLE/LIB/libCH58xBLE.a(gap_peripheral.o)
 .text.gapSetConnectionlessCTEParams
                0x00008b54       0x54 /home/long/github/fingerprint_keyboard/sdk/CH583EVT/EVT/EXAM/BLE/LIB/libCH58xBLE.a(gap_peripheral.o)
 .text.gapSetAdvParams
                0x00008ba8      0x126 /home/long/github/fingerprint_keyboard/sdk/CH583EVT/EVT/EXAM/BLE/LIB/libCH58xBLE.a(gap_peripheral.o)
 .text.gapPeriProcessConnEvt
                0x00008cce       0xd0 /home/long/github/fingerprint_keyboard/sdk/CH583EVT/EVT/EXAM/BLE/LIB/libCH58xBLE.a(gap_peripheral.o)
 .text.gapWriteAdvDataStatus
                0x00008d9e       0x8a /home/long/github/fingerprint_keyboard/sdk/CH583EVT/EVT/EXAM/BLE/LIB/libCH58xBLE.a(gap_peripheral.o)
 .text.GAP_MakeDiscoverable
                0x00008e28      0x174 /home/long/github/fingerprint_keyboard/sdk/CH583EVT/EVT/EXAM/BLE/LIB/libCH58xBLE.a(gap_peripheral.o)
                0x00008e28                GAP_MakeDiscoverable
 .text.GAP_EndDiscoverable
                0x00008f9c       0x66 /home/long/github/fingerprint_keyboard/sdk/CH583EVT/EVT/EXAM/BLE/LIB/libCH58xBLE.a(gap_peripheral.o)
                0x00008f9c                GAP_EndDiscoverable
 .text.gapProcessAdvertisingEvt
                0x00009002      0x118 /home/long/github/fingerprint_keyboard/sdk/CH583EVT/EVT/EXAM/BLE/LIB/libCH58xBLE.a(gap_peripheral.o)
 .text.GAP_MakePeriodic
                0x0000911a       0x26 /home/long/github/fingerprint_keyboard/sdk/CH583EVT/EVT/EXAM/BLE/LIB/libCH58xBLE.a(gap_peripheral.o)
                0x0000911a                GAP_MakePeriodic
 .text.GAP_EndPeriodic
                0x00009140        0xc /home/long/github/fingerprint_keyboard/sdk/CH583EVT/EVT/EXAM/BLE/LIB/libCH58xBLE.a(gap_peripheral.o)
                0x00009140                GAP_EndPeriodic
 .text.GAP_MakeConnecttionlessCTE
                0x0000914c       0x1a /home/long/github/fingerprint_keyboard/sdk/CH583EVT/EVT/EXAM/BLE/LIB/libCH58xBLE.a(gap_peripheral.o)
                0x0000914c                GAP_MakeConnecttionlessCTE
 .text.GAP_EndConnecttionlessCTE
                0x00009166        0xc /home/long/github/fingerprint_keyboard/sdk/CH583EVT/EVT/EXAM/BLE/LIB/libCH58xBLE.a(gap_peripheral.o)
                0x00009166                GAP_EndConnecttionlessCTE
 .text.GAP_SetAdvertisingAdvData
                0x00009172      0x102 /home/long/github/fingerprint_keyboard/sdk/CH583EVT/EVT/EXAM/BLE/LIB/libCH58xBLE.a(gap_peripheral.o)
                0x00009172                GAP_SetAdvertisingAdvData
 .text.GAP_SetAdvertisingRspData
                0x00009274      0x102 /home/long/github/fingerprint_keyboard/sdk/CH583EVT/EVT/EXAM/BLE/LIB/libCH58xBLE.a(gap_peripheral.o)
                0x00009274                GAP_SetAdvertisingRspData
 .text.GAP_SetPeriodicAdvertisingData
                0x00009376       0xc6 /home/long/github/fingerprint_keyboard/sdk/CH583EVT/EVT/EXAM/BLE/LIB/libCH58xBLE.a(gap_peripheral.o)
                0x00009376                GAP_SetPeriodicAdvertisingData
 .text.GAP_GetAdvertisingAdvData
                0x0000943c       0x26 /home/long/github/fingerprint_keyboard/sdk/CH583EVT/EVT/EXAM/BLE/LIB/libCH58xBLE.a(gap_peripheral.o)
                0x0000943c                GAP_GetAdvertisingAdvData
 .text.GAP_GetAdvertisingRspData
                0x00009462       0x34 /home/long/github/fingerprint_keyboard/sdk/CH583EVT/EVT/EXAM/BLE/LIB/libCH58xBLE.a(gap_peripheral.o)
                0x00009462                GAP_GetAdvertisingRspData
 .text.GAP_GetPeriodicAdvertisingData
                0x00009496       0x34 /home/long/github/fingerprint_keyboard/sdk/CH583EVT/EVT/EXAM/BLE/LIB/libCH58xBLE.a(gap_peripheral.o)
                0x00009496                GAP_GetPeriodicAdvertisingData
 .text.GAP_ConfigDeviceAddr
                0x000094ca      0x124 /home/long/github/fingerprint_keyboard/sdk/CH583EVT/EVT/EXAM/BLE/LIB/libCH58xBLE.a(gap_peripheral.o)
                0x000094ca                GAP_ConfigDeviceAddr
 .text.GAP_PeriConnRegister
                0x000095ee       0x2e /home/long/github/fingerprint_keyboard/sdk/CH583EVT/EVT/EXAM/BLE/LIB/libCH58xBLE.a(gap_peripheral.o)
                0x000095ee                GAP_PeriConnRegister
 .text.GAP_PeripheralParamInit
                0x0000961c       0x6c /home/long/github/fingerprint_keyboard/sdk/CH583EVT/EVT/EXAM/BLE/LIB/libCH58xBLE.a(gap_peripheral.o)
                0x0000961c                GAP_PeripheralParamInit
 .text.gapSendMakeDiscEvent
                0x00009688       0x50 /home/long/github/fingerprint_keyboard/sdk/CH583EVT/EVT/EXAM/BLE/LIB/libCH58xBLE.a(gap_peripheral.o)
                0x00009688                gapSendMakeDiscEvent
 .text.gapWriteAdvEnableStatus
                0x000096d8      0x110 /home/long/github/fingerprint_keyboard/sdk/CH583EVT/EVT/EXAM/BLE/LIB/libCH58xBLE.a(gap_peripheral.o)
 .text.gapSendMakePeriodicEvent
                0x000097e8       0x3a /home/long/github/fingerprint_keyboard/sdk/CH583EVT/EVT/EXAM/BLE/LIB/libCH58xBLE.a(gap_peripheral.o)
                0x000097e8                gapSendMakePeriodicEvent
 .text.gapSendMakeConnectionlessCTEEvent
                0x00009822       0x3a /home/long/github/fingerprint_keyboard/sdk/CH583EVT/EVT/EXAM/BLE/LIB/libCH58xBLE.a(gap_peripheral.o)
                0x00009822                gapSendMakeConnectionlessCTEEvent
 .text.gapPeriProcessHCICmdCompleteEvt
                0x0000985c      0x22e /home/long/github/fingerprint_keyboard/sdk/CH583EVT/EVT/EXAM/BLE/LIB/libCH58xBLE.a(gap_peripheral.o)
 .text.GAP_PeriDevMgrInit
                0x00009a8a       0x2e /home/long/github/fingerprint_keyboard/sdk/CH583EVT/EVT/EXAM/BLE/LIB/libCH58xBLE.a(gap_peripheral.o)
                0x00009a8a                GAP_PeriDevMgrInit
 .text.ggs_SetAttrWPermit
                0x00009ab8       0x68 /home/long/github/fingerprint_keyboard/sdk/CH583EVT/EVT/EXAM/BLE/LIB/libCH58xBLE.a(gapgattserver.o)
 .text.ggs_ReadAttrCB
                0x00009b20      0x156 /home/long/github/fingerprint_keyboard/sdk/CH583EVT/EVT/EXAM/BLE/LIB/libCH58xBLE.a(gapgattserver.o)
 .text.ggs_WriteAttrCB
                0x00009c76      0x162 /home/long/github/fingerprint_keyboard/sdk/CH583EVT/EVT/EXAM/BLE/LIB/libCH58xBLE.a(gapgattserver.o)
 .text.GGS_ParamInit
                0x00009dd8      0x15c /home/long/github/fingerprint_keyboard/sdk/CH583EVT/EVT/EXAM/BLE/LIB/libCH58xBLE.a(gapgattserver.o)
                0x00009dd8                GGS_ParamInit
 .text.GGS_SetParameter
                0x00009f34      0x116 /home/long/github/fingerprint_keyboard/sdk/CH583EVT/EVT/EXAM/BLE/LIB/libCH58xBLE.a(gapgattserver.o)
                0x00009f34                GGS_SetParameter
 .text.GGS_AddService
                0x0000a04a       0x2c /home/long/github/fingerprint_keyboard/sdk/CH583EVT/EVT/EXAM/BLE/LIB/libCH58xBLE.a(gapgattserver.o)
                0x0000a04a                GGS_AddService
 .text.GAP_DeviceInit
                0x0000a076       0xd8 /home/long/github/fingerprint_keyboard/sdk/CH583EVT/EVT/EXAM/BLE/LIB/libCH58xBLE.a(gapgattserver.o)
                0x0000a076                GAP_DeviceInit
 .text.gattGetPayload
                0x0000a14e       0x7e /home/long/github/fingerprint_keyboard/sdk/CH583EVT/EVT/EXAM/BLE/LIB/libCH58xBLE.a(gatt.o)
                0x0000a14e                gattGetPayload
 .text.gattNotifyEvent
                0x0000a1cc       0x84 /home/long/github/fingerprint_keyboard/sdk/CH583EVT/EVT/EXAM/BLE/LIB/libCH58xBLE.a(gatt.o)
                0x0000a1cc                gattNotifyEvent
 .text.gattSendFlowCtrlEvt
                0x0000a250       0x52 /home/long/github/fingerprint_keyboard/sdk/CH583EVT/EVT/EXAM/BLE/LIB/libCH58xBLE.a(gatt.o)
                0x0000a250                gattSendFlowCtrlEvt
 .text.gattStartTimer
                0x0000a2a2        0xc /home/long/github/fingerprint_keyboard/sdk/CH583EVT/EVT/EXAM/BLE/LIB/libCH58xBLE.a(gatt.o)
                0x0000a2a2                gattStartTimer
 .text.gattStopTimer
                0x0000a2ae       0x32 /home/long/github/fingerprint_keyboard/sdk/CH583EVT/EVT/EXAM/BLE/LIB/libCH58xBLE.a(gatt.o)
                0x0000a2ae                gattStopTimer
 .text.GATT_AppCompletedMsg
                0x0000a2e0       0x30 /home/long/github/fingerprint_keyboard/sdk/CH583EVT/EVT/EXAM/BLE/LIB/libCH58xBLE.a(gatt.o)
                0x0000a2e0                GATT_AppCompletedMsg
 .text.GATT_NotifyEvent
                0x0000a310       0x56 /home/long/github/fingerprint_keyboard/sdk/CH583EVT/EVT/EXAM/BLE/LIB/libCH58xBLE.a(gatt.o)
                0x0000a310                GATT_NotifyEvent
 .text.gattRegisterServer
                0x0000a366        0x6 /home/long/github/fingerprint_keyboard/sdk/CH583EVT/EVT/EXAM/BLE/LIB/libCH58xBLE.a(gatt.o)
                0x0000a366                gattRegisterServer
 .text.GATT_UpdateMTU
                0x0000a36c       0x5a /home/long/github/fingerprint_keyboard/sdk/CH583EVT/EVT/EXAM/BLE/LIB/libCH58xBLE.a(gatt.o)
                0x0000a36c                GATT_UpdateMTU
 .text.GATT_bm_alloc
                0x0000a3c6       0xe8 /home/long/github/fingerprint_keyboard/sdk/CH583EVT/EVT/EXAM/BLE/LIB/libCH58xBLE.a(gatt.o)
                0x0000a3c6                GATT_bm_alloc
 .text.GATT_ServiceChangedInd
                0x0000a4ae       0x94 /home/long/github/fingerprint_keyboard/sdk/CH583EVT/EVT/EXAM/BLE/LIB/libCH58xBLE.a(gatt.o)
                0x0000a4ae                GATT_ServiceChangedInd
 .text.GATT_bm_free
                0x0000a542       0x1c /home/long/github/fingerprint_keyboard/sdk/CH583EVT/EVT/EXAM/BLE/LIB/libCH58xBLE.a(gatt.o)
                0x0000a542                GATT_bm_free
 .text.GATT_Init
                0x0000a55e       0x2a /home/long/github/fingerprint_keyboard/sdk/CH583EVT/EVT/EXAM/BLE/LIB/libCH58xBLE.a(gatt.o)
                0x0000a55e                GATT_Init
 .text.GATT_ProcessEvent
                0x0000a588      0x13a /home/long/github/fingerprint_keyboard/sdk/CH583EVT/EVT/EXAM/BLE/LIB/libCH58xBLE.a(gatt.o)
                0x0000a588                GATT_ProcessEvent
 .text.gattProcessExchangeMTUReq
                0x0000a6c2        0x4 /home/long/github/fingerprint_keyboard/sdk/CH583EVT/EVT/EXAM/BLE/LIB/libCH58xBLE.a(gattservapp.o)
 .text.gattServApp_FindCharCfgItem
                0x0000a6c6       0x24 /home/long/github/fingerprint_keyboard/sdk/CH583EVT/EVT/EXAM/BLE/LIB/libCH58xBLE.a(gattservapp.o)
 .text.gattServerHandleTimerCB
                0x0000a6ea       0x3c /home/long/github/fingerprint_keyboard/sdk/CH583EVT/EVT/EXAM/BLE/LIB/libCH58xBLE.a(gattservapp.o)
 .text.GATTServApp_InitCharCfg.part.12
                0x0000a726       0x20 /home/long/github/fingerprint_keyboard/sdk/CH583EVT/EVT/EXAM/BLE/LIB/libCH58xBLE.a(gattservapp.o)
 .text.gattProcessExecuteWriteReq
                0x0000a746        0x4 /home/long/github/fingerprint_keyboard/sdk/CH583EVT/EVT/EXAM/BLE/LIB/libCH58xBLE.a(gattservapp.o)
 .text.GATTServApp_ParamInit
                0x0000a74a       0xd6 /home/long/github/fingerprint_keyboard/sdk/CH583EVT/EVT/EXAM/BLE/LIB/libCH58xBLE.a(gattservapp.o)
                0x0000a74a                GATTServApp_ParamInit
 .text.GATTServApp_ReadCharCfg
                0x0000a820       0x18 /home/long/github/fingerprint_keyboard/sdk/CH583EVT/EVT/EXAM/BLE/LIB/libCH58xBLE.a(gattservapp.o)
                0x0000a820                GATTServApp_ReadCharCfg
 .text.GATTServApp_WriteCharCfg
                0x0000a838       0x3c /home/long/github/fingerprint_keyboard/sdk/CH583EVT/EVT/EXAM/BLE/LIB/libCH58xBLE.a(gattservapp.o)
                0x0000a838                GATTServApp_WriteCharCfg
 .text.GATTServApp_ProcessCCCWriteReq
                0x0000a874       0x60 /home/long/github/fingerprint_keyboard/sdk/CH583EVT/EVT/EXAM/BLE/LIB/libCH58xBLE.a(gattservapp.o)
                0x0000a874                GATTServApp_ProcessCCCWriteReq
 .text.gattServApp_WriteAttrCB
                0x0000a8d4       0x34 /home/long/github/fingerprint_keyboard/sdk/CH583EVT/EVT/EXAM/BLE/LIB/libCH58xBLE.a(gattservapp.o)
                0x0000a8d4                gattServApp_WriteAttrCB
 .text.GATTServApp_SendCCCUpdatedEvent
                0x0000a908       0x5e /home/long/github/fingerprint_keyboard/sdk/CH583EVT/EVT/EXAM/BLE/LIB/libCH58xBLE.a(gattservapp.o)
                0x0000a908                GATTServApp_SendCCCUpdatedEvent
 .text.GATTServApp_SendServiceChangedInd
                0x0000a966       0x36 /home/long/github/fingerprint_keyboard/sdk/CH583EVT/EVT/EXAM/BLE/LIB/libCH58xBLE.a(gattservapp.o)
                0x0000a966                GATTServApp_SendServiceChangedInd
 .text.gattServApp_ClearPrepareWriteQ
                0x0000a99c       0x50 /home/long/github/fingerprint_keyboard/sdk/CH583EVT/EVT/EXAM/BLE/LIB/libCH58xBLE.a(gattservapp.o)
                0x0000a99c                gattServApp_ClearPrepareWriteQ
 .text.gattServApp_FindPrepareWriteQ
                0x0000a9ec       0x30 /home/long/github/fingerprint_keyboard/sdk/CH583EVT/EVT/EXAM/BLE/LIB/libCH58xBLE.a(gattservapp.o)
                0x0000a9ec                gattServApp_FindPrepareWriteQ
 .text.gattServApp_FindServiceCBs
                0x0000aa1c       0x18 /home/long/github/fingerprint_keyboard/sdk/CH583EVT/EVT/EXAM/BLE/LIB/libCH58xBLE.a(gattservapp.o)
                0x0000aa1c                gattServApp_FindServiceCBs
 .text.gattServApp_FindAuthorizeAttrCB
                0x0000aa34       0x16 /home/long/github/fingerprint_keyboard/sdk/CH583EVT/EVT/EXAM/BLE/LIB/libCH58xBLE.a(gattservapp.o)
                0x0000aa34                gattServApp_FindAuthorizeAttrCB
 .text.gattServApp_IsWriteLong
                0x0000aa4a       0xea /home/long/github/fingerprint_keyboard/sdk/CH583EVT/EVT/EXAM/BLE/LIB/libCH58xBLE.a(gattservapp.o)
                0x0000aa4a                gattServApp_IsWriteLong
 .text.gattFindService
                0x0000ab34       0x1c /home/long/github/fingerprint_keyboard/sdk/CH583EVT/EVT/EXAM/BLE/LIB/libCH58xBLE.a(gattservapp.o)
                0x0000ab34                gattFindService
 .text.GATT_ServiceNumAttrs
                0x0000ab50       0x18 /home/long/github/fingerprint_keyboard/sdk/CH583EVT/EVT/EXAM/BLE/LIB/libCH58xBLE.a(gattservapp.o)
                0x0000ab50                GATT_ServiceNumAttrs
 .text.GATT_ServiceEncKeySize
                0x0000ab68       0x18 /home/long/github/fingerprint_keyboard/sdk/CH583EVT/EVT/EXAM/BLE/LIB/libCH58xBLE.a(gattservapp.o)
                0x0000ab68                GATT_ServiceEncKeySize
 .text.GATT_VerifyWritePermissions.part.7
                0x0000ab80       0x2e /home/long/github/fingerprint_keyboard/sdk/CH583EVT/EVT/EXAM/BLE/LIB/libCH58xBLE.a(gattservapp.o)
 .text.gattResetServerInfo
                0x0000abae       0x1c /home/long/github/fingerprint_keyboard/sdk/CH583EVT/EVT/EXAM/BLE/LIB/libCH58xBLE.a(gattservapp.o)
                0x0000abae                gattResetServerInfo
 .text.gattFindServerInfo
                0x0000abca       0x2c /home/long/github/fingerprint_keyboard/sdk/CH583EVT/EVT/EXAM/BLE/LIB/libCH58xBLE.a(gattservapp.o)
                0x0000abca                gattFindServerInfo
 .text.gattServerHandleConnStatusCB
                0x0000abf6       0x98 /home/long/github/fingerprint_keyboard/sdk/CH583EVT/EVT/EXAM/BLE/LIB/libCH58xBLE.a(gattservapp.o)
                0x0000abf6                gattServerHandleConnStatusCB
 .text.gattServerProcessMsgCB
                0x0000ac8e      0x1c0 /home/long/github/fingerprint_keyboard/sdk/CH583EVT/EVT/EXAM/BLE/LIB/libCH58xBLE.a(gattservapp.o)
                0x0000ac8e                gattServerProcessMsgCB
 .text.gattServerNotifyTxCB
                0x0000ae4e       0x28 /home/long/github/fingerprint_keyboard/sdk/CH583EVT/EVT/EXAM/BLE/LIB/libCH58xBLE.a(gattservapp.o)
 .text.GATT_FindHandle
                0x0000ae76       0x4a /home/long/github/fingerprint_keyboard/sdk/CH583EVT/EVT/EXAM/BLE/LIB/libCH58xBLE.a(gattservapp.o)
                0x0000ae76                GATT_FindHandle
 .text.GATTServApp_WriteAttr
                0x0000aec0       0xa8 /home/long/github/fingerprint_keyboard/sdk/CH583EVT/EVT/EXAM/BLE/LIB/libCH58xBLE.a(gattservapp.o)
                0x0000aec0                GATTServApp_WriteAttr
 .text.gattServApp_ProcessExecuteWriteReq
                0x0000af68      0x100 /home/long/github/fingerprint_keyboard/sdk/CH583EVT/EVT/EXAM/BLE/LIB/libCH58xBLE.a(gattservapp.o)
                0x0000af68                gattServApp_ProcessExecuteWriteReq
 .text.GATTServApp_UpdateCharCfg
                0x0000b068       0x1e /home/long/github/fingerprint_keyboard/sdk/CH583EVT/EVT/EXAM/BLE/LIB/libCH58xBLE.a(gattservapp.o)
                0x0000b068                GATTServApp_UpdateCharCfg
 .text.gattServApp_ProcessPrepareWriteReq
                0x0000b086      0x10e /home/long/github/fingerprint_keyboard/sdk/CH583EVT/EVT/EXAM/BLE/LIB/libCH58xBLE.a(gattservapp.o)
                0x0000b086                gattServApp_ProcessPrepareWriteReq
 .text.gattServApp_ProcessWriteReq
                0x0000b194       0xb0 /home/long/github/fingerprint_keyboard/sdk/CH583EVT/EVT/EXAM/BLE/LIB/libCH58xBLE.a(gattservapp.o)
                0x0000b194                gattServApp_ProcessWriteReq
 .text.GATT_Indication
                0x0000b244       0xa4 /home/long/github/fingerprint_keyboard/sdk/CH583EVT/EVT/EXAM/BLE/LIB/libCH58xBLE.a(gattservapp.o)
                0x0000b244                GATT_Indication
 .text.GATT_FindHandleUUID
                0x0000b2e8       0x94 /home/long/github/fingerprint_keyboard/sdk/CH583EVT/EVT/EXAM/BLE/LIB/libCH58xBLE.a(gattservapp.o)
                0x0000b2e8                GATT_FindHandleUUID
 .text.gattProcessReadByGrpTypeReq
                0x0000b37c       0x60 /home/long/github/fingerprint_keyboard/sdk/CH583EVT/EVT/EXAM/BLE/LIB/libCH58xBLE.a(gattservapp.o)
 .text.gattProcessReadByTypeReq
                0x0000b3dc       0x34 /home/long/github/fingerprint_keyboard/sdk/CH583EVT/EVT/EXAM/BLE/LIB/libCH58xBLE.a(gattservapp.o)
 .text.gattProcessFindByTypeValueReq
                0x0000b410       0x34 /home/long/github/fingerprint_keyboard/sdk/CH583EVT/EVT/EXAM/BLE/LIB/libCH58xBLE.a(gattservapp.o)
 .text.gattProcessFindInfoReq
                0x0000b444      0x1aa /home/long/github/fingerprint_keyboard/sdk/CH583EVT/EVT/EXAM/BLE/LIB/libCH58xBLE.a(gattservapp.o)
 .text.GATT_Notification
                0x0000b5ee       0x70 /home/long/github/fingerprint_keyboard/sdk/CH583EVT/EVT/EXAM/BLE/LIB/libCH58xBLE.a(gattservapp.o)
                0x0000b5ee                GATT_Notification
 .text.GATT_VerifyWritePermissions
                0x0000b65e       0x6a /home/long/github/fingerprint_keyboard/sdk/CH583EVT/EVT/EXAM/BLE/LIB/libCH58xBLE.a(gattservapp.o)
                0x0000b65e                GATT_VerifyWritePermissions
 .text.gattProcessWriteReq
                0x0000b6c8       0x36 /home/long/github/fingerprint_keyboard/sdk/CH583EVT/EVT/EXAM/BLE/LIB/libCH58xBLE.a(gattservapp.o)
 .text.GATT_VerifyPrepareWritePermissions
                0x0000b6fe       0x56 /home/long/github/fingerprint_keyboard/sdk/CH583EVT/EVT/EXAM/BLE/LIB/libCH58xBLE.a(gattservapp.o)
                0x0000b6fe                GATT_VerifyPrepareWritePermissions
 .text.gattProcessPrepareWriteReq
                0x0000b754       0x36 /home/long/github/fingerprint_keyboard/sdk/CH583EVT/EVT/EXAM/BLE/LIB/libCH58xBLE.a(gattservapp.o)
 .text.GATT_FindNextAttr
                0x0000b78a       0xc2 /home/long/github/fingerprint_keyboard/sdk/CH583EVT/EVT/EXAM/BLE/LIB/libCH58xBLE.a(gattservapp.o)
                0x0000b78a                GATT_FindNextAttr
 .text.GATTServApp_ReadAttr
                0x0000b84c      0x2ea /home/long/github/fingerprint_keyboard/sdk/CH583EVT/EVT/EXAM/BLE/LIB/libCH58xBLE.a(gattservapp.o)
                0x0000b84c                GATTServApp_ReadAttr
 .text.gattServApp_ProcessReadMultiReq
                0x0000bb36      0x16e /home/long/github/fingerprint_keyboard/sdk/CH583EVT/EVT/EXAM/BLE/LIB/libCH58xBLE.a(gattservapp.o)
                0x0000bb36                gattServApp_ProcessReadMultiReq
 .text.gattServApp_ProcessFindByTypeValueReq
                0x0000bca4      0x1a0 /home/long/github/fingerprint_keyboard/sdk/CH583EVT/EVT/EXAM/BLE/LIB/libCH58xBLE.a(gattservapp.o)
                0x0000bca4                gattServApp_ProcessFindByTypeValueReq
 .text.GATT_VerifyReadPermissions
                0x0000be44       0x68 /home/long/github/fingerprint_keyboard/sdk/CH583EVT/EVT/EXAM/BLE/LIB/libCH58xBLE.a(gattservapp.o)
                0x0000be44                GATT_VerifyReadPermissions
 .text.gattProcessReadMultiReq
                0x0000beac       0xae /home/long/github/fingerprint_keyboard/sdk/CH583EVT/EVT/EXAM/BLE/LIB/libCH58xBLE.a(gattservapp.o)
 .text.gattProcessReadReq
                0x0000bf5a       0x30 /home/long/github/fingerprint_keyboard/sdk/CH583EVT/EVT/EXAM/BLE/LIB/libCH58xBLE.a(gattservapp.o)
 .text.gattServApp_ProcessReadByGrpTypeReq
                0x0000bf8a      0x200 /home/long/github/fingerprint_keyboard/sdk/CH583EVT/EVT/EXAM/BLE/LIB/libCH58xBLE.a(gattservapp.o)
                0x0000bf8a                gattServApp_ProcessReadByGrpTypeReq
 .text.gattServApp_ProcessReadByTypeReq
                0x0000c18a      0x1ae /home/long/github/fingerprint_keyboard/sdk/CH583EVT/EVT/EXAM/BLE/LIB/libCH58xBLE.a(gattservapp.o)
                0x0000c18a                gattServApp_ProcessReadByTypeReq
 .text.GATT_RegisterService
                0x0000c338      0x100 /home/long/github/fingerprint_keyboard/sdk/CH583EVT/EVT/EXAM/BLE/LIB/libCH58xBLE.a(gattservapp.o)
                0x0000c338                GATT_RegisterService
 .text.GATTServApp_RegisterService
                0x0000c438       0x7c /home/long/github/fingerprint_keyboard/sdk/CH583EVT/EVT/EXAM/BLE/LIB/libCH58xBLE.a(gattservapp.o)
                0x0000c438                GATTServApp_RegisterService
 .text.GATTServApp_AddService
                0x0000c4b4       0x2c /home/long/github/fingerprint_keyboard/sdk/CH583EVT/EVT/EXAM/BLE/LIB/libCH58xBLE.a(gattservapp.o)
                0x0000c4b4                GATTServApp_AddService
 .text.GATTServApp_RegisterForMsg
                0x0000c4e0        0x6 /home/long/github/fingerprint_keyboard/sdk/CH583EVT/EVT/EXAM/BLE/LIB/libCH58xBLE.a(gattservapp.o)
                0x0000c4e0                GATTServApp_RegisterForMsg
 .text.GATTServApp_InitCharCfg
                0x0000c4e6       0x28 /home/long/github/fingerprint_keyboard/sdk/CH583EVT/EVT/EXAM/BLE/LIB/libCH58xBLE.a(gattservapp.o)
                0x0000c4e6                GATTServApp_InitCharCfg
 .text.gattServApp_HandleConnStatusCB
                0x0000c50e       0x74 /home/long/github/fingerprint_keyboard/sdk/CH583EVT/EVT/EXAM/BLE/LIB/libCH58xBLE.a(gattservapp.o)
                0x0000c50e                gattServApp_HandleConnStatusCB
 .text.GATT_InitServer
                0x0000c582       0xfa /home/long/github/fingerprint_keyboard/sdk/CH583EVT/EVT/EXAM/BLE/LIB/libCH58xBLE.a(gattservapp.o)
                0x0000c582                GATT_InitServer
 .text.GATTServApp_Init
                0x0000c67c       0x34 /home/long/github/fingerprint_keyboard/sdk/CH583EVT/EVT/EXAM/BLE/LIB/libCH58xBLE.a(gattservapp.o)
                0x0000c67c                GATTServApp_Init
 .text.GATTServApp_ProcessEvent
                0x0000c6b0      0x36a /home/long/github/fingerprint_keyboard/sdk/CH583EVT/EVT/EXAM/BLE/LIB/libCH58xBLE.a(gattservapp.o)
                0x0000c6b0                GATTServApp_ProcessEvent
 .text.l2capAllocConnChannel
                0x0000ca1a       0xdc /home/long/github/fingerprint_keyboard/sdk/CH583EVT/EVT/EXAM/BLE/LIB/libCH58xBLE.a(l2cap.o)
                0x0000ca1a                l2capAllocConnChannel
 .text.l2capFindLocalCID
                0x0000caf6       0x2c /home/long/github/fingerprint_keyboard/sdk/CH583EVT/EVT/EXAM/BLE/LIB/libCH58xBLE.a(l2cap.o)
                0x0000caf6                l2capFindLocalCID
 .text.l2capFindLocalId
                0x0000cb22       0x30 /home/long/github/fingerprint_keyboard/sdk/CH583EVT/EVT/EXAM/BLE/LIB/libCH58xBLE.a(l2cap.o)
                0x0000cb22                l2capFindLocalId
 .text.l2capFindPsm
                0x0000cb52       0x2c /home/long/github/fingerprint_keyboard/sdk/CH583EVT/EVT/EXAM/BLE/LIB/libCH58xBLE.a(l2cap.o)
                0x0000cb52                l2capFindPsm
 .text.l2capFindRemoteCID
                0x0000cb7e       0x3c /home/long/github/fingerprint_keyboard/sdk/CH583EVT/EVT/EXAM/BLE/LIB/libCH58xBLE.a(l2cap.o)
                0x0000cb7e                l2capFindRemoteCID
 .text.l2capFreeChannel
                0x0000cbba       0x4e /home/long/github/fingerprint_keyboard/sdk/CH583EVT/EVT/EXAM/BLE/LIB/libCH58xBLE.a(l2cap.o)
                0x0000cbba                l2capFreeChannel
 .text.l2capDisconnectChannel
                0x0000cc08       0x28 /home/long/github/fingerprint_keyboard/sdk/CH583EVT/EVT/EXAM/BLE/LIB/libCH58xBLE.a(l2cap.o)
                0x0000cc08                l2capDisconnectChannel
 .text.l2capHandleTimerCB
                0x0000cc30       0x2c /home/long/github/fingerprint_keyboard/sdk/CH583EVT/EVT/EXAM/BLE/LIB/libCH58xBLE.a(l2cap.o)
                0x0000cc30                l2capHandleTimerCB
 .text.l2capFreePendingPkt
                0x0000cc5c       0x58 /home/long/github/fingerprint_keyboard/sdk/CH583EVT/EVT/EXAM/BLE/LIB/libCH58xBLE.a(l2cap.o)
                0x0000cc5c                l2capFreePendingPkt
 .text.l2capGetCoChannelInfo
                0x0000ccb4       0x82 /home/long/github/fingerprint_keyboard/sdk/CH583EVT/EVT/EXAM/BLE/LIB/libCH58xBLE.a(l2cap.o)
                0x0000ccb4                l2capGetCoChannelInfo
 .text.l2capNumActiveChannnels
                0x0000cd36       0x44 /home/long/github/fingerprint_keyboard/sdk/CH583EVT/EVT/EXAM/BLE/LIB/libCH58xBLE.a(l2cap.o)
                0x0000cd36                l2capNumActiveChannnels
 .text.l2capStartTimer
                0x0000cd7a       0x1a /home/long/github/fingerprint_keyboard/sdk/CH583EVT/EVT/EXAM/BLE/LIB/libCH58xBLE.a(l2cap.o)
                0x0000cd7a                l2capStartTimer
 .text.l2capStopTimer
                0x0000cd94       0x1e /home/long/github/fingerprint_keyboard/sdk/CH583EVT/EVT/EXAM/BLE/LIB/libCH58xBLE.a(l2cap.o)
                0x0000cd94                l2capStopTimer
 .text.l2capDisconnectAllChannels
                0x0000cdb2       0xdc /home/long/github/fingerprint_keyboard/sdk/CH583EVT/EVT/EXAM/BLE/LIB/libCH58xBLE.a(l2cap.o)
                0x0000cdb2                l2capDisconnectAllChannels
 .text.l2capHandleConnStatusCB
                0x0000ce8e       0x3c /home/long/github/fingerprint_keyboard/sdk/CH583EVT/EVT/EXAM/BLE/LIB/libCH58xBLE.a(l2cap.o)
                0x0000ce8e                l2capHandleConnStatusCB
 .text.l2capHandleRxError
                0x0000ceca        0x6 /home/long/github/fingerprint_keyboard/sdk/CH583EVT/EVT/EXAM/BLE/LIB/libCH58xBLE.a(l2cap.o)
                0x0000ceca                l2capHandleRxError
 .text.L2CAP_GetMTU
                0x0000ced0        0x6 /home/long/github/fingerprint_keyboard/sdk/CH583EVT/EVT/EXAM/BLE/LIB/libCH58xBLE.a(l2cap.o)
                0x0000ced0                L2CAP_GetMTU
 .text.L2CAP_HostNumCompletedPkts
                0x0000ced6       0x28 /home/long/github/fingerprint_keyboard/sdk/CH583EVT/EVT/EXAM/BLE/LIB/libCH58xBLE.a(l2cap.o)
                0x0000ced6                L2CAP_HostNumCompletedPkts
 .text.L2CAP_ParseConnectReq
                0x0000cefe       0x5e /home/long/github/fingerprint_keyboard/sdk/CH583EVT/EVT/EXAM/BLE/LIB/libCH58xBLE.a(l2cap.o)
                0x0000cefe                L2CAP_ParseConnectReq
 .text.L2CAP_ParseFlowCtrlCredit
                0x0000cf5c       0x2e /home/long/github/fingerprint_keyboard/sdk/CH583EVT/EVT/EXAM/BLE/LIB/libCH58xBLE.a(l2cap.o)
                0x0000cf5c                L2CAP_ParseFlowCtrlCredit
 .text.L2CAP_RegisterApp
                0x0000cf8a       0x30 /home/long/github/fingerprint_keyboard/sdk/CH583EVT/EVT/EXAM/BLE/LIB/libCH58xBLE.a(l2cap.o)
                0x0000cf8a                L2CAP_RegisterApp
 .text.L2CAP_SetBufSize
                0x0000cfba       0x1e /home/long/github/fingerprint_keyboard/sdk/CH583EVT/EVT/EXAM/BLE/LIB/libCH58xBLE.a(l2cap.o)
                0x0000cfba                L2CAP_SetBufSize
 .text.L2CAP_bm_alloc
                0x0000cfd8       0x2a /home/long/github/fingerprint_keyboard/sdk/CH583EVT/EVT/EXAM/BLE/LIB/libCH58xBLE.a(l2cap.o)
                0x0000cfd8                L2CAP_bm_alloc
 .text.L2CAP_Init
                0x0000d002      0x142 /home/long/github/fingerprint_keyboard/sdk/CH583EVT/EVT/EXAM/BLE/LIB/libCH58xBLE.a(l2cap.o)
                0x0000d002                L2CAP_Init
 .text.L2CAP_ProcessEvent
                0x0000d144       0xc8 /home/long/github/fingerprint_keyboard/sdk/CH583EVT/EVT/EXAM/BLE/LIB/libCH58xBLE.a(l2cap.o)
                0x0000d144                L2CAP_ProcessEvent
 .text.l2capParseCmdReject
                0x0000d20c       0x5e /home/long/github/fingerprint_keyboard/sdk/CH583EVT/EVT/EXAM/BLE/LIB/libCH58xBLE.a(l2cap_input.o)
                0x0000d20c                l2capParseCmdReject
 .text.l2capParseDisconnectReq
                0x0000d26a       0x2e /home/long/github/fingerprint_keyboard/sdk/CH583EVT/EVT/EXAM/BLE/LIB/libCH58xBLE.a(l2cap_input.o)
                0x0000d26a                l2capParseDisconnectReq
 .text.l2capParseDisconnectRsp
                0x0000d298       0x2e /home/long/github/fingerprint_keyboard/sdk/CH583EVT/EVT/EXAM/BLE/LIB/libCH58xBLE.a(l2cap_input.o)
                0x0000d298                l2capParseDisconnectRsp
 .text.L2CAP_ParseParamUpdateReq
                0x0000d2c6       0x4e /home/long/github/fingerprint_keyboard/sdk/CH583EVT/EVT/EXAM/BLE/LIB/libCH58xBLE.a(l2cap_input.o)
                0x0000d2c6                L2CAP_ParseParamUpdateReq
 .text.l2capParseParamUpdateRsp
                0x0000d314       0x1e /home/long/github/fingerprint_keyboard/sdk/CH583EVT/EVT/EXAM/BLE/LIB/libCH58xBLE.a(l2cap_input.o)
                0x0000d314                l2capParseParamUpdateRsp
 .text.l2capProcessConnectReq
                0x0000d332       0xfc /home/long/github/fingerprint_keyboard/sdk/CH583EVT/EVT/EXAM/BLE/LIB/libCH58xBLE.a(l2cap_input.o)
                0x0000d332                l2capProcessConnectReq
 .text.l2capParseConnectRsp
                0x0000d42e       0x5e /home/long/github/fingerprint_keyboard/sdk/CH583EVT/EVT/EXAM/BLE/LIB/libCH58xBLE.a(l2cap_input.o)
                0x0000d42e                l2capParseConnectRsp
 .text.l2capParseSignalHdr
                0x0000d48c       0x22 /home/long/github/fingerprint_keyboard/sdk/CH583EVT/EVT/EXAM/BLE/LIB/libCH58xBLE.a(l2cap_input.o)
                0x0000d48c                l2capParseSignalHdr
 .text.l2capParsePacket
                0x0000d4ae       0x8c /home/long/github/fingerprint_keyboard/sdk/CH583EVT/EVT/EXAM/BLE/LIB/libCH58xBLE.a(l2cap_input.o)
                0x0000d4ae                l2capParsePacket
 .text.l2capProcessReq
                0x0000d53a      0x15a /home/long/github/fingerprint_keyboard/sdk/CH583EVT/EVT/EXAM/BLE/LIB/libCH58xBLE.a(l2cap_input.o)
                0x0000d53a                l2capProcessReq
 .text.l2capProcessRsp
                0x0000d694      0x150 /home/long/github/fingerprint_keyboard/sdk/CH583EVT/EVT/EXAM/BLE/LIB/libCH58xBLE.a(l2cap_input.o)
                0x0000d694                l2capProcessRsp
 .text.l2capProcessRxData
                0x0000d7e4       0xf8 /home/long/github/fingerprint_keyboard/sdk/CH583EVT/EVT/EXAM/BLE/LIB/libCH58xBLE.a(l2cap_input.o)
                0x0000d7e4                l2capProcessRxData
 .text.l2capNotifyData
                0x0000d8dc       0x5e /home/long/github/fingerprint_keyboard/sdk/CH583EVT/EVT/EXAM/BLE/LIB/libCH58xBLE.a(l2cap_output.o)
                0x0000d8dc                l2capNotifyData
 .text.l2capNotifySignal
                0x0000d93a       0x7a /home/long/github/fingerprint_keyboard/sdk/CH583EVT/EVT/EXAM/BLE/LIB/libCH58xBLE.a(l2cap_output.o)
                0x0000d93a                l2capNotifySignal
 .text.l2capNotifyCreditEvt
                0x0000d9b4       0xa0 /home/long/github/fingerprint_keyboard/sdk/CH583EVT/EVT/EXAM/BLE/LIB/libCH58xBLE.a(l2cap_output.o)
                0x0000d9b4                l2capNotifyCreditEvt
 .text.l2capNotifyChannelEstEvt
                0x0000da54       0x5c /home/long/github/fingerprint_keyboard/sdk/CH583EVT/EVT/EXAM/BLE/LIB/libCH58xBLE.a(l2cap_output.o)
                0x0000da54                l2capNotifyChannelEstEvt
 .text.l2capNotifyChannelTermEvt
                0x0000dab0       0x3e /home/long/github/fingerprint_keyboard/sdk/CH583EVT/EVT/EXAM/BLE/LIB/libCH58xBLE.a(l2cap_output.o)
                0x0000dab0                l2capNotifyChannelTermEvt
 .text.l2capNotifyEvent
                0x0000daee       0x66 /home/long/github/fingerprint_keyboard/sdk/CH583EVT/EVT/EXAM/BLE/LIB/libCH58xBLE.a(l2cap_output.o)
                0x0000daee                l2capNotifyEvent
 .text.l2capStoreFCPkt
                0x0000db54       0x32 /home/long/github/fingerprint_keyboard/sdk/CH583EVT/EVT/EXAM/BLE/LIB/libCH58xBLE.a(l2cap_output.o)
                0x0000db54                l2capStoreFCPkt
 .text.l2capFreeTxSDU
                0x0000db86       0x9e /home/long/github/fingerprint_keyboard/sdk/CH583EVT/EVT/EXAM/BLE/LIB/libCH58xBLE.a(l2cap_output.o)
                0x0000db86                l2capFreeTxSDU
 .text.l2capReassembleSegment
                0x0000dc24      0x174 /home/long/github/fingerprint_keyboard/sdk/CH583EVT/EVT/EXAM/BLE/LIB/libCH58xBLE.a(l2cap_output.o)
                0x0000dc24                l2capReassembleSegment
 .text.l2capEncapSendData
                0x0000dd98       0xec /home/long/github/fingerprint_keyboard/sdk/CH583EVT/EVT/EXAM/BLE/LIB/libCH58xBLE.a(l2cap_output.o)
                0x0000dd98                l2capEncapSendData
 .text.l2capSendFCPkt.part.3
                0x0000de84       0x70 /home/long/github/fingerprint_keyboard/sdk/CH583EVT/EVT/EXAM/BLE/LIB/libCH58xBLE.a(l2cap_output.o)
 .text.l2capSendSegment
                0x0000def4      0x108 /home/long/github/fingerprint_keyboard/sdk/CH583EVT/EVT/EXAM/BLE/LIB/libCH58xBLE.a(l2cap_output.o)
                0x0000def4                l2capSendSegment
 .text.l2capSendNextSegment
                0x0000dffc       0xb4 /home/long/github/fingerprint_keyboard/sdk/CH583EVT/EVT/EXAM/BLE/LIB/libCH58xBLE.a(l2cap_output.o)
                0x0000dffc                l2capSendNextSegment
 .text.l2capSendPkt
                0x0000e0b0       0x3a /home/long/github/fingerprint_keyboard/sdk/CH583EVT/EVT/EXAM/BLE/LIB/libCH58xBLE.a(l2cap_output.o)
                0x0000e0b0                l2capSendPkt
 .text.L2CAP_SendData
                0x0000e0ea       0x82 /home/long/github/fingerprint_keyboard/sdk/CH583EVT/EVT/EXAM/BLE/LIB/libCH58xBLE.a(l2cap_output.o)
                0x0000e0ea                L2CAP_SendData
 .text.l2capSendCmd
                0x0000e16c       0x8a /home/long/github/fingerprint_keyboard/sdk/CH583EVT/EVT/EXAM/BLE/LIB/libCH58xBLE.a(l2cap_output.o)
                0x0000e16c                l2capSendCmd
 .text.l2capSendReq
                0x0000e1f6       0xbc /home/long/github/fingerprint_keyboard/sdk/CH583EVT/EVT/EXAM/BLE/LIB/libCH58xBLE.a(l2cap_output.o)
                0x0000e1f6                l2capSendReq
 .text.l2capBuildDisconnectReq
                0x0000e2b2       0x28 /home/long/github/fingerprint_keyboard/sdk/CH583EVT/EVT/EXAM/BLE/LIB/libCH58xBLE.a(l2cap_sdu.o)
 .text.l2capBuildParamUpdateReq
                0x0000e2da       0x4c /home/long/github/fingerprint_keyboard/sdk/CH583EVT/EVT/EXAM/BLE/LIB/libCH58xBLE.a(l2cap_sdu.o)
 .text.l2capBuildParamUpdateRsp
                0x0000e326       0x16 /home/long/github/fingerprint_keyboard/sdk/CH583EVT/EVT/EXAM/BLE/LIB/libCH58xBLE.a(l2cap_sdu.o)
 .text.l2capBuildConnectRsp
                0x0000e33c       0x5e /home/long/github/fingerprint_keyboard/sdk/CH583EVT/EVT/EXAM/BLE/LIB/libCH58xBLE.a(l2cap_sdu.o)
 .text.l2capBuildCmdReject
                0x0000e39a       0x62 /home/long/github/fingerprint_keyboard/sdk/CH583EVT/EVT/EXAM/BLE/LIB/libCH58xBLE.a(l2cap_sdu.o)
                0x0000e39a                l2capBuildCmdReject
 .text.l2capBuildDisconnectRsp
                0x0000e3fc       0x28 /home/long/github/fingerprint_keyboard/sdk/CH583EVT/EVT/EXAM/BLE/LIB/libCH58xBLE.a(l2cap_sdu.o)
                0x0000e3fc                l2capBuildDisconnectRsp
 .text.l2capSendConnectRsp
                0x0000e424       0xa6 /home/long/github/fingerprint_keyboard/sdk/CH583EVT/EVT/EXAM/BLE/LIB/libCH58xBLE.a(l2cap_sdu.o)
                0x0000e424                l2capSendConnectRsp
 .text.L2CAP_CmdReject
                0x0000e4ca       0x12 /home/long/github/fingerprint_keyboard/sdk/CH583EVT/EVT/EXAM/BLE/LIB/libCH58xBLE.a(l2cap_sdu.o)
                0x0000e4ca                L2CAP_CmdReject
 .text.L2CAP_DisconnectReq
                0x0000e4dc       0x2a /home/long/github/fingerprint_keyboard/sdk/CH583EVT/EVT/EXAM/BLE/LIB/libCH58xBLE.a(l2cap_sdu.o)
                0x0000e4dc                L2CAP_DisconnectReq
 .text.L2CAP_ConnParamUpdateReq
                0x0000e506       0x16 /home/long/github/fingerprint_keyboard/sdk/CH583EVT/EVT/EXAM/BLE/LIB/libCH58xBLE.a(l2cap_sdu.o)
                0x0000e506                L2CAP_ConnParamUpdateReq
 .text.L2CAP_ConnParamUpdateRsp
                0x0000e51c       0x12 /home/long/github/fingerprint_keyboard/sdk/CH583EVT/EVT/EXAM/BLE/LIB/libCH58xBLE.a(l2cap_sdu.o)
                0x0000e51c                L2CAP_ConnParamUpdateRsp
 .text.reportStatusChange
                0x0000e52e       0x3e /home/long/github/fingerprint_keyboard/sdk/CH583EVT/EVT/EXAM/BLE/LIB/libCH58xBLE.a(linkdb.o)
 .text.linkDB_Init
                0x0000e56c       0xa0 /home/long/github/fingerprint_keyboard/sdk/CH583EVT/EVT/EXAM/BLE/LIB/libCH58xBLE.a(linkdb.o)
                0x0000e56c                linkDB_Init
 .text.linkDB_Find
                0x0000e60c       0x30 /home/long/github/fingerprint_keyboard/sdk/CH583EVT/EVT/EXAM/BLE/LIB/libCH58xBLE.a(linkdb.o)
                0x0000e60c                linkDB_Find
 .text.linkDB_Authen
                0x0000e63c       0x5c /home/long/github/fingerprint_keyboard/sdk/CH583EVT/EVT/EXAM/BLE/LIB/libCH58xBLE.a(linkdb.o)
                0x0000e63c                linkDB_Authen
 .text.linkDB_FindByAddr
                0x0000e698       0x7e /home/long/github/fingerprint_keyboard/sdk/CH583EVT/EVT/EXAM/BLE/LIB/libCH58xBLE.a(linkdb.o)
                0x0000e698                linkDB_FindByAddr
 .text.linkDB_FindFirst
                0x0000e716       0x3c /home/long/github/fingerprint_keyboard/sdk/CH583EVT/EVT/EXAM/BLE/LIB/libCH58xBLE.a(linkdb.o)
                0x0000e716                linkDB_FindFirst
 .text.linkDB_MTU
                0x0000e752       0x18 /home/long/github/fingerprint_keyboard/sdk/CH583EVT/EVT/EXAM/BLE/LIB/libCH58xBLE.a(linkdb.o)
                0x0000e752                linkDB_MTU
 .text.linkDB_NumActive
                0x0000e76a       0x32 /home/long/github/fingerprint_keyboard/sdk/CH583EVT/EVT/EXAM/BLE/LIB/libCH58xBLE.a(linkdb.o)
                0x0000e76a                linkDB_NumActive
 .text.linkDB_NumConns
                0x0000e79c        0xa /home/long/github/fingerprint_keyboard/sdk/CH583EVT/EVT/EXAM/BLE/LIB/libCH58xBLE.a(linkdb.o)
                0x0000e79c                linkDB_NumConns
 .text.linkDB_Register
                0x0000e7a6       0x28 /home/long/github/fingerprint_keyboard/sdk/CH583EVT/EVT/EXAM/BLE/LIB/libCH58xBLE.a(linkdb.o)
                0x0000e7a6                linkDB_Register
 .text.linkDB_Remove
                0x0000e7ce       0x4c /home/long/github/fingerprint_keyboard/sdk/CH583EVT/EVT/EXAM/BLE/LIB/libCH58xBLE.a(linkdb.o)
                0x0000e7ce                linkDB_Remove
 .text.linkDB_Role
                0x0000e81a       0x18 /home/long/github/fingerprint_keyboard/sdk/CH583EVT/EVT/EXAM/BLE/LIB/libCH58xBLE.a(linkdb.o)
                0x0000e81a                linkDB_Role
 .text.linkDB_State
                0x0000e832       0x30 /home/long/github/fingerprint_keyboard/sdk/CH583EVT/EVT/EXAM/BLE/LIB/libCH58xBLE.a(linkdb.o)
                0x0000e832                linkDB_State
 .text.linkDB_UpdateMTU
                0x0000e862       0x28 /home/long/github/fingerprint_keyboard/sdk/CH583EVT/EVT/EXAM/BLE/LIB/libCH58xBLE.a(linkdb.o)
                0x0000e862                linkDB_UpdateMTU
 .text.linkDB_PerformFunc
                0x0000e88a       0x56 /home/long/github/fingerprint_keyboard/sdk/CH583EVT/EVT/EXAM/BLE/LIB/libCH58xBLE.a(linkdb.o)
                0x0000e88a                linkDB_PerformFunc
 .text.linkDB_PeripheralLinkNum
                0x0000e8e0       0x42 /home/long/github/fingerprint_keyboard/sdk/CH583EVT/EVT/EXAM/BLE/LIB/libCH58xBLE.a(linkdb.o)
                0x0000e8e0                linkDB_PeripheralLinkNum
 .text.linkDB_GetSMEvtID
                0x0000e922       0x5c /home/long/github/fingerprint_keyboard/sdk/CH583EVT/EVT/EXAM/BLE/LIB/libCH58xBLE.a(linkdb.o)
                0x0000e922                linkDB_GetSMEvtID
 .text.linkDB_Add
                0x0000e97e       0xb2 /home/long/github/fingerprint_keyboard/sdk/CH583EVT/EVT/EXAM/BLE/LIB/libCH58xBLE.a(linkdb.o)
                0x0000e97e                linkDB_Add
 .text.linkDB_GetHandleFromSMEvtID
                0x0000ea30       0x36 /home/long/github/fingerprint_keyboard/sdk/CH583EVT/EVT/EXAM/BLE/LIB/libCH58xBLE.a(linkdb.o)
                0x0000ea30                linkDB_GetHandleFromSMEvtID
 .text.linkDB_GetPairingParam
                0x0000ea66       0x72 /home/long/github/fingerprint_keyboard/sdk/CH583EVT/EVT/EXAM/BLE/LIB/libCH58xBLE.a(linkdb.o)
                0x0000ea66                linkDB_GetPairingParam
 .text.linkDB_NeedSendKey
                0x0000ead8       0x48 /home/long/github/fingerprint_keyboard/sdk/CH583EVT/EVT/EXAM/BLE/LIB/libCH58xBLE.a(linkdb.o)
                0x0000ead8                linkDB_NeedSendKey
 .text.smStartRspTimer
                0x0000eb20       0x3a /home/long/github/fingerprint_keyboard/sdk/CH583EVT/EVT/EXAM/BLE/LIB/libCH58xBLE.a(sm.o)
 .text.smStartEncryption
                0x0000eb5a       0xa0 /home/long/github/fingerprint_keyboard/sdk/CH583EVT/EVT/EXAM/BLE/LIB/libCH58xBLE.a(sm.o)
 .text.smFreePairingParams
                0x0000ebfa       0x7e /home/long/github/fingerprint_keyboard/sdk/CH583EVT/EVT/EXAM/BLE/LIB/libCH58xBLE.a(sm.o)
                0x0000ebfa                smFreePairingParams
 .text.smEndPairing
                0x0000ec78       0x60 /home/long/github/fingerprint_keyboard/sdk/CH583EVT/EVT/EXAM/BLE/LIB/libCH58xBLE.a(sm.o)
                0x0000ec78                smEndPairing
 .text.smLinkCheck
                0x0000ecd8       0x34 /home/long/github/fingerprint_keyboard/sdk/CH583EVT/EVT/EXAM/BLE/LIB/libCH58xBLE.a(sm.o)
                0x0000ecd8                smLinkCheck
 .text.smNextPairingState
                0x0000ed0c       0x58 /home/long/github/fingerprint_keyboard/sdk/CH583EVT/EVT/EXAM/BLE/LIB/libCH58xBLE.a(sm.o)
                0x0000ed0c                smNextPairingState
 .text.smProcessEncryptChange
                0x0000ed64       0xf0 /home/long/github/fingerprint_keyboard/sdk/CH583EVT/EVT/EXAM/BLE/LIB/libCH58xBLE.a(sm.o)
                0x0000ed64                smProcessEncryptChange
 .text.smSendSMMsg
                0x0000ee54       0x5c /home/long/github/fingerprint_keyboard/sdk/CH583EVT/EVT/EXAM/BLE/LIB/libCH58xBLE.a(sm.o)
                0x0000ee54                smSendSMMsg
 .text.smSendFailAndEnd
                0x0000eeb0       0x38 /home/long/github/fingerprint_keyboard/sdk/CH583EVT/EVT/EXAM/BLE/LIB/libCH58xBLE.a(sm.o)
                0x0000eeb0                smSendFailAndEnd
 .text.smProcessPairingReq
                0x0000eee8       0x3c /home/long/github/fingerprint_keyboard/sdk/CH583EVT/EVT/EXAM/BLE/LIB/libCH58xBLE.a(sm.o)
                0x0000eee8                smProcessPairingReq
 .text.smSetPairingReqRsp
                0x0000ef24       0x3c /home/long/github/fingerprint_keyboard/sdk/CH583EVT/EVT/EXAM/BLE/LIB/libCH58xBLE.a(sm.o)
                0x0000ef24                smSetPairingReqRsp
 .text.SM_StartEncryption
                0x0000ef60       0x16 /home/long/github/fingerprint_keyboard/sdk/CH583EVT/EVT/EXAM/BLE/LIB/libCH58xBLE.a(sm.o)
                0x0000ef60                SM_StartEncryption
 .text.sm_dhkey
                0x0000ef76       0x3a /home/long/github/fingerprint_keyboard/sdk/CH583EVT/EVT/EXAM/BLE/LIB/libCH58xBLE.a(sm.o)
                0x0000ef76                sm_dhkey
 .text.sm_c1    0x0000efb0       0xb4 /home/long/github/fingerprint_keyboard/sdk/CH583EVT/EVT/EXAM/BLE/LIB/libCH58xBLE.a(sm.o)
                0x0000efb0                sm_c1
 .text.smDetermineKeySize
                0x0000f064       0x20 /home/long/github/fingerprint_keyboard/sdk/CH583EVT/EVT/EXAM/BLE/LIB/libCH58xBLE.a(sm.o)
                0x0000f064                smDetermineKeySize
 .text.smpParsePairingReq
                0x0000f084      0x118 /home/long/github/fingerprint_keyboard/sdk/CH583EVT/EVT/EXAM/BLE/LIB/libCH58xBLE.a(sm.o)
                0x0000f084                smpParsePairingReq
 .text.smpParseEncInfo
                0x0000f19c       0x2a /home/long/github/fingerprint_keyboard/sdk/CH583EVT/EVT/EXAM/BLE/LIB/libCH58xBLE.a(sm.o)
                0x0000f19c                smpParseEncInfo
 .text.smpParseIdentityAddrInfo
                0x0000f1c6       0x34 /home/long/github/fingerprint_keyboard/sdk/CH583EVT/EVT/EXAM/BLE/LIB/libCH58xBLE.a(sm.o)
                0x0000f1c6                smpParseIdentityAddrInfo
 .text.smpParseIdentityInfo
                0x0000f1fa       0x2a /home/long/github/fingerprint_keyboard/sdk/CH583EVT/EVT/EXAM/BLE/LIB/libCH58xBLE.a(sm.o)
                0x0000f1fa                smpParseIdentityInfo
 .text.smpParseMasterID
                0x0000f224       0x3c /home/long/github/fingerprint_keyboard/sdk/CH583EVT/EVT/EXAM/BLE/LIB/libCH58xBLE.a(sm.o)
                0x0000f224                smpParseMasterID
 .text.smpParsePairingConfirm
                0x0000f260       0x2a /home/long/github/fingerprint_keyboard/sdk/CH583EVT/EVT/EXAM/BLE/LIB/libCH58xBLE.a(sm.o)
                0x0000f260                smpParsePairingConfirm
 .text.smpParsePairingFailed
                0x0000f28a       0x1c /home/long/github/fingerprint_keyboard/sdk/CH583EVT/EVT/EXAM/BLE/LIB/libCH58xBLE.a(sm.o)
                0x0000f28a                smpParsePairingFailed
 .text.smpParsePairingRandom
                0x0000f2a6       0x2a /home/long/github/fingerprint_keyboard/sdk/CH583EVT/EVT/EXAM/BLE/LIB/libCH58xBLE.a(sm.o)
                0x0000f2a6                smpParsePairingRandom
 .text.smpParseSigningInfo
                0x0000f2d0       0x2a /home/long/github/fingerprint_keyboard/sdk/CH583EVT/EVT/EXAM/BLE/LIB/libCH58xBLE.a(sm.o)
                0x0000f2d0                smpParseSigningInfo
 .text.smpParsePairingPublicKey
                0x0000f2fa       0x2c /home/long/github/fingerprint_keyboard/sdk/CH583EVT/EVT/EXAM/BLE/LIB/libCH58xBLE.a(sm.o)
                0x0000f2fa                smpParsePairingPublicKey
 .text.smpParsePairingDHKeyCheck
                0x0000f326       0x2a /home/long/github/fingerprint_keyboard/sdk/CH583EVT/EVT/EXAM/BLE/LIB/libCH58xBLE.a(sm.o)
                0x0000f326                smpParsePairingDHKeyCheck
 .text.smProcessDataMsg
                0x0000f350       0xfc /home/long/github/fingerprint_keyboard/sdk/CH583EVT/EVT/EXAM/BLE/LIB/libCH58xBLE.a(sm.o)
                0x0000f350                smProcessDataMsg
 .text.smProcessTMOSMsg
                0x0000f44c      0x164 /home/long/github/fingerprint_keyboard/sdk/CH583EVT/EVT/EXAM/BLE/LIB/libCH58xBLE.a(sm.o)
                0x0000f44c                smProcessTMOSMsg
 .text.SM_CalcRandomAddr
                0x0000f5b0       0x54 /home/long/github/fingerprint_keyboard/sdk/CH583EVT/EVT/EXAM/BLE/LIB/libCH58xBLE.a(sm.o)
                0x0000f5b0                SM_CalcRandomAddr
 .text.SM_GenerateAuthenSig
                0x0000f604       0xe6 /home/long/github/fingerprint_keyboard/sdk/CH583EVT/EVT/EXAM/BLE/LIB/libCH58xBLE.a(sm.o)
                0x0000f604                SM_GenerateAuthenSig
 .text.SM_PasskeyUpdate
                0x0000f6ea       0xe8 /home/long/github/fingerprint_keyboard/sdk/CH583EVT/EVT/EXAM/BLE/LIB/libCH58xBLE.a(sm.o)
                0x0000f6ea                SM_PasskeyUpdate
 .text.SM_ResolveRandomAddrs
                0x0000f7d2       0x5e /home/long/github/fingerprint_keyboard/sdk/CH583EVT/EVT/EXAM/BLE/LIB/libCH58xBLE.a(sm.o)
                0x0000f7d2                SM_ResolveRandomAddrs
 .text.SM_StartPairing
                0x0000f830       0xc2 /home/long/github/fingerprint_keyboard/sdk/CH583EVT/EVT/EXAM/BLE/LIB/libCH58xBLE.a(sm.o)
                0x0000f830                SM_StartPairing
 .text.SM_VerifyAuthenSig
                0x0000f8f2      0x150 /home/long/github/fingerprint_keyboard/sdk/CH583EVT/EVT/EXAM/BLE/LIB/libCH58xBLE.a(sm.o)
                0x0000f8f2                SM_VerifyAuthenSig
 .text.SM_ProcessEvent
                0x0000fa42       0xb4 /home/long/github/fingerprint_keyboard/sdk/CH583EVT/EVT/EXAM/BLE/LIB/libCH58xBLE.a(sm.o)
                0x0000fa42                SM_ProcessEvent
 .text.SM_ParamInit
                0x0000faf6       0x5a /home/long/github/fingerprint_keyboard/sdk/CH583EVT/EVT/EXAM/BLE/LIB/libCH58xBLE.a(sm.o)
                0x0000faf6                SM_ParamInit
 .text.SM_InitiatorInit
                0x0000fb50       0x1e /home/long/github/fingerprint_keyboard/sdk/CH583EVT/EVT/EXAM/BLE/LIB/libCH58xBLE.a(sm.o)
                0x0000fb50                SM_InitiatorInit
 .text.SM_ResponderInit
                0x0000fb6e       0x1e /home/long/github/fingerprint_keyboard/sdk/CH583EVT/EVT/EXAM/BLE/LIB/libCH58xBLE.a(sm.o)
                0x0000fb6e                SM_ResponderInit
 .text.SM_Init  0x0000fb8c       0x2a /home/long/github/fingerprint_keyboard/sdk/CH583EVT/EVT/EXAM/BLE/LIB/libCH58xBLE.a(sm.o)
                0x0000fb8c                SM_Init
 .text.smpInitiatorProcessPairingRsp
                0x0000fbb6      0x278 /home/long/github/fingerprint_keyboard/sdk/CH583EVT/EVT/EXAM/BLE/LIB/libCH58xBLE.a(sm_initiator.o)
                0x0000fbb6                smpInitiatorProcessPairingRsp
 .text.smInitiatorSendNextKeyInfo